../lib-lightset/include/lightsetdata.h:161:7:void lightset::Data::IOutputClear(LightSet*, uint32_t)	24	static
./include/artnetnode.h:628:11:uint16_t ArtNetNode::MakePortAddress(uint16_t, uint32_t)	0	static
./include/artnetstore.h:97:14:static void ArtNetStore::SaveMergeMode(uint32_t, lightset::MergeMode)	48	static
./include/artnetstore.h:226:14:static void ArtNetStore::SaveUniverse(uint32_t)	32	static
src/node/artnetnodehandleaddress.cpp:43:6:void ArtNetNode::SetLocalMerging()	24	static
src/node/artnetnodehandleaddress.cpp:104:6:void ArtNetNode::SetUniverseSwitch(uint32_t, lightset::PortDir, uint8_t)	32	static
src/node/artnetnodehandleaddress.cpp:90:6:void ArtNetNode::SetUniverse(uint32_t, lightset::PortDir, uint16_t)	8	static
src/node/artnetnodehandleaddress.cpp:175:6:void ArtNetNode::SetSubnetSwitch(uint32_t, uint8_t)	16	static
src/node/artnetnodehandleaddress.cpp:188:6:void ArtNetNode::SetNetSwitch(uint32_t, uint8_t)	16	static
src/node/artnetnodehandleaddress.cpp:202:6:void ArtNetNode::SetMergeMode(uint32_t, lightset::MergeMode)	16	static
src/node/artnetnodehandleaddress.cpp:221:6:void ArtNetNode::SetFailSafe(artnetnode::FailSafe)	40	static
src/node/artnetnodehandleaddress.cpp:278:6:void ArtNetNode::HandleAddress()	24	static
