../lib-dmxnode/include/dmxnodedata.h:68:17:static void dmxnode::Data::Clear(uint32_t)	4	static
../lib-dmxnode/include/dmxnodedata.h:72:21:static uint32_t dmxnode::Data::GetLength(uint32_t)	0	static
../lib-dmxnode/include/dmxnodedata.h:74:27:static const uint8_t* dmxnode::Data::Backup(uint32_t)	0	static
../lib-pixeldmx/include/pixeldmxmulti.h:105:10:void PixelDmxMulti::Start(uint32_t)	0	static
../lib-pixeldmx/include/pixeldmxmulti.h:271:10:void PixelDmxMulti::SetData(uint32_t, const uint8_t*, uint32_t)	168	static
../lib-configstore/include/configstore.h:578:10:bool ConfigStore::Flash()	24	static
../lib-configstore/include/configstore.h:529:17:static void ConfigStore::Timer(TimerHandle_t)	8	static
../lib-artnet/include/artnetnode4_inline_impl.h:38:13:void ArtNetNode::SetUniverse4(uint32_t)	4	static
../lib-artnet/include/artnetnode4_inline_impl.h:81:13:void ArtNetNode::SetPortProtocol4(uint32_t, artnet::PortProtocol)	32	static
src/node/artnetnodehandleaddress.cpp:42:6:void ArtNetNode::SetSwitch(uint32_t, uint8_t)	16	static
../lib-pixeldmx/include/pixeldmxmulti.h:155:35:void PixelDmxMulti::SetData(uint32_t, const uint8_t*, uint32_t) [with bool doUpdate = true]	24	static
../lib-dmxnode/include/dmxnode_data.h:42:13:void dmxnode::DataOutput(DmxNodeOutputType*, uint32_t)	16	static
src/node/artnetnodehandleaddress.cpp:65:6:void ArtNetNode::HandleAddress()	24	static
