../lib-properties/include/propertiesbuilder.h:41:7:bool PropertiesBuilder::Add(const char*, T, bool, int) [with T = const char*]	24	static
../lib-properties/include/propertiesbuilder.h:36:7:bool PropertiesBuilder::Add(const char*, bool)	24	static
../include/string.h:40:12:int memcmp(const void*, const void*, size_t)	8	static
./include/artnetparams.h:129:14:static void ArtNetParamsStore::Copy(artnetparams::Params*)	16	static
src/node/artnetparams.cpp:80:1:ArtNetParams::ArtNetParams()	16	static
src/node/artnetparams.cpp:104:6:bool ArtNetParams::Load()	8	static
src/node/artnetparams.cpp:122:6:void ArtNetParams::Load(const char*, uint32_t)	48	static
src/node/artnetparams.cpp:143:6:void ArtNetParams::SetBool(uint8_t, uint32_t)	0	static
src/node/artnetparams.cpp:151:6:void ArtNetParams::callbackFunction(const char*)	112	static
src/node/artnetparams.cpp:515:6:static void ArtNetParams::staticCallbackFunction(void*, const char*)	0	static
src/node/artnetparams.cpp:344:6:void ArtNetParams::Builder(const artnetparams::Params*, char*, uint32_t, uint32_t&)	72	static
src/node/artnetparams.cpp:437:6:void ArtNetParams::Set()	48	static
src/node/artnetparams.cpp:522:6:void ArtNetParams::Dump()	40	static
