../lib-configstore/include/configstore.h:523:10:void ConfigStore::SetStatusChanged()	8	static
../lib-pixeldmx/include/pixeldmxmulti.h:185:10:void PixelDmxMulti::Sync(uint32_t)	0	static
../include/string.h:120:14:char* strncpy(char*, const char*, size_t)	0	static
../lib-dmxnode/include/dmxnode.h:333:10:void DmxNode::SetShortNameDefault(uint32_t)	16	static
../lib-dmxnode/include/dmxnode.h:316:21:static DmxNode& DmxNode::Instance()	16	static
../lib-dmxnode/include/dmxnodedata.h:60:17:static void dmxnode::Data::SetSourceA(uint32_t, const uint8_t*, uint32_t)	32	static
../lib-dmxnode/include/dmxnodedata.h:62:17:static void dmxnode::Data::MergeSourceA(uint32_t, const uint8_t*, uint32_t, dmxnode::MergeMode)	36	static
../lib-dmxnode/include/dmxnodedata.h:64:17:static void dmxnode::Data::SetSourceB(uint32_t, const uint8_t*, uint32_t)	32	static
../lib-dmxnode/include/dmxnodedata.h:66:17:static void dmxnode::Data::MergeSourceB(uint32_t, const uint8_t*, uint32_t, dmxnode::MergeMode)	36	static
../lib-dmxnode/include/dmxnodedata.h:70:17:static void dmxnode::Data::ClearLength(uint32_t)	0	static
../lib-dmxnode/include/dmxnodedata.h:72:21:static uint32_t dmxnode::Data::GetLength(uint32_t)	0	static
../lib-dmxnode/include/dmxnodedata.h:74:27:static const uint8_t* dmxnode::Data::Backup(uint32_t)	0	static
../lib-pixeldmx/include/pixeldmxmulti.h:105:10:void PixelDmxMulti::Start(uint32_t)	0	static
../lib-pixeldmx/include/pixeldmxmulti.h:127:10:void PixelDmxMulti::Stop(uint32_t)	4	static
../lib-pixeldmx/include/pixeldmxmulti.h:194:10:void PixelDmxMulti::Sync()	8	static
src/node/artnetnode.cpp:1198:6:0()	8	static
../lib-pixeldmx/include/pixeldmxmulti.h:215:10:void PixelDmxMulti::Blackout(bool)	16	static
../lib-pixeldmx/include/pixeldmxmulti.h:234:10:void PixelDmxMulti::FullOn()	8	static
../lib-pixeldmx/include/pixeldmxmulti.h:271:10:void PixelDmxMulti::SetData(uint32_t, const uint8_t*, uint32_t)	168	static
../lib-configstore/include/configstore.h:578:10:bool ConfigStore::Flash()	24	static
../lib-configstore/include/configstore.h:529:17:static void ConfigStore::Timer(TimerHandle_t)	8	static
src/node/artnetnode.cpp:149:6:void ArtNetNode::Start()	16	static
src/node/artnetnode.cpp:225:6:void ArtNetNode::Stop()	24	static
src/node/artnetnode.cpp:265:6:void ArtNetNode::GetLongNameDefault(char*)	32	static
src/node/artnetnode.cpp:292:6:void ArtNetNode::SetLongName(const char*)	16	static
src/node/artnetnode.cpp:319:6:void ArtNetNode::SetShortName(uint32_t, const char*)	32	static
src/node/artnetnode.cpp:68:1:ArtNetNode::ArtNetNode()	24	static
src/node/artnetnode.cpp:333:13:const char* ArtNetNode::GetShortName(uint32_t) const	8	static
src/node/artnetnode.cpp:338:6:void ArtNetNode::SetLocalMerging()	20	static
src/node/artnetnode.cpp:390:6:void ArtNetNode::SetUniverse(uint32_t, uint16_t)	8	static
src/node/artnetnode.cpp:422:6:void ArtNetNode::SetDirection(uint32_t, dmxnode::PortDirection)	32	static
src/node/artnetnode.cpp:500:6:void ArtNetNode::SetMergeMode(uint32_t, dmxnode::MergeMode)	32	static
src/node/artnetnode.cpp:524:6:void ArtNetNode::SetFailSafe(artnet::FailSafe)	16	static
src/node/artnetnode.cpp:628:6:void ArtNetNode::SetNetworkDataLossCondition()	16	static
src/node/artnetnode.cpp:694:6:void ArtNetNode::Print()	32	static
src/node/artnetnode.cpp:767:6:void ArtNetNode::HandleTimeSync()	0	static
src/node/artnetnode.cpp:953:6:void ArtNetNode::UpdateMergeStatus(uint32_t)	0	static
src/node/artnetnode.cpp:964:6:void ArtNetNode::CheckMergeTimeouts(uint32_t)	8	static
src/node/artnetnode.cpp:1198:6:void ArtNetNode::HandleSync()	0	static
../include/algorithm:51:10:const T& std::min(const T&, const T&) [with T = long unsigned int]	0	static
../lib-pixeldmx/include/pixeldmxmulti.h:155:35:void PixelDmxMulti::SetData(uint32_t, const uint8_t*, uint32_t) [with bool doUpdate = false]	8	static
../lib-pixeldmx/include/pixeldmxmulti.h:155:35:void PixelDmxMulti::SetData(uint32_t, const uint8_t*, uint32_t) [with bool doUpdate = true]	24	static
src/node/artnetnode.cpp:997:6:void ArtNetNode::HandleDmx()	56	static
src/node/artnetnode.cpp:811:6:void ArtNetNode::InputUdp(const uint8_t*, uint32_t, uint32_t, uint16_t)	24	static
../lib-artnet/include/artnetnode.h:339:17:static void ArtNetNode::StaticCallbackFunction(const uint8_t*, uint32_t, uint32_t, uint16_t)	16	static
