Archive member included to satisfy reference by file (symbol)

../lib-remoteconfig/lib_gd32/libremoteconfig.a(remoteconfig.o)
                              build_gd32/firmware/main.o (RemoteConfig::RemoteConfig(remoteconfig::Output, unsigned long))
../lib-remoteconfig/lib_gd32/libremoteconfig.a(remoteconfig.o)
                              ../lib-remoteconfig/lib_gd32/libremoteconfig.a(remoteconfig.o) (RemoteConfig::PlatformHandleTftpSet())
../lib-remoteconfig/lib_gd32/libremoteconfig.a(remoteconfigparams.o)
                              ../lib-remoteconfig/lib_gd32/libremoteconfig.a(remoteconfig.o) (json::RemoteConfigParams::RemoteConfigParams())
../lib-remoteconfig/lib_gd32/libremoteconfig.a(httpdhandlerequest.o)
                              ../lib-remoteconfig/lib_gd32/libremoteconfig.a(remoteconfig.o) (HttpDeamonHandleRequest::HandleRequest(unsigned long, char*))
../lib-remoteconfig/lib_gd32/libremoteconfig.a(html_infos.o)
                              ../lib-remoteconfig/lib_gd32/libremoteconfig.a(httpdhandlerequest.o) (html::GetFileIndex(char const*))
../lib-remoteconfig/lib_gd32/libremoteconfig.a(json_infos.o)
                              ../lib-remoteconfig/lib_gd32/libremoteconfig.a(httpdhandlerequest.o) (json::GetFileIndex(char const*))
../lib-remoteconfig/lib_gd32/libremoteconfig.a(khtmlinfos.o)
                              ../lib-remoteconfig/lib_gd32/libremoteconfig.a(html_infos.o) (html::kHtmlInfosSize)
../lib-remoteconfig/lib_gd32/libremoteconfig.a(kjsoninfos.o)
                              ../lib-remoteconfig/lib_gd32/libremoteconfig.a(json_infos.o) (json::kFileInfosSize)
../lib-remoteconfig/lib_gd32/libremoteconfig.a(json_config_remoteconfig.o)
                              ../lib-remoteconfig/lib_gd32/libremoteconfig.a(kjsoninfos.o) (json::config::GetRemoteConfig(char*, unsigned long))
../lib-remoteconfig/lib_gd32/libremoteconfig.a(get_file_content.o)
                              ../lib-remoteconfig/lib_gd32/libremoteconfig.a(httpdhandlerequest.o) (GetFileContent(char const*, unsigned long&, http::contentTypes&))
../lib-remoteconfig/lib_gd32/libremoteconfig.a(json_action.o)
                              ../lib-remoteconfig/lib_gd32/libremoteconfig.a(kjsoninfos.o) (json::action::Set(char const*, unsigned long))
../lib-remoteconfig/lib_gd32/libremoteconfig.a(json_config_getdirectory.o)
                              ../lib-remoteconfig/lib_gd32/libremoteconfig.a(kjsoninfos.o) (json::config::GetDirectory(char*, unsigned long))
../lib-remoteconfig/lib_gd32/libremoteconfig.a(json_datetime.o)
                              ../lib-remoteconfig/lib_gd32/libremoteconfig.a(kjsoninfos.o) (json::GetTimeofday(char*, unsigned long))
../lib-remoteconfig/lib_gd32/libremoteconfig.a(json_getlist.o)
                              ../lib-remoteconfig/lib_gd32/libremoteconfig.a(kjsoninfos.o) (json::GetList(char*, unsigned long))
../lib-remoteconfig/lib_gd32/libremoteconfig.a(json_getuptime.o)
                              ../lib-remoteconfig/lib_gd32/libremoteconfig.a(kjsoninfos.o) (json::GetUptime(char*, unsigned long))
../lib-remoteconfig/lib_gd32/libremoteconfig.a(json_getversion.o)
                              ../lib-remoteconfig/lib_gd32/libremoteconfig.a(kjsoninfos.o) (json::GetVersion(char*, unsigned long))
../lib-remoteconfig/lib_gd32/libremoteconfig.a(json_status_display.o)
                              ../lib-remoteconfig/lib_gd32/libremoteconfig.a(kjsoninfos.o) (json::status::Display(char*, unsigned long))
../lib-remoteconfig/lib_gd32/libremoteconfig.a(json_status_identify.o)
                              ../lib-remoteconfig/lib_gd32/libremoteconfig.a(kjsoninfos.o) (json::status::Identify(char*, unsigned long))
../lib-dmxnode/lib_gd32/libdmxnode.a(dmxnodeparams.o)
                              build_gd32/firmware/main.o (json::DmxNodeParams::DmxNodeParams())
../lib-dmxnode/lib_gd32/libdmxnode.a(json_config_dmxnode.o)
                              ../lib-remoteconfig/lib_gd32/libremoteconfig.a(kjsoninfos.o) (json::config::GetDmxNode(char*, unsigned long))
../lib-artnet/lib_gd32/libartnet.a(artnetnode.o)
                              build_gd32/firmware/main.o (ArtNetNode::Start())
../lib-artnet/lib_gd32/libartnet.a(artnetnodehandleaddress.o)
                              ../lib-artnet/lib_gd32/libartnet.a(artnetnode.o) (ArtNetNode::HandleAddress())
../lib-artnet/lib_gd32/libartnet.a(artnetnodehandleipprog.o)
                              build_gd32/firmware/main.o (memcmp)
../lib-artnet/lib_gd32/libartnet.a(artnetnodehandlepoll.o)
                              build_gd32/firmware/main.o (ArtNetNode::SendPollReply(unsigned long, unsigned long, artnet::ArtPollQueue*))
../lib-artnet/lib_gd32/libartnet.a(artnetparams.o)
                              build_gd32/firmware/main.o (json::ArtNetParams::ArtNetParams())
../lib-artnet/lib_gd32/libartnet.a(json_config_artnet.o)
[...]
Memory Configuration

Name             Origin             Length             Attributes
FLASH            0x08008000         0x0002ac00         xr
TCMSRAM          0x10000000         0x00010000         rw
RAM              0x20000000         0x0001c000         xrw
RAM1             0x2001c000         0x00004000         xrw
RAM2             0x20020000         0x00010000         xrw
RAMADD           0x20030000         0x00000000         xrw
BKPSRAM          0x40024000         0x00001000         rw
*default*        0x00000000         0xffffffff

Linker script and memory map

LOAD build_gd32/startup_gd32f470.o
LOAD build_gd32/hardfault_handler.o
LOAD build_gd32/firmware/main.o
                0x00002000                        __heap_size = DEFINED (__heap_size)?__heap_size:0x2000
                0x00006000                        __stack_size = DEFINED (__stack_size)?__stack_size:0x6000

.vectors        0x08008000      0x1ac
                0x08008000                        . = ALIGN (0x4)
 *(.vectors)
 .vectors       0x08008000      0x1ac build_gd32/startup_gd32f470.o
                0x08008000                __gVectors
                0x080081ac                        . = ALIGN (0x4)
                0x080081ac                        __Vectors_End = .
                0x080081ac                        __Vectors_Size = (__Vectors_End - __gVectors)

.text           0x080081ac    0x15950
                0x080081ac                        . = ALIGN (0x4)
 *(.text.unlikely*)
 .text.unlikely._ZN7network3tcp4InitEv
                0x080081ac       0x34 ../lib-network/lib_gd32/libnetwork.a(tcp.o)
                0x080081ac                network::tcp::Init()
 .text.unlikely._ZN7network3udp4InitEv
                0x080081e0       0x10 ../lib-network/lib_gd32/libnetwork.a(udp.o)
                0x080081e0                network::udp::Init()
 .text.unlikely._ZN7network3arp4InitEv
                0x080081f0       0xf8 ../lib-network/lib_gd32/libnetwork.a(arp.o)
                0x080081f0                network::arp::Init()
 .text.unlikely._ZN7network4igmp4InitEv
                0x080082e8       0xb0 ../lib-network/lib_gd32/libnetwork.a(igmp.o)
                0x080082e8                network::igmp::Init()
 .text.unlikely._ZN7network4igmp8ShutdownEv
                0x08008398       0x24 ../lib-network/lib_gd32/libnetwork.a(igmp.o)
                0x08008398                network::igmp::Shutdown()
 .text.unlikely._ZN3net4emac6ConfigEv
                0x080083bc       0x48 ../lib-network/lib_gd32/libnetwork.a(emac.o)
                0x080083bc                net::emac::Config()
 .text.unlikely._ZN3net4emac5StartEPhRNS_3phy4LinkE
                0x08008404       0x5c ../lib-network/lib_gd32/libnetwork.a(emac.o)
                0x08008404                net::emac::Start(unsigned char*, net::phy::Link&)
 .text.unlikely._ZN7console4InitEv
                0x08008460       0x16 ../lib-hal/lib_gd32/libhal.a(console.o)
                0x08008460                console::Init()
 *(.text.hot*)
 *fill*         0x08008476        0x2 
 .text.hot._ZN7network3tcp3RunEv
                0x08008478      0x220 ../lib-network/lib_gd32/libnetwork.a(tcp.o)
                0x08008478                network::tcp::Run()
 .text.hot._ZN7network3tcp5InputEPNS0_6HeaderE
                0x08008698      0x650 ../lib-network/lib_gd32/libnetwork.a(tcp.o)
                0x08008698                network::tcp::Input(network::tcp::Header*)
 .text.hot._ZN7network3udp5InputEPKNS0_6HeaderE
                0x08008ce8       0x94 ../lib-network/lib_gd32/libnetwork.a(udp.o)
                0x08008ce8                network::udp::Input(network::udp::Header const*)
 .text.hot._ZN7network3arp5InputEPKNS0_6HeaderE
                0x08008d7c      0x160 ../lib-network/lib_gd32/libnetwork.a(arp.o)
                0x08008d7c                network::arp::Input(network::arp::Header const*)
 .text.hot._ZN7network4icmp5InputEPNS0_6HeaderE
                0x08008edc      0x108 ../lib-network/lib_gd32/libnetwork.a(icmp.o)
                0x08008edc                network::icmp::Input(network::icmp::Header*)
 .text.hot._ZN7network4igmp5InputEPKNS0_6HeaderE
                0x08008fe4       0xb8 ../lib-network/lib_gd32/libnetwork.a(igmp.o)
                0x08008fe4                network::igmp::Input(network::igmp::Header const*)
 *(.text)
 .text          0x0800909c      0x378 /Users/arjanvanvught/Library/xPacks/@xpack-dev-tools/arm-none-eabi-gcc/14.2.1-1.1.1/.content/bin/../lib/gcc/arm-none-eabi/14.2.1/thumb/v7e-m+fp/hard/libgcc.a(_arm_addsubdf3.o)
                0x0800909c                __aeabi_drsub
                0x080090a4                __subdf3
                0x080090a4                __aeabi_dsub
                0x080090a8                __aeabi_dadd
                0x080090a8                __adddf3
                0x08009320                __aeabi_ui2d
                0x08009320                __floatunsidf
                0x08009340                __floatsidf
                0x08009340                __aeabi_i2d
                0x08009364                __extendsfdf2
                0x08009364                __aeabi_f2d
                0x080093a8                __aeabi_ul2d
                0x080093a8                __floatundidf
                0x080093b8                __aeabi_l2d
                0x080093b8                __floatdidf
 .text          0x08009414       0xa0 /Users/arjanvanvught/Library/xPacks/@xpack-dev-tools/arm-none-eabi-gcc/14.2.1-1.1.1/.content/bin/../lib/gcc/arm-none-eabi/14.2.1/thumb/v7e-m+fp/hard/libgcc.a(_arm_truncdfsf2.o)
                0x08009414                __aeabi_d2f
                0x08009414                __truncdfsf2
 .text          0x080094b4       0x30 /Users/arjanvanvught/Library/xPacks/@xpack-dev-tools/arm-none-eabi-gcc/14.2.1-1.1.1/.content/bin/../lib/gcc/arm-none-eabi/14.2.1/thumb/v7e-m+fp/hard/libgcc.a(_aeabi_uldivmod.o)
                0x080094b4                __aeabi_uldivmod
 .text          0x080094e4        0x4 /Users/arjanvanvught/Library/xPacks/@xpack-dev-tools/arm-none-eabi-gcc/14.2.1-1.1.1/.content/bin/../lib/gcc/arm-none-eabi/14.2.1/thumb/v7e-m+fp/hard/libgcc.a(_dvmd_tls.o)
                0x080094e4                __aeabi_ldiv0
                0x080094e4                __aeabi_idiv0
 *(.text*)
 .text.Reset_Handler
                0x080094e8       0x54 build_gd32/startup_gd32f470.o
                0x080094e8                Reset_Handler
 .text.Default_Handler
                0x0800953c        0x2 build_gd32/startup_gd32f470.o
                0x0800953c                USBHS_EP1_Out_IRQHandler
                0x0800953c                EXTI2_IRQHandler
                0x0800953c                TIMER2_IRQHandler
                0x0800953c                DebugMon_Handler
                0x0800953c                LVD_IRQHandler
                0x0800953c                SPI4_IRQHandler
                0x0800953c                CAN1_EWMC_IRQHandler
                0x0800953c                TIMER7_UP_TIMER12_IRQHandler
                0x0800953c                SDIO_IRQHandler
                0x0800953c                PendSV_Handler
                0x0800953c                NMI_Handler
                0x0800953c                EXTI3_IRQHandler
                0x0800953c                DCI_IRQHandler
                0x0800953c                USBFS_WKUP_IRQHandler
                0x0800953c                USBHS_IRQHandler
                0x0800953c                IPA_IRQHandler
                0x0800953c                TIMER5_DAC_IRQHandler
                0x0800953c                USBFS_IRQHandler
                0x0800953c                DMA0_Channel6_IRQHandler
                0x0800953c                I2C0_EV_IRQHandler
                0x0800953c                EXTI0_IRQHandler
                0x0800953c                I2C2_EV_IRQHandler
                0x0800953c                CAN1_RX0_IRQHandler
                0x0800953c                FPU_IRQHandler
                0x0800953c                TIMER7_TRG_CMT_TIMER13_IRQHandler
                0x0800953c                UsageFault_Handler
                0x0800953c                SPI1_IRQHandler
                0x0800953c                DMA0_Channel0_IRQHandler
                0x0800953c                USART5_IRQHandler
                0x0800953c                TIMER0_BRK_TIMER8_IRQHandler
                0x0800953c                TIMER7_BRK_TIMER11_IRQHandler
                0x0800953c                DMA1_Channel4_IRQHandler
                0x0800953c                I2C0_ER_IRQHandler
                0x0800953c                TLI_IRQHandler
                0x0800953c                TIMER0_UP_TIMER9_IRQHandler
                0x0800953c                DMA1_Channel7_IRQHandler
                0x0800953c                CAN1_RX1_IRQHandler
                0x0800953c                DMA0_Channel2_IRQHandler
                0x0800953c                USART0_IRQHandler
                0x0800953c                I2C1_EV_IRQHandler
                0x0800953c                UART4_IRQHandler
                0x0800953c                DMA1_Channel1_IRQHandler
                0x0800953c                Default_Handler
                0x0800953c                TIMER7_Channel_IRQHandler
                0x0800953c                DMA0_Channel7_IRQHandler
                0x0800953c                ADC_IRQHandler
                0x0800953c                CAN0_TX_IRQHandler
                0x0800953c                WWDGT_IRQHandler
                0x0800953c                EXMC_IRQHandler
                0x0800953c                SPI5_IRQHandler
                0x0800953c                TAMPER_STAMP_IRQHandler
                0x0800953c                RTC_WKUP_IRQHandler
                0x0800953c                SPI2_IRQHandler
                0x0800953c                MemManage_Handler
                0x0800953c                CAN1_TX_IRQHandler
                0x0800953c                SVC_Handler
                0x0800953c                RCU_CTC_IRQHandler
                0x0800953c                DMA1_Channel5_IRQHandler
                0x0800953c                EXTI4_IRQHandler
                0x0800953c                CAN0_RX1_IRQHandler
                0x0800953c                DMA0_Channel5_IRQHandler
                0x0800953c                DMA1_Channel3_IRQHandler
                0x0800953c                EXTI5_9_IRQHandler
                0x0800953c                DMA0_Channel1_IRQHandler
                0x0800953c                TIMER0_Channel_IRQHandler
                0x0800953c                EXTI1_IRQHandler
                0x0800953c                ENET_WKUP_IRQHandler
                0x0800953c                USBHS_EP1_In_IRQHandler
                0x0800953c                SPI0_IRQHandler
                0x0800953c                UART7_IRQHandler
                0x0800953c                USART2_IRQHandler
                0x0800953c                UART6_IRQHandler
                0x0800953c                CAN0_EWMC_IRQHandler
                0x0800953c                CAN0_RX0_IRQHandler
                0x0800953c                I2C2_ER_IRQHandler
                0x0800953c                DMA1_Channel2_IRQHandler
                0x0800953c                TLI_ER_IRQHandler
                0x0800953c                BusFault_Handler
                0x0800953c                USART1_IRQHandler
                0x0800953c                SPI3_IRQHandler
                0x0800953c                UART3_IRQHandler
                0x0800953c                I2C1_ER_IRQHandler
                0x0800953c                FMC_IRQHandler
                0x0800953c                USBHS_WKUP_IRQHandler
                0x0800953c                DMA0_Channel4_IRQHandler
                0x0800953c                TRNG_IRQHandler
                0x0800953c                ENET_IRQHandler
                0x0800953c                RTC_Alarm_IRQHandler
 .text.HardFault_Handler
                0x0800953e       0x16 build_gd32/hardfault_handler.o
                0x0800953e                HardFault_Handler
 .text.HardfaultHandler
                0x08009554      0x114 build_gd32/hardfault_handler.o
                0x08009554                HardfaultHandler
 .text._ZN11ConfigStore5TimerEl
                0x08009668       0xb0 build_gd32/firmware/main.o
                0x08009668                ConfigStore::Timer(long)
 .text._ZN5pixel9GetColourEhhh.constprop.0
                0x08009718        0x8 build_gd32/firmware/main.o
 .text._ZN10LLRPDevice22StaticCallbackFunctionEPKhmmt
                0x08009720       0x34 build_gd32/firmware/main.o
                0x08009720                LLRPDevice::StaticCallbackFunction(unsigned char const*, unsigned long, unsigned long, unsigned short)
 .text._ZNK5pixel12PixelColours4BlueEv.isra.0
                0x08009754        0x4 build_gd32/firmware/main.o
 .text._ZNK5pixel12PixelColours5GreenEv.isra.0
                0x08009758        0x8 build_gd32/firmware/main.o
 .text._ZNK5pixel12PixelColours3RedEv.isra.0
                0x08009760        0x8 build_gd32/firmware/main.o
 .text._ZN13PixelDmxMulti5PrintEv.isra.0
                0x08009768      0x1d0 build_gd32/firmware/main.o
 .text._ZNK21PixelDmxConfiguration16GetGroupingCountEv.isra.0
                0x08009938        0x4 build_gd32/firmware/main.o
 .text._ZNK21PixelDmxConfiguration14GetOutputPortsEv.isra.0
                0x0800993c        0x4 build_gd32/firmware/main.o
 .text._ZNK18PixelConfiguration6GetMapEv.isra.0
                0x08009940        0x4 build_gd32/firmware/main.o
 .text._ZNK18PixelConfiguration8GetCountEv.isra.0
                0x08009944        0x4 build_gd32/firmware/main.o
 .text._ZNK18PixelConfiguration7GetTypeEv.isra.0
                0x08009948        0x4 build_gd32/firmware/main.o
 .text._ZN12DmxConfigUdp22StaticCallbackFunctionEPKhmmt
                0x0800994c       0xbc build_gd32/firmware/main.o
                0x0800994c                DmxConfigUdp::StaticCallbackFunction(unsigned char const*, unsigned long, unsigned long, unsigned short)
 .text._ZN12DmxConfigUdp9HandleMabEPKhm
                0x08009a08       0x50 build_gd32/firmware/main.o
                0x08009a08                DmxConfigUdp::HandleMab(unsigned char const*, unsigned long)
 .text._ZN12DmxConfigUdp11HandleBreakEPKhm
                0x08009a58       0x48 build_gd32/firmware/main.o
                0x08009a58                DmxConfigUdp::HandleBreak(unsigned char const*, unsigned long)
 .text._ZN12DmxConfigUdp13HandleRefreshEPKhm
                0x08009aa0       0x50 build_gd32/firmware/main.o
                0x08009aa0                DmxConfigUdp::HandleRefresh(unsigned char const*, unsigned long)
 .text._ZN12DmxConfigUdp11HandleSlotsEPKhm
                0x08009af0       0x4c build_gd32/firmware/main.o
                0x08009af0                DmxConfigUdp::HandleSlots(unsigned char const*, unsigned long)
 .text._ZN5pixel14SetPixelColourEmm.constprop.0
                0x08009b3c      0x2e4 build_gd32/firmware/main.o
 .text._Z12Gd32GpioFselmm
                0x08009e20       0xe8 build_gd32/firmware/main.o
                0x08009e20                Gd32GpioFsel(unsigned long, unsigned long)
 .text._Z11Gd32GpioClrm
                0x08009f08       0x44 build_gd32/firmware/main.o
                0x08009f08                Gd32GpioClr(unsigned long)
 .text._ZN7Display6PrintfEmPKcz
                0x08009f4c       0x38 build_gd32/firmware/main.o
                0x08009f4c                Display::Printf(unsigned long, char const*, ...)
 .text._ZN7Display10TextStatusEPKc
                0x08009f84       0x84 build_gd32/firmware/main.o
                0x08009f84                Display::TextStatus(char const*)
 .text._ZN18PixelConfiguration3GetEv
                0x0800a008        0xc build_gd32/firmware/main.o
                0x0800a008                PixelConfiguration::Get()
 .text._ZN21PixelDmxConfiguration3GetEv
                0x0800a014        0xc build_gd32/firmware/main.o
                0x0800a014                PixelDmxConfiguration::Get()
 .text._ZN13PixelDmxMulti8BlackoutEb
                0x0800a020       0x2c build_gd32/firmware/main.o
                0x0800a020                PixelDmxMulti::Blackout(bool)
 .text._ZN13PixelDmxMulti3GetEv
                0x0800a04c        0xc build_gd32/firmware/main.o
                0x0800a04c                PixelDmxMulti::Get()
 .text._ZN11ConfigStoreC2Ev
                0x0800a058      0x1a4 build_gd32/firmware/main.o
                0x0800a058                ConfigStore::ConfigStore()
                0x0800a058                ConfigStore::ConfigStore()
 .text._ZN5pixel9GetColourEhhh
                0x0800a1fc        0xc build_gd32/firmware/main.o
                0x0800a1fc                pixel::GetColour(unsigned char, unsigned char, unsigned char)
 .text._ZN5pixel12PixelColoursC2Em
                0x0800a208        0x4 build_gd32/firmware/main.o
                0x0800a208                pixel::PixelColours::PixelColours(unsigned long)
                0x0800a208                pixel::PixelColours::PixelColours(unsigned long)
 .text._ZN5pixel14SetPixelColourEmmm
                0x0800a20c      0x76c build_gd32/firmware/main.o
                0x0800a20c                pixel::SetPixelColour(unsigned long, unsigned long, unsigned long)
 .text._ZN5pixel14SetPixelColourEmm
                0x0800a978      0x7f8 build_gd32/firmware/main.o
                0x0800a978                pixel::SetPixelColour(unsigned long, unsigned long)
 .text._ZN5pixel10IsUpdatingEv
                0x0800b170        0xc build_gd32/firmware/main.o
                0x0800b170                pixel::IsUpdating()
 .text._ZN5pixel6UpdateEv
                0x0800b17c        0xc build_gd32/firmware/main.o
                0x0800b17c                pixel::Update()
 .text._ZN16PixelTestPattern10SetPatternEN13pixelpatterns7PatternE
                0x0800b188      0x14c build_gd32/firmware/main.o
                0x0800b188                PixelTestPattern::SetPattern(pixelpatterns::Pattern)
 .text._ZN20ArtNetTriggerHandler22StaticCallbackFunctionEPK13ArtNetTrigger
                0x0800b2d4      0x108 build_gd32/firmware/main.o
                0x0800b2d4                ArtNetTriggerHandler::StaticCallbackFunction(ArtNetTrigger const*)
 .text._ZN9RdmDevice4InitEv
                0x0800b3dc      0x108 build_gd32/firmware/main.o
                0x0800b3dc                RdmDevice::Init()
 .text._ZN9RdmDevice5PrintEv
                0x0800b4e4       0xa8 build_gd32/firmware/main.o
                0x0800b4e4                RdmDevice::Print()
 .text._ZN23HttpDeamonHandleRequestC2Ev
                0x0800b58c       0x34 build_gd32/firmware/main.o
                0x0800b58c                HttpDeamonHandleRequest::HttpDeamonHandleRequest()
                0x0800b58c                HttpDeamonHandleRequest::HttpDeamonHandleRequest()
 .text._ZN3hal13RebootHandlerEv
                0x0800b5c0       0x28 build_gd32/firmware/main.o
                0x0800b5c0                hal::RebootHandler()
 .text._ZSt3minImERKT_S2_S2_
                0x0800b5e8        0xc build_gd32/firmware/main.o
                0x0800b5e8                unsigned long const& std::min<unsigned long>(unsigned long const&, unsigned long const&)
 .text._ZN13PixelDmxMultiC2Ev
                0x0800b5f4      0x440 build_gd32/firmware/main.o
                0x0800b5f4                PixelDmxMulti::PixelDmxMulti()
                0x0800b5f4                PixelDmxMulti::PixelDmxMulti()
 .text.startup.main
                0x0800ba34      0x950 build_gd32/firmware/main.o
                0x0800ba34                main
 .text.startup._GLOBAL__sub_I__ZN3hal13RebootHandlerEv
                0x0800c384       0x2c build_gd32/firmware/main.o
 .text._ZN10HttpDaemon5InputEmPKhm
                0x0800c3b0       0x20 ../lib-remoteconfig/lib_gd32/libremoteconfig.a(remoteconfig.o)
                0x0800c3b0                HttpDaemon::Input(unsigned long, unsigned char const*, unsigned long)
 .text._ZN12RemoteConfig13HandleFactoryEv
                0x0800c3d0        0x4 ../lib-remoteconfig/lib_gd32/libremoteconfig.a(remoteconfig.o)
                0x0800c3d0                RemoteConfig::HandleFactory()
 .text._ZN12RemoteConfig12HandleUptimeEv
                0x0800c3d4       0x30 ../lib-remoteconfig/lib_gd32/libremoteconfig.a(remoteconfig.o)
                0x0800c3d4                RemoteConfig::HandleUptime()
 .text._ZN12RemoteConfig13HandleVersionEv
                0x0800c404       0x30 ../lib-remoteconfig/lib_gd32/libremoteconfig.a(remoteconfig.o)
                0x0800c404                RemoteConfig::HandleVersion()
 .text._ZN12RemoteConfig16HandleDisplayGetEv
                0x0800c434       0x48 ../lib-remoteconfig/lib_gd32/libremoteconfig.a(remoteconfig.o)
                0x0800c434                RemoteConfig::HandleDisplayGet()
 .text._ZN12RemoteConfig13HandleTftpGetEv
                0x0800c47c       0x44 ../lib-remoteconfig/lib_gd32/libremoteconfig.a(remoteconfig.o)
                0x0800c47c                RemoteConfig::HandleTftpGet()
 .text._ZN12RemoteConfig10HandleListEv
                0x0800c4c0       0xb8 ../lib-remoteconfig/lib_gd32/libremoteconfig.a(remoteconfig.o)
                0x0800c4c0                RemoteConfig::HandleList()
 .text._ZN11ConfigStore5FlashEv
                0x0800c578       0x84 ../lib-remoteconfig/lib_gd32/libremoteconfig.a(remoteconfig.o)
                0x0800c578                ConfigStore::Flash()
 .text._ZN7Display8SetSleepEb
                0x0800c5fc       0x28 ../lib-remoteconfig/lib_gd32/libremoteconfig.a(remoteconfig.o)
                0x0800c5fc                Display::SetSleep(bool)
 .text._ZN12RemoteConfig13HandleTftpSetEv
                0x0800c624       0x34 ../lib-remoteconfig/lib_gd32/libremoteconfig.a(remoteconfig.o)
                0x0800c624                RemoteConfig::HandleTftpSet()
 .text._ZN12RemoteConfig12HandleRebootEv
                0x0800c658       0x30 ../lib-remoteconfig/lib_gd32/libremoteconfig.a(remoteconfig.o)
                0x0800c658                RemoteConfig::HandleReboot()
 .text._ZN12RemoteConfig16HandleDisplaySetEv
                0x0800c688       0x24 ../lib-remoteconfig/lib_gd32/libremoteconfig.a(remoteconfig.o)
                0x0800c688                RemoteConfig::HandleDisplaySet()
 .text._ZN12RemoteConfigC2EN12remoteconfig6OutputEm
                0x0800c6ac       0xd8 ../lib-remoteconfig/lib_gd32/libremoteconfig.a(remoteconfig.o)
                0x0800c6ac                RemoteConfig::RemoteConfig(remoteconfig::Output, unsigned long)
                0x0800c6ac                RemoteConfig::RemoteConfig(remoteconfig::Output, unsigned long)
 .text._ZN12RemoteConfig14SetDisplayNameEPKc
                0x0800c784       0x8c ../lib-remoteconfig/lib_gd32/libremoteconfig.a(remoteconfig.o)
                0x0800c784                RemoteConfig::SetDisplayName(char const*)
 .text._ZN12RemoteConfig5InputEPKhmmt
                0x0800c810      0x100 ../lib-remoteconfig/lib_gd32/libremoteconfig.a(remoteconfig.o)
                0x0800c810                RemoteConfig::Input(unsigned char const*, unsigned long, unsigned long, unsigned short)
 .text._ZN12RemoteConfig22StaticCallbackFunctionEPKhmmt
                0x0800c910       0x1c ../lib-remoteconfig/lib_gd32/libremoteconfig.a(remoteconfig.o)
                0x0800c910                RemoteConfig::StaticCallbackFunction(unsigned char const*, unsigned long, unsigned long, unsigned short)
 .text.startup._GLOBAL__sub_I__ZN12RemoteConfigC2EN12remoteconfig6OutputEm
                0x0800c92c       0x4c ../lib-remoteconfig/lib_gd32/libremoteconfig.a(remoteconfig.o)
 .text._ZN12RemoteConfig21PlatformHandleTftpSetEv
                0x0800c978       0x44 ../lib-remoteconfig/lib_gd32/libremoteconfig.a(remoteconfig.o)
                0x0800c978                RemoteConfig::PlatformHandleTftpSet()
 .text._ZN12RemoteConfig21PlatformHandleTftpGetEv
                0x0800c9bc       0x18 ../lib-remoteconfig/lib_gd32/libremoteconfig.a(remoteconfig.o)
                0x0800c9bc                RemoteConfig::PlatformHandleTftpGet()
 .text.startup._GLOBAL__sub_I__ZN12RemoteConfig21PlatformHandleTftpSetEv
                0x0800c9d4       0x4c ../lib-remoteconfig/lib_gd32/libremoteconfig.a(remoteconfig.o)
 .text._ZN4json18RemoteConfigParams14SetDisplayNameEPKcm
                0x0800ca20       0x2c ../lib-remoteconfig/lib_gd32/libremoteconfig.a(remoteconfigparams.o)
                0x0800ca20                json::RemoteConfigParams::SetDisplayName(char const*, unsigned long)
 .text._ZN13JsonTokenizer14SkipWhitespaceEv
                0x0800ca4c       0x2c ../lib-remoteconfig/lib_gd32/libremoteconfig.a(remoteconfigparams.o)
                0x0800ca4c                JsonTokenizer::SkipWhitespace()
 .text._ZN13JsonTokenizer10NextStringERPKcRj
                0x0800ca78       0x46 ../lib-remoteconfig/lib_gd32/libremoteconfig.a(remoteconfigparams.o)
                0x0800ca78                JsonTokenizer::NextString(char const*&, unsigned int&)
 *fill*         0x0800cabe        0x2 
 .text._Z18ParseJsonWithTablePKcjPKN4json3KeyEj
                0x0800cac0      0x12c ../lib-remoteconfig/lib_gd32/libremoteconfig.a(remoteconfigparams.o)
                0x0800cac0                ParseJsonWithTable(char const*, unsigned int, json::Key const*, unsigned int)
 .text._ZN4json18RemoteConfigParamsC2Ev
                0x0800cbec       0x20 ../lib-remoteconfig/lib_gd32/libremoteconfig.a(remoteconfigparams.o)
                0x0800cbec                json::RemoteConfigParams::RemoteConfigParams()
                0x0800cbec                json::RemoteConfigParams::RemoteConfigParams()
 .text._ZN4json18RemoteConfigParams5StoreEPKcm
                0x0800cc0c       0x60 ../lib-remoteconfig/lib_gd32/libremoteconfig.a(remoteconfigparams.o)
                0x0800cc0c                json::RemoteConfigParams::Store(char const*, unsigned long)
 .text._ZN4json18RemoteConfigParams3SetEv
                0x0800cc6c       0x14 ../lib-remoteconfig/lib_gd32/libremoteconfig.a(remoteconfigparams.o)
                0x0800cc6c                json::RemoteConfigParams::Set()
 .text.startup._GLOBAL__sub_I__ZN4json18RemoteConfigParamsC2Ev
                0x0800cc80       0x4c ../lib-remoteconfig/lib_gd32/libremoteconfig.a(remoteconfigparams.o)
 .text._ZN23HttpDeamonHandleRequest11ParseMethodEPc
                0x0800cccc       0xc8 ../lib-remoteconfig/lib_gd32/libremoteconfig.a(httpdhandlerequest.o)
                0x0800cccc                HttpDeamonHandleRequest::ParseMethod(char*)
 .text._ZN23HttpDeamonHandleRequest16ParseHeaderFieldEPc
                0x0800cd94      0x168 ../lib-remoteconfig/lib_gd32/libremoteconfig.a(httpdhandlerequest.o)
                0x0800cd94                HttpDeamonHandleRequest::ParseHeaderField(char*)
 .text._ZN23HttpDeamonHandleRequest12ParseRequestEv
                0x0800cefc       0x80 ../lib-remoteconfig/lib_gd32/libremoteconfig.a(httpdhandlerequest.o)
                0x0800cefc                HttpDeamonHandleRequest::ParseRequest()
 .text._ZN23HttpDeamonHandleRequest9HandleGetEv
                0x0800cf7c      0x100 ../lib-remoteconfig/lib_gd32/libremoteconfig.a(httpdhandlerequest.o)
                0x0800cf7c                HttpDeamonHandleRequest::HandleGet()
 .text._ZN23HttpDeamonHandleRequest14HandlePostJSONEv
                0x0800d07c       0x58 ../lib-remoteconfig/lib_gd32/libremoteconfig.a(httpdhandlerequest.o)
                0x0800d07c                HttpDeamonHandleRequest::HandlePostJSON()
 .text._ZN23HttpDeamonHandleRequest10HandlePostEv
                0x0800d0d4       0x44 ../lib-remoteconfig/lib_gd32/libremoteconfig.a(httpdhandlerequest.o)
                0x0800d0d4                HttpDeamonHandleRequest::HandlePost()
 .text._ZN23HttpDeamonHandleRequest13HandleRequestEmPc
                0x0800d118      0x174 ../lib-remoteconfig/lib_gd32/libremoteconfig.a(httpdhandlerequest.o)
                0x0800d118                HttpDeamonHandleRequest::HandleRequest(unsigned long, char*)
 .text._ZN4html12GetFileIndexEPKc
                0x0800d28c       0x50 ../lib-remoteconfig/lib_gd32/libremoteconfig.a(html_infos.o)
                0x0800d28c                html::GetFileIndex(char const*)
 .text._ZN4json12GetFileIndexEPKc
                0x0800d2dc       0x50 ../lib-remoteconfig/lib_gd32/libremoteconfig.a(json_infos.o)
                0x0800d2dc                json::GetFileIndex(char const*)
 .text._ZN7JsonDoc5WriteEPKc
                0x0800d32c       0x3e ../lib-remoteconfig/lib_gd32/libremoteconfig.a(json_config_remoteconfig.o)
                0x0800d32c                JsonDoc::Write(char const*)
 *fill*         0x0800d36a        0x2 
 .text._ZN4json6config15GetRemoteConfigEPcm
                0x0800d36c       0x98 ../lib-remoteconfig/lib_gd32/libremoteconfig.a(json_config_remoteconfig.o)
                0x0800d36c                json::config::GetRemoteConfig(char*, unsigned long)
 .text._ZN4json6config15SetRemoteConfigEPKcm
                0x0800d404       0x20 ../lib-remoteconfig/lib_gd32/libremoteconfig.a(json_config_remoteconfig.o)
                0x0800d404                json::config::SetRemoteConfig(char const*, unsigned long)
 .text._Z14GetFileContentPKcRmRN4http12contentTypesE
                0x0800d424       0x40 ../lib-remoteconfig/lib_gd32/libremoteconfig.a(get_file_content.o)
                0x0800d424                GetFileContent(char const*, unsigned long&, http::contentTypes&)
 .text.startup._GLOBAL__sub_I__Z14GetFileContentPKcRmRN4http12contentTypesE
                0x0800d464       0x4c ../lib-remoteconfig/lib_gd32/libremoteconfig.a(get_file_content.o)
 .text._ZL11SetIdentifyPKcm
                0x0800d4b0       0x14 ../lib-remoteconfig/lib_gd32/libremoteconfig.a(json_action.o)
 .text._ZL10SetDisplayPKcm
                0x0800d4c4       0x3c ../lib-remoteconfig/lib_gd32/libremoteconfig.a(json_action.o)
 .text._ZL9SetRebootPKcm
                0x0800d500       0x10 ../lib-remoteconfig/lib_gd32/libremoteconfig.a(json_action.o)
 .text._ZN4json6action3SetEPKcm
                0x0800d510       0x10 ../lib-remoteconfig/lib_gd32/libremoteconfig.a(json_action.o)
                0x0800d510                json::action::Set(char const*, unsigned long)
 .text._ZN4json6config12GetDirectoryEPcm
                0x0800d520       0x88 ../lib-remoteconfig/lib_gd32/libremoteconfig.a(json_config_getdirectory.o)
                0x0800d520                json::config::GetDirectory(char*, unsigned long)
 .text._ZN4json4AtoiEPKcm.part.0
                0x0800d5a8       0x3c ../lib-remoteconfig/lib_gd32/libremoteconfig.a(json_datetime.o)
 .text._ZN3hal3utc14ValidateOffsetElmRl
                0x0800d5e4       0x54 ../lib-remoteconfig/lib_gd32/libremoteconfig.a(json_datetime.o)
                0x0800d5e4                hal::utc::ValidateOffset(long, unsigned long, long&)
 .text._ZN3hal3utc13IsValidOffsetEl
                0x0800d638       0x70 ../lib-remoteconfig/lib_gd32/libremoteconfig.a(json_datetime.o)
                0x0800d638                hal::utc::IsValidOffset(long)
 .text._ZN4jsonL7SetDateEPKcm
                0x0800d6a8      0x114 ../lib-remoteconfig/lib_gd32/libremoteconfig.a(json_datetime.o)
 .text._ZN4json12GetTimeofdayEPcm
                0x0800d7bc       0xb8 ../lib-remoteconfig/lib_gd32/libremoteconfig.a(json_datetime.o)
                0x0800d7bc                json::GetTimeofday(char*, unsigned long)
 .text._ZN4json12SetTimeofdayEPKcm
                0x0800d874       0x10 ../lib-remoteconfig/lib_gd32/libremoteconfig.a(json_datetime.o)
                0x0800d874                json::SetTimeofday(char const*, unsigned long)
 .text._ZN4json7GetListEPcm
                0x0800d884       0x94 ../lib-remoteconfig/lib_gd32/libremoteconfig.a(json_getlist.o)
                0x0800d884                json::GetList(char*, unsigned long)
 .text._ZN4json9GetUptimeEPcm
                0x0800d918       0x20 ../lib-remoteconfig/lib_gd32/libremoteconfig.a(json_getuptime.o)
                0x0800d918                json::GetUptime(char*, unsigned long)
 .text._ZN4json10GetVersionEPcm
                0x0800d938       0x40 ../lib-remoteconfig/lib_gd32/libremoteconfig.a(json_getversion.o)
                0x0800d938                json::GetVersion(char*, unsigned long)
 .text._ZN4json6status7DisplayEPcm
                0x0800d978       0x18 ../lib-remoteconfig/lib_gd32/libremoteconfig.a(json_status_display.o)
                0x0800d978                json::status::Display(char*, unsigned long)
 .text._ZN4json6status8IdentifyEPcm
                0x0800d990       0x18 ../lib-remoteconfig/lib_gd32/libremoteconfig.a(json_status_identify.o)
                0x0800d990                json::status::Identify(char*, unsigned long)
 .text._ZN4json13DmxNodeParams15SetUniversePortEPKcmS2_m
                0x0800d9a8       0x58 ../lib-dmxnode/lib_gd32/libdmxnode.a(dmxnodeparams.o)
                0x0800d9a8                json::DmxNodeParams::SetUniversePort(char const*, unsigned long, char const*, unsigned long)
 .text._ZN4json13DmxNodeParams22SetDisableMergeTimeoutEPKcm
                0x0800da00       0x20 ../lib-dmxnode/lib_gd32/libdmxnode.a(dmxnodeparams.o)
                0x0800da00                json::DmxNodeParams::SetDisableMergeTimeout(char const*, unsigned long)
 .text._ZN4json13DmxNodeParams11SetNodeNameEPKcm
                0x0800da20       0x30 ../lib-dmxnode/lib_gd32/libdmxnode.a(dmxnodeparams.o)
                0x0800da20                json::DmxNodeParams::SetNodeName(char const*, unsigned long)
 .text._ZN4json13DmxNodeParams12SetLabelPortEPKcmS2_m
                0x0800da50       0x40 ../lib-dmxnode/lib_gd32/libdmxnode.a(dmxnodeparams.o)
                0x0800da50                json::DmxNodeParams::SetLabelPort(char const*, unsigned long, char const*, unsigned long)
 .text.strncasecmp
                0x0800da90       0x3c ../lib-dmxnode/lib_gd32/libdmxnode.a(dmxnodeparams.o)
                0x0800da90                strncasecmp
 .text._ZN4json13DmxNodeParams14SetPersonalityEPKcm
                0x0800dacc       0x34 ../lib-dmxnode/lib_gd32/libdmxnode.a(dmxnodeparams.o)
                0x0800dacc                json::DmxNodeParams::SetPersonality(char const*, unsigned long)
 .text._ZN4json13DmxNodeParams16SetMergeModePortEPKcmS2_m
                0x0800db00       0x40 ../lib-dmxnode/lib_gd32/libdmxnode.a(dmxnodeparams.o)
                0x0800db00                json::DmxNodeParams::SetMergeModePort(char const*, unsigned long, char const*, unsigned long)
 .text._ZN4json13DmxNodeParams16SetDirectionPortEPKcmS2_m
                0x0800db40       0x50 ../lib-dmxnode/lib_gd32/libdmxnode.a(dmxnodeparams.o)
                0x0800db40                json::DmxNodeParams::SetDirectionPort(char const*, unsigned long, char const*, unsigned long)
 .text._ZN4json13DmxNodeParams18SetOutputStylePortEPKcmS2_m
                0x0800db90       0x3c ../lib-dmxnode/lib_gd32/libdmxnode.a(dmxnodeparams.o)
                0x0800db90                json::DmxNodeParams::SetOutputStylePort(char const*, unsigned long, char const*, unsigned long)
 .text._ZN7dmxnode11GetFailsafeEPKc
                0x0800dbcc       0x68 ../lib-dmxnode/lib_gd32/libdmxnode.a(dmxnodeparams.o)
                0x0800dbcc                dmxnode::GetFailsafe(char const*)
 .text._ZN4json13DmxNodeParams11SetFailsafeEPKcm
                0x0800dc34       0x10 ../lib-dmxnode/lib_gd32/libdmxnode.a(dmxnodeparams.o)
                0x0800dc34                json::DmxNodeParams::SetFailsafe(char const*, unsigned long)
 .text._ZN4json13DmxNodeParamsC2Ev
                0x0800dc44       0x20 ../lib-dmxnode/lib_gd32/libdmxnode.a(dmxnodeparams.o)
                0x0800dc44                json::DmxNodeParams::DmxNodeParams()
                0x0800dc44                json::DmxNodeParams::DmxNodeParams()
 .text._ZN4json13DmxNodeParams5StoreEPKcm
                0x0800dc64       0x58 ../lib-dmxnode/lib_gd32/libdmxnode.a(dmxnodeparams.o)
                0x0800dc64                json::DmxNodeParams::Store(char const*, unsigned long)
 .text._ZN4json13DmxNodeParams3SetEv
                0x0800dcbc       0xc0 ../lib-dmxnode/lib_gd32/libdmxnode.a(dmxnodeparams.o)
                0x0800dcbc                json::DmxNodeParams::Set()
 .text._ZN7JsonDoc10WriteFieldEPKcm
                0x0800dd7c       0x74 ../lib-dmxnode/lib_gd32/libdmxnode.a(json_config_dmxnode.o)
                0x0800dd7c                JsonDoc::WriteField(char const*, unsigned long)
 .text._ZN7JsonDoc8KeyProxyaSEPKc.isra.0
                0x0800ddf0       0x50 ../lib-dmxnode/lib_gd32/libdmxnode.a(json_config_dmxnode.o)
 .text._ZN4json6config10GetDmxNodeEPcm
                0x0800de40      0x1a0 ../lib-dmxnode/lib_gd32/libdmxnode.a(json_config_dmxnode.o)
                0x0800de40                json::config::GetDmxNode(char*, unsigned long)
 .text._ZN4json6config10SetDmxNodeEPKcm
                0x0800dfe0       0x20 ../lib-dmxnode/lib_gd32/libdmxnode.a(json_config_dmxnode.o)
                0x0800dfe0                json::config::SetDmxNode(char const*, unsigned long)
 .text._ZN7dmxnode4Data13IMergeSourceAEmPKhmNS_9MergeModeE.part.0
                0x0800e000       0x28 ../lib-artnet/lib_gd32/libartnet.a(artnetnode.o)
 .text._ZN11ConfigStore16SetStatusChangedEv.isra.0
                0x0800e028       0x28 ../lib-artnet/lib_gd32/libartnet.a(artnetnode.o)
 .text._ZN13PixelDmxMulti4SyncEm.isra.0
                0x0800e050        0x8 ../lib-artnet/lib_gd32/libartnet.a(artnetnode.o)
 .text.strncpy.isra.0
                0x0800e058       0x22 ../lib-artnet/lib_gd32/libartnet.a(artnetnode.o)
 .text.memcpy.isra.0
                0x0800e07a       0x12 ../lib-artnet/lib_gd32/libartnet.a(artnetnode.o)
 .text._ZN7DmxNode19SetShortNameDefaultEm
                0x0800e08c       0x24 ../lib-artnet/lib_gd32/libartnet.a(artnetnode.o)
                0x0800e08c                DmxNode::SetShortNameDefault(unsigned long)
 .text._ZN7DmxNode8InstanceEv
                0x0800e0b0       0x3c ../lib-artnet/lib_gd32/libartnet.a(artnetnode.o)
                0x0800e0b0                DmxNode::Instance()
 .text._ZN7DmxSend5StartEm
                0x0800e0ec       0x34 ../lib-artnet/lib_gd32/libartnet.a(artnetnode.o)
                0x0800e0ec                DmxSend::Start(unsigned long)
 .text._ZN13PixelDmxMulti5StartEm
                0x0800e120       0x34 ../lib-artnet/lib_gd32/libartnet.a(artnetnode.o)
                0x0800e120                PixelDmxMulti::Start(unsigned long)
 .text._ZN13PixelDmxMulti4StopEm
                0x0800e154       0x50 ../lib-artnet/lib_gd32/libartnet.a(artnetnode.o)
                0x0800e154                PixelDmxMulti::Stop(unsigned long)
 .text._ZN13PixelDmxMulti4SyncEv
                0x0800e1a4       0x1c ../lib-artnet/lib_gd32/libartnet.a(artnetnode.o)
                0x0800e1a4                PixelDmxMulti::Sync()
 .text._ZN10ArtNetNode10HandleSyncEv.part.0
                0x0800e1c0      0x128 ../lib-artnet/lib_gd32/libartnet.a(artnetnode.o)
 .text._ZN13PixelDmxMulti6FullOnEv
                0x0800e2e8       0x1c ../lib-artnet/lib_gd32/libartnet.a(artnetnode.o)
                0x0800e2e8                PixelDmxMulti::FullOn()
 .text._ZN13PixelDmxMulti7SetDataEmPKhm
                0x0800e304      0x690 ../lib-artnet/lib_gd32/libartnet.a(artnetnode.o)
                0x0800e304                PixelDmxMulti::SetData(unsigned long, unsigned char const*, unsigned long)
 .text._ZN10ArtNetNode5StartEv
                0x0800e994       0x6c ../lib-artnet/lib_gd32/libartnet.a(artnetnode.o)
                0x0800e994                ArtNetNode::Start()
 .text._ZN10ArtNetNode4StopEv
                0x0800ea00       0xa8 ../lib-artnet/lib_gd32/libartnet.a(artnetnode.o)
                0x0800ea00                ArtNetNode::Stop()
 .text._ZN10ArtNetNode18GetLongNameDefaultEPc
                0x0800eaa8       0x38 ../lib-artnet/lib_gd32/libartnet.a(artnetnode.o)
                0x0800eaa8                ArtNetNode::GetLongNameDefault(char*)
 .text._ZN10ArtNetNode11SetLongNameEPKc
                0x0800eae0       0x6c ../lib-artnet/lib_gd32/libartnet.a(artnetnode.o)
                0x0800eae0                ArtNetNode::SetLongName(char const*)
 .text._ZN10ArtNetNode12SetShortNameEmPKc
                0x0800eb4c       0x98 ../lib-artnet/lib_gd32/libartnet.a(artnetnode.o)
                0x0800eb4c                ArtNetNode::SetShortName(unsigned long, char const*)
 .text._ZN10ArtNetNodeC2Ev
                0x0800ebe4      0x178 ../lib-artnet/lib_gd32/libartnet.a(artnetnode.o)
                0x0800ebe4                ArtNetNode::ArtNetNode()
                0x0800ebe4                ArtNetNode::ArtNetNode()
 .text._ZNK10ArtNetNode12GetShortNameEm
                0x0800ed5c       0x12 ../lib-artnet/lib_gd32/libartnet.a(artnetnode.o)
                0x0800ed5c                ArtNetNode::GetShortName(unsigned long) const
 .text._ZN10ArtNetNode11SetUniverseEmt
                0x0800ed6e       0x48 ../lib-artnet/lib_gd32/libartnet.a(artnetnode.o)
                0x0800ed6e                ArtNetNode::SetUniverse(unsigned long, unsigned short)
 *fill*         0x0800edb6        0x2 
 .text._ZN10ArtNetNode12SetDirectionEmN7dmxnode13PortDirectionE
                0x0800edb8       0xbc ../lib-artnet/lib_gd32/libartnet.a(artnetnode.o)
                0x0800edb8                ArtNetNode::SetDirection(unsigned long, dmxnode::PortDirection)
 .text._ZN10ArtNetNode12SetMergeModeEmN7dmxnode9MergeModeE
                0x0800ee74       0x8c ../lib-artnet/lib_gd32/libartnet.a(artnetnode.o)
                0x0800ee74                ArtNetNode::SetMergeMode(unsigned long, dmxnode::MergeMode)
 .text._ZN10ArtNetNode11SetFailSafeEN6artnet8FailSafeE
                0x0800ef00       0x60 ../lib-artnet/lib_gd32/libartnet.a(artnetnode.o)
                0x0800ef00                ArtNetNode::SetFailSafe(artnet::FailSafe)
 .text._ZN10ArtNetNode27SetNetworkDataLossConditionEv
                0x0800ef60       0xa4 ../lib-artnet/lib_gd32/libartnet.a(artnetnode.o)
                0x0800ef60                ArtNetNode::SetNetworkDataLossCondition()
 .text._ZN10ArtNetNode5PrintEv
                0x0800f004      0x108 ../lib-artnet/lib_gd32/libartnet.a(artnetnode.o)
                0x0800f004                ArtNetNode::Print()
 .text._ZN10ArtNetNode18CheckMergeTimeoutsEm
                0x0800f10c       0x74 ../lib-artnet/lib_gd32/libartnet.a(artnetnode.o)
                0x0800f10c                ArtNetNode::CheckMergeTimeouts(unsigned long)
 .text._ZN13PixelDmxMulti7SetDataILb0EEEvmPKhm
                0x0800f180        0x8 ../lib-artnet/lib_gd32/libartnet.a(artnetnode.o)
                0x0800f180                void PixelDmxMulti::SetData<false>(unsigned long, unsigned char const*, unsigned long)
 .text._ZN13PixelDmxMulti7SetDataILb1EEEvmPKhm
                0x0800f188       0x40 ../lib-artnet/lib_gd32/libartnet.a(artnetnode.o)
                0x0800f188                void PixelDmxMulti::SetData<true>(unsigned long, unsigned char const*, unsigned long)
 .text._ZN10ArtNetNode9HandleDmxEv
                0x0800f1c8      0x328 ../lib-artnet/lib_gd32/libartnet.a(artnetnode.o)
                0x0800f1c8                ArtNetNode::HandleDmx()
 .text._ZN10ArtNetNode8InputUdpEPKhmmt
                0x0800f4f0      0x134 ../lib-artnet/lib_gd32/libartnet.a(artnetnode.o)
                0x0800f4f0                ArtNetNode::InputUdp(unsigned char const*, unsigned long, unsigned long, unsigned short)
 .text._ZN10ArtNetNode22StaticCallbackFunctionEPKhmmt
                0x0800f624       0x1c ../lib-artnet/lib_gd32/libartnet.a(artnetnode.o)
                0x0800f624                ArtNetNode::StaticCallbackFunction(unsigned char const*, unsigned long, unsigned long, unsigned short)
 .text._ZN6artnet5store8internal12SaveUniverseEm
                0x0800f640       0x64 ../lib-artnet/lib_gd32/libartnet.a(artnetnodehandleaddress.o)
                0x0800f640                artnet::store::internal::SaveUniverse(unsigned long)
 .text._ZN10ArtNetNode12SetUniverse4Em
                0x0800f6a4       0x2c ../lib-artnet/lib_gd32/libartnet.a(artnetnodehandleaddress.o)
                0x0800f6a4                ArtNetNode::SetUniverse4(unsigned long)
 .text._ZN10ArtNetNode16SetPortProtocol4EmN6artnet12PortProtocolE
                0x0800f6d0       0xe4 ../lib-artnet/lib_gd32/libartnet.a(artnetnodehandleaddress.o)
                0x0800f6d0                ArtNetNode::SetPortProtocol4(unsigned long, artnet::PortProtocol)
 .text._ZN10ArtNetNode9SetSwitchEmh
                0x0800f7b4       0x48 ../lib-artnet/lib_gd32/libartnet.a(artnetnodehandleaddress.o)
                0x0800f7b4                ArtNetNode::SetSwitch(unsigned long, unsigned char)
 .text._ZN7dmxnode10DataOutputEP12DmxNodeWith4ILm32EEm
                0x0800f7fc       0x58 ../lib-artnet/lib_gd32/libartnet.a(artnetnodehandleaddress.o)
                0x0800f7fc                dmxnode::DataOutput(DmxNodeWith4<32ul>*, unsigned long)
 .text._ZN10E131Bridge5ClearEm
                0x0800f854       0xb4 ../lib-artnet/lib_gd32/libartnet.a(artnetnodehandleaddress.o)
                0x0800f854                E131Bridge::Clear(unsigned long)
 .text._ZN10ArtNetNode13HandleAddressEv
                0x0800f908      0x234 ../lib-artnet/lib_gd32/libartnet.a(artnetnodehandleaddress.o)
                0x0800f908                ArtNetNode::HandleAddress()
 .text.memcpy.isra.0
                0x0800fb3c       0x12 ../lib-artnet/lib_gd32/libartnet.a(artnetnodehandleipprog.o)
 .text.memcmp   0x0800fb4e       0x20 ../lib-artnet/lib_gd32/libartnet.a(artnetnodehandleipprog.o)
                0x0800fb4e                memcmp
 *fill*         0x0800fb6e        0x2 
 .text._ZN10ArtNetNode12HandleIpProgEv
                0x0800fb70      0x198 ../lib-artnet/lib_gd32/libartnet.a(artnetnodehandleipprog.o)
                0x0800fb70                ArtNetNode::HandleIpProg()
 .text._ZN13PixelDmxMulti11GetUserDataEv
                0x0800fd08        0x8 ../lib-artnet/lib_gd32/libartnet.a(artnetnodehandlepoll.o)
                0x0800fd08                PixelDmxMulti::GetUserData()
 .text._ZN13PixelDmxMulti14GetRefreshRateEv
                0x0800fd10        0x4 ../lib-artnet/lib_gd32/libartnet.a(artnetnodehandlepoll.o)
                0x0800fd10                PixelDmxMulti::GetRefreshRate()
 .text._ZN10ArtNetNode16ProcessPollReplyEmRmS0_
                0x0800fd14       0xa8 ../lib-artnet/lib_gd32/libartnet.a(artnetnodehandlepoll.o)
                0x0800fd14                ArtNetNode::ProcessPollReply(unsigned long, unsigned long&, unsigned long&)
 .text._ZN10ArtNetNode13SendPollReplyEmmPN6artnet12ArtPollQueueE
                0x0800fdbc      0x3b4 ../lib-artnet/lib_gd32/libartnet.a(artnetnodehandlepoll.o)
                0x0800fdbc                ArtNetNode::SendPollReply(unsigned long, unsigned long, artnet::ArtPollQueue*)
 .text._ZN10ArtNetNode10HandlePollEv
                0x08010170       0xcc ../lib-artnet/lib_gd32/libartnet.a(artnetnodehandlepoll.o)
                0x08010170                ArtNetNode::HandlePoll()
 .text._ZN4json12ArtNetParams16SetRdmEnablePortEPKcmS2_m
                0x0801023c       0x3c ../lib-artnet/lib_gd32/libartnet.a(artnetparams.o)
                0x0801023c                json::ArtNetParams::SetRdmEnablePort(char const*, unsigned long, char const*, unsigned long)
 .text._ZN4json12ArtNetParams15SetMapUniverse0EPKcm
                0x08010278       0x20 ../lib-artnet/lib_gd32/libartnet.a(artnetparams.o)
                0x08010278                json::ArtNetParams::SetMapUniverse0(char const*, unsigned long)
 .text._ZN4json12ArtNetParams12SetEnableRdmEPKcm
                0x08010298       0x20 ../lib-artnet/lib_gd32/libartnet.a(artnetparams.o)
                0x08010298                json::ArtNetParams::SetEnableRdm(char const*, unsigned long)
 .text._ZN11ConfigStore16SetStatusChangedEv.isra.0
                0x080102b8       0x28 ../lib-artnet/lib_gd32/libartnet.a(artnetparams.o)
 .text._ZN4json12ArtNetParams20SetDestinationIpPortEPKcmS2_m
                0x080102e0       0x70 ../lib-artnet/lib_gd32/libartnet.a(artnetparams.o)
                0x080102e0                json::ArtNetParams::SetDestinationIpPort(char const*, unsigned long, char const*, unsigned long)
 .text._ZN4json12ArtNetParams15SetProtocolPortEPKcmS2_m
                0x08010350       0x60 ../lib-artnet/lib_gd32/libartnet.a(artnetparams.o)
                0x08010350                json::ArtNetParams::SetProtocolPort(char const*, unsigned long, char const*, unsigned long)
 .text._ZN4json12ArtNetParamsC2Ev
                0x080103b0       0x20 ../lib-artnet/lib_gd32/libartnet.a(artnetparams.o)
                0x080103b0                json::ArtNetParams::ArtNetParams()
                0x080103b0                json::ArtNetParams::ArtNetParams()
 .text._ZN4json12ArtNetParams5StoreEPKcm
                0x080103d0       0x3c ../lib-artnet/lib_gd32/libartnet.a(artnetparams.o)
                0x080103d0                json::ArtNetParams::Store(char const*, unsigned long)
 .text._ZN4json12ArtNetParams3SetEv
                0x0801040c      0x118 ../lib-artnet/lib_gd32/libartnet.a(artnetparams.o)
                0x0801040c                json::ArtNetParams::Set()
 .text._ZN7JsonDoc10WriteFieldEPKcS1_
                0x08010524       0x4c ../lib-artnet/lib_gd32/libartnet.a(json_config_artnet.o)
                0x08010524                JsonDoc::WriteField(char const*, char const*)
 .text._ZN4json6config9GetArtNetEPcm
                0x08010570       0xe0 ../lib-artnet/lib_gd32/libartnet.a(json_config_artnet.o)
                0x08010570                json::config::GetArtNet(char*, unsigned long)
 .text._ZN4json6config9SetArtNetEPKcm
                0x08010650       0x20 ../lib-artnet/lib_gd32/libartnet.a(json_config_artnet.o)
                0x08010650                json::config::SetArtNet(char const*, unsigned long)
 .text._ZN7dmxnode4Data13IMergeSourceAEmPKhmNS_9MergeModeE.part.0
                0x08010670       0x28 ../lib-e131/lib_gd32/libe131.a(e131bridge.o)
 .text._ZN13PixelDmxMulti4SyncEm.isra.0
                0x08010698        0x8 ../lib-e131/lib_gd32/libe131.a(e131bridge.o)
 .text.memcpy.isra.0
                0x080106a0       0x12 ../lib-e131/lib_gd32/libe131.a(e131bridge.o)
 .text._ZN4e13121UniverseToMulticastIpEt
                0x080106b2        0xc ../lib-e131/lib_gd32/libe131.a(e131bridge.o)
                0x080106b2                e131::UniverseToMulticastIp(unsigned short)
 *fill*         0x080106be        0x2 
 .text._ZN10E131Bridge21HandleSynchronizationEv.part.0
                0x080106c0      0x130 ../lib-e131/lib_gd32/libe131.a(e131bridge.o)
 .text._ZN10E131Bridge18GetLongNameDefaultEPc
                0x080107f0       0x28 ../lib-e131/lib_gd32/libe131.a(e131bridge.o)
                0x080107f0                E131Bridge::GetLongNameDefault(char*)
 .text._ZN10E131BridgeC2Ev
                0x08010818       0xb4 ../lib-e131/lib_gd32/libe131.a(e131bridge.o)
                0x08010818                E131Bridge::E131Bridge()
                0x08010818                E131Bridge::E131Bridge()
 .text._ZN10E131Bridge5StartEv
                0x080108cc        0xc ../lib-e131/lib_gd32/libe131.a(e131bridge.o)
                0x080108cc                E131Bridge::Start()
 .text._ZN10E131Bridge4StopEv
                0x080108d8       0x7c ../lib-e131/lib_gd32/libe131.a(e131bridge.o)
                0x080108d8                E131Bridge::Stop()
 .text._ZN10E131Bridge12JoinUniverseEmt
                0x08010954       0x36 ../lib-e131/lib_gd32/libe131.a(e131bridge.o)
                0x08010954                E131Bridge::JoinUniverse(unsigned long, unsigned short)
 .text._ZN10E131Bridge13LeaveUniverseEmt
                0x0801098a       0x36 ../lib-e131/lib_gd32/libe131.a(e131bridge.o)
                0x0801098a                E131Bridge::LeaveUniverse(unsigned long, unsigned short)
 .text._ZN10E131Bridge25SetSynchronizationAddressEbbt
                0x080109c0       0x44 ../lib-e131/lib_gd32/libe131.a(e131bridge.o)
                0x080109c0                E131Bridge::SetSynchronizationAddress(bool, bool, unsigned short)
 .text._ZN10E131Bridge11SetUniverseEmt
                0x08010a04       0x40 ../lib-e131/lib_gd32/libe131.a(e131bridge.o)
                0x08010a04                E131Bridge::SetUniverse(unsigned long, unsigned short)
 .text._ZN10E131Bridge12SetDirectionEmN7dmxnode13PortDirectionE
                0x08010a44       0x54 ../lib-e131/lib_gd32/libe131.a(e131bridge.o)
                0x08010a44                E131Bridge::SetDirection(unsigned long, dmxnode::PortDirection)
 .text._ZN10E131Bridge5PrintEv
                0x08010a98       0x80 ../lib-e131/lib_gd32/libe131.a(e131bridge.o)
                0x08010a98                E131Bridge::Print()
 .text._ZN10E131Bridge18CheckMergeTimeoutsEm
                0x08010b18       0x90 ../lib-e131/lib_gd32/libe131.a(e131bridge.o)
                0x08010b18                E131Bridge::CheckMergeTimeouts(unsigned long)
 .text._ZNK10E131Bridge17IsPriorityTimeOutEm
                0x08010ba8       0x58 ../lib-e131/lib_gd32/libe131.a(e131bridge.o)
                0x08010ba8                E131Bridge::IsPriorityTimeOut(unsigned long) const
 .text._ZN10E131Bridge27SetNetworkDataLossConditionEbb
                0x08010c00      0x128 ../lib-e131/lib_gd32/libe131.a(e131bridge.o)
                0x08010c00                E131Bridge::SetNetworkDataLossCondition(bool, bool)
 .text._ZN10E131Bridge9HandleDmxEv
                0x08010d28      0x5ac ../lib-e131/lib_gd32/libe131.a(e131bridge.o)
                0x08010d28                E131Bridge::HandleDmx()
 .text._ZN10E131Bridge8InputUdpEPKhmmt
                0x080112d4       0xd8 ../lib-e131/lib_gd32/libe131.a(e131bridge.o)
                0x080112d4                E131Bridge::InputUdp(unsigned char const*, unsigned long, unsigned long, unsigned short)
 .text._ZN10E131Bridge25StaticCallbackFunctionUdpEPKhmmt
                0x080113ac       0x1c ../lib-e131/lib_gd32/libe131.a(e131bridge.o)
                0x080113ac                E131Bridge::StaticCallbackFunctionUdp(unsigned char const*, unsigned long, unsigned long, unsigned short)
 .text._ZN4json10E131Params11SetPriorityEPKcmS2_m
                0x080113c8       0x58 ../lib-e131/lib_gd32/libe131.a(e131params.o)
                0x080113c8                json::E131Params::SetPriority(char const*, unsigned long, char const*, unsigned long)
 .text._ZN4json10E131ParamsC2Ev
                0x08011420       0x20 ../lib-e131/lib_gd32/libe131.a(e131params.o)
                0x08011420                json::E131Params::E131Params()
                0x08011420                json::E131Params::E131Params()
 .text._ZN4json10E131Params5StoreEPKcm
                0x08011440       0x58 ../lib-e131/lib_gd32/libe131.a(e131params.o)
                0x08011440                json::E131Params::Store(char const*, unsigned long)
 .text._ZN4json10E131Params3SetEv
                0x08011498       0x34 ../lib-e131/lib_gd32/libe131.a(e131params.o)
                0x08011498                json::E131Params::Set()
 .text._ZN4json6config7GetE131EPcm
                0x080114cc       0xd0 ../lib-e131/lib_gd32/libe131.a(json_config_e131.o)
                0x080114cc                json::config::GetE131(char*, unsigned long)
 .text._ZN4json6config7SetE131EPKcm
                0x0801159c       0x20 ../lib-e131/lib_gd32/libe131.a(json_config_e131.o)
                0x0801159c                json::config::SetE131(char const*, unsigned long)
 .text._ZN11ConfigStore16SetStatusChangedEv.isra.0
                0x080115bc       0x28 ../lib-rdm/lib_gd32/librdm.a(rdmdeviceparams.o)
 .text.memcpy.isra.0
                0x080115e4       0x12 ../lib-rdm/lib_gd32/librdm.a(rdmdeviceparams.o)
 *fill*         0x080115f6        0x2 
 .text._ZN4json15RdmDeviceParamsC2Ev
                0x080115f8       0x1c ../lib-rdm/lib_gd32/librdm.a(rdmdeviceparams.o)
                0x080115f8                json::RdmDeviceParams::RdmDeviceParams()
                0x080115f8                json::RdmDeviceParams::RdmDeviceParams()
 .text._ZN4json15RdmDeviceParams3SetEv
                0x08011614      0x150 ../lib-rdm/lib_gd32/librdm.a(rdmdeviceparams.o)
                0x08011614                json::RdmDeviceParams::Set()
 .text.memcpy.isra.0
                0x08011764       0x12 ../lib-rdm/lib_gd32/librdm.a(llrpdevice.o)
 *fill*         0x08011776        0x2 
 .text._ZN9RdmDevice3GetEv
                0x08011778       0xc8 ../lib-rdm/lib_gd32/librdm.a(llrpdevice.o)
                0x08011778                RdmDevice::Get()
 .text._ZN10LLRPDevice20HandleRequestMessageEv
                0x08011840      0x110 ../lib-rdm/lib_gd32/librdm.a(llrpdevice.o)
                0x08011840                LLRPDevice::HandleRequestMessage()
 .text._ZN10LLRPDevice16HandleRdmCommandEv
                0x08011950       0x90 ../lib-rdm/lib_gd32/librdm.a(llrpdevice.o)
                0x08011950                LLRPDevice::HandleRdmCommand()
 .text.memcpy.isra.0
                0x080119e0       0x12 ../lib-rdm/lib_gd32/librdm.a(rdmhandler.o)
 *fill*         0x080119f2        0x2 
 .text._ZN15rdmdevice_store9SaveLabelEPKcm
                0x080119f4       0x88 ../lib-rdm/lib_gd32/librdm.a(rdmhandler.o)
                0x080119f4                rdmdevice_store::SaveLabel(char const*, unsigned long)
 .text._ZN9RdmDevice8SetLabelEPKN3rdm14DeviceInfoDataE
                0x08011a7c       0x38 ../lib-rdm/lib_gd32/librdm.a(rdmhandler.o)
                0x08011a7c                RdmDevice::SetLabel(rdm::DeviceInfoData const*)
 .text._ZN10RDMHandlerC2Eb
                0x08011ab4        0xc ../lib-rdm/lib_gd32/librdm.a(rdmhandler.o)
                0x08011ab4                RDMHandler::RDMHandler(bool)
                0x08011ab4                RDMHandler::RDMHandler(bool)
 .text._ZN10RDMHandler12HandleStringEPKcm
                0x08011ac0       0x18 ../lib-rdm/lib_gd32/librdm.a(rdmhandler.o)
                0x08011ac0                RDMHandler::HandleString(char const*, unsigned long)
 .text._ZN10RDMHandler20CreateRespondMessageEht
                0x08011ad8       0x92 ../lib-rdm/lib_gd32/librdm.a(rdmhandler.o)
                0x08011ad8                RDMHandler::CreateRespondMessage(unsigned char, unsigned short)
 .text._ZN10RDMHandler17RespondMessageAckEv
                0x08011b6a        0x8 ../lib-rdm/lib_gd32/librdm.a(rdmhandler.o)
                0x08011b6a                RDMHandler::RespondMessageAck()
 .text._ZN10RDMHandler13GetDeviceInfoEt
                0x08011b72       0x22 ../lib-rdm/lib_gd32/librdm.a(rdmhandler.o)
                0x08011b72                RDMHandler::GetDeviceInfo(unsigned short)
 .text._ZN10RDMHandler18GetFactoryDefaultsEt
                0x08011b94       0x44 ../lib-rdm/lib_gd32/librdm.a(rdmhandler.o)
                0x08011b94                RDMHandler::GetFactoryDefaults(unsigned short)
 .text._ZN10RDMHandler25GetDeviceModelDescriptionEt
                0x08011bd8       0x22 ../lib-rdm/lib_gd32/librdm.a(rdmhandler.o)
                0x08011bd8                RDMHandler::GetDeviceModelDescription(unsigned short)
 .text._ZN10RDMHandler14GetDeviceLabelEt
                0x08011bfa       0x20 ../lib-rdm/lib_gd32/librdm.a(rdmhandler.o)
                0x08011bfa                RDMHandler::GetDeviceLabel(unsigned short)
 *fill*         0x08011c1a        0x2 
 .text._ZN10RDMHandler17GetIdentifyDeviceEt
                0x08011c1c       0x14 ../lib-rdm/lib_gd32/librdm.a(rdmhandler.o)
                0x08011c1c                RDMHandler::GetIdentifyDevice(unsigned short)
 .text._ZN10RDMHandler20GetManufacturerLabelEt
                0x08011c30       0x34 ../lib-rdm/lib_gd32/librdm.a(rdmhandler.o)
                0x08011c30                RDMHandler::GetManufacturerLabel(unsigned short)
 .text._ZN10RDMHandler18RespondMessageNackEt
                0x08011c64        0x8 ../lib-rdm/lib_gd32/librdm.a(rdmhandler.o)
                0x08011c64                RDMHandler::RespondMessageNack(unsigned short)
 .text._ZN10RDMHandler14SetResetDeviceEbt
                0x08011c6c       0x3e ../lib-rdm/lib_gd32/librdm.a(rdmhandler.o)
                0x08011c6c                RDMHandler::SetResetDevice(bool, unsigned short)
 *fill*         0x08011caa        0x2 
 .text._ZN10RDMHandler17SetIdentifyDeviceEbt
                0x08011cac       0x74 ../lib-rdm/lib_gd32/librdm.a(rdmhandler.o)
                0x08011cac                RDMHandler::SetIdentifyDevice(bool, unsigned short)
 .text._ZN10RDMHandler18SetFactoryDefaultsEbt
                0x08011d20       0x6c ../lib-rdm/lib_gd32/librdm.a(rdmhandler.o)
                0x08011d20                RDMHandler::SetFactoryDefaults(bool, unsigned short)
 .text._ZN10RDMHandler14SetDeviceLabelEbt
                0x08011d8c       0x42 ../lib-rdm/lib_gd32/librdm.a(rdmhandler.o)
                0x08011d8c                RDMHandler::SetDeviceLabel(bool, unsigned short)
 *fill*         0x08011dce        0x2 
 .text._ZN10RDMHandler8HandlersEbhtht
                0x08011dd0       0xb8 ../lib-rdm/lib_gd32/librdm.a(rdmhandler.o)
                0x08011dd0                RDMHandler::Handlers(bool, unsigned char, unsigned short, unsigned char, unsigned short)
 .text._ZN10RDMHandler10HandleDataEPKhPh
                0x08011e88      0x160 ../lib-rdm/lib_gd32/librdm.a(rdmhandler.o)
                0x08011e88                RDMHandler::HandleData(unsigned char const*, unsigned char*)
 .text._ZN11RDMIdentify2OnENS_4ModeE
                0x08011fe8        0x2 ../lib-rdm/lib_gd32/librdm.a(rdmidentify.o)
                0x08011fe8                RDMIdentify::On(RDMIdentify::Mode)
 .text._ZN11RDMIdentify3OffENS_4ModeE
                0x08011fea        0x2 ../lib-rdm/lib_gd32/librdm.a(rdmidentify.o)
                0x08011fea                RDMIdentify::Off(RDMIdentify::Mode)
 .text.memcpy.isra.0
                0x08011fec       0x12 ../lib-rdm/lib_gd32/librdm.a(rdmhandlere1372.o)
 .text._ZN10RDMHandler16GetInterfaceListEt
                0x08011ffe       0x1a ../lib-rdm/lib_gd32/librdm.a(rdmhandlere1372.o)
                0x08011ffe                RDMHandler::GetInterfaceList(unsigned short)
 .text._ZN10RDMHandler16GetInterfaceNameEt
                0x08012018       0x64 ../lib-rdm/lib_gd32/librdm.a(rdmhandlere1372.o)
                0x08012018                RDMHandler::GetInterfaceName(unsigned short)
 .text._ZN10RDMHandler18GetHardwareAddressEt
                0x0801207c       0x2a ../lib-rdm/lib_gd32/librdm.a(rdmhandlere1372.o)
                0x0801207c                RDMHandler::GetHardwareAddress(unsigned short)
 .text._ZN10RDMHandler11GetDHCPModeEt
                0x080120a6       0x28 ../lib-rdm/lib_gd32/librdm.a(rdmhandlere1372.o)
                0x080120a6                RDMHandler::GetDHCPMode(unsigned short)
 *fill*         0x080120ce        0x2 
 .text._ZN10RDMHandler11SetDHCPModeEbt
                0x080120d0       0x24 ../lib-rdm/lib_gd32/librdm.a(rdmhandlere1372.o)
                0x080120d0                RDMHandler::SetDHCPMode(bool, unsigned short)
 .text._ZN10RDMHandler14GetNameServersEt
                0x080120f4       0x4c ../lib-rdm/lib_gd32/librdm.a(rdmhandlere1372.o)
                0x080120f4                RDMHandler::GetNameServers(unsigned short)
 .text._ZN10RDMHandler11GetZeroconfEt
                0x08012140       0x28 ../lib-rdm/lib_gd32/librdm.a(rdmhandlere1372.o)
                0x08012140                RDMHandler::GetZeroconf(unsigned short)
 .text._ZN10RDMHandler9SetAutoIpEbt
                0x08012168       0x3c ../lib-rdm/lib_gd32/librdm.a(rdmhandlere1372.o)
                0x08012168                RDMHandler::SetAutoIp(bool, unsigned short)
 .text._ZN10RDMHandler9RenewDhcpEbt
                0x080121a4       0x24 ../lib-rdm/lib_gd32/librdm.a(rdmhandlere1372.o)
                0x080121a4                RDMHandler::RenewDhcp(bool, unsigned short)
 .text._ZN10RDMHandler17GetAddressNetmaskEt
                0x080121c8       0x50 ../lib-rdm/lib_gd32/librdm.a(rdmhandlere1372.o)
                0x080121c8                RDMHandler::GetAddressNetmask(unsigned short)
 .text._ZN10RDMHandler16GetStaticAddressEt
                0x08012218       0x48 ../lib-rdm/lib_gd32/librdm.a(rdmhandlere1372.o)
                0x08012218                RDMHandler::GetStaticAddress(unsigned short)
 .text._ZN10RDMHandler16SetStaticAddressEbt
                0x08012260       0x68 ../lib-rdm/lib_gd32/librdm.a(rdmhandlere1372.o)
                0x08012260                RDMHandler::SetStaticAddress(bool, unsigned short)
 .text._ZN10RDMHandler18ApplyConfigurationEbt
                0x080122c8       0x70 ../lib-rdm/lib_gd32/librdm.a(rdmhandlere1372.o)
                0x080122c8                RDMHandler::ApplyConfiguration(bool, unsigned short)
 .text._ZN10RDMHandler15GetDefaultRouteEt
                0x08012338       0x3c ../lib-rdm/lib_gd32/librdm.a(rdmhandlere1372.o)
                0x08012338                RDMHandler::GetDefaultRoute(unsigned short)
 .text._ZN10RDMHandler15SetDefaultRouteEbt
                0x08012374       0x4c ../lib-rdm/lib_gd32/librdm.a(rdmhandlere1372.o)
                0x08012374                RDMHandler::SetDefaultRoute(bool, unsigned short)
 .text._ZN10RDMHandler11GetHostNameEt
                0x080123c0       0x28 ../lib-rdm/lib_gd32/librdm.a(rdmhandlere1372.o)
                0x080123c0                RDMHandler::GetHostName(unsigned short)
 .text._ZN10RDMHandler11SetHostNameEbt
                0x080123e8       0x2e ../lib-rdm/lib_gd32/librdm.a(rdmhandlere1372.o)
                0x080123e8                RDMHandler::SetHostName(bool, unsigned short)
 .text._ZN10RDMHandler13GetDomainNameEt
                0x08012416       0x28 ../lib-rdm/lib_gd32/librdm.a(rdmhandlere1372.o)
                0x08012416                RDMHandler::GetDomainName(unsigned short)
 .text._ZN10RDMHandler13SetDomainNameEbt
                0x0801243e        0x6 ../lib-rdm/lib_gd32/librdm.a(rdmhandlere1372.o)
                0x0801243e                RDMHandler::SetDomainName(bool, unsigned short)
 .text.startup._GLOBAL__sub_I__ZN10RDMHandler16CheckInterfaceIDEPK15TRdmMessageNoSc
                0x08012444        0xc ../lib-rdm/lib_gd32/librdm.a(rdmhandlere1372.o)
 .text._ZL13UartDmxConfigm
                0x08012450       0x1c ../lib-dmx/lib_gd32/libdmx.a(dmx.o)
 .text._ZN3Dmx8StopDataEm.part.0
                0x0801246c       0xa8 ../lib-dmx/lib_gd32/libdmx.a(dmx.o)
 .text.TIMER1_IRQHandler
                0x08012514      0x120 ../lib-dmx/lib_gd32/libdmx.a(dmx.o)
                0x08012514                TIMER1_IRQHandler
 .text.TIMER4_IRQHandler
                0x08012634      0x144 ../lib-dmx/lib_gd32/libdmx.a(dmx.o)
                0x08012634                TIMER4_IRQHandler
 .text.TIMER6_IRQHandler
                0x08012778       0x24 ../lib-dmx/lib_gd32/libdmx.a(dmx.o)
                0x08012778                TIMER6_IRQHandler
 .text.DMA0_Channel3_IRQHandler
                0x0801279c       0x70 ../lib-dmx/lib_gd32/libdmx.a(dmx.o)
                0x0801279c                DMA0_Channel3_IRQHandler
 .text.DMA1_Channel6_IRQHandler
                0x0801280c       0x88 ../lib-dmx/lib_gd32/libdmx.a(dmx.o)
                0x0801280c                DMA1_Channel6_IRQHandler
 .text._ZN3Dmx18GetTotalStatisticsEm
                0x08012894       0x24 ../lib-dmx/lib_gd32/libdmx.a(dmx.o)
                0x08012894                Dmx::GetTotalStatistics(unsigned long)
 .text._ZN3Dmx14StartDmxOutputEm
                0x080128b8       0xb4 ../lib-dmx/lib_gd32/libdmx.a(dmx.o)
                0x080128b8                Dmx::StartDmxOutput(unsigned long)
 .text._ZN3Dmx8StopDataEm
                0x0801296c       0xb4 ../lib-dmx/lib_gd32/libdmx.a(dmx.o)
                0x0801296c                Dmx::StopData(unsigned long)
 .text._ZN3Dmx4SyncEv
                0x08012a20       0x68 ../lib-dmx/lib_gd32/libdmx.a(dmx.o)
                0x08012a20                Dmx::Sync()
 .text._ZNK3Dmx15GetDmxBreakTimeEv
                0x08012a88        0xc ../lib-dmx/lib_gd32/libdmx.a(dmx.o)
                0x08012a88                Dmx::GetDmxBreakTime() const
 .text._ZNK3Dmx13GetDmxMabTimeEv
                0x08012a94        0xc ../lib-dmx/lib_gd32/libdmx.a(dmx.o)
                0x08012a94                Dmx::GetDmxMabTime() const
 .text._ZN3Dmx14SetOutputStyleEmN3dmx11OutputStyleE
                0x08012aa0       0x9c ../lib-dmx/lib_gd32/libdmx.a(dmx.o)
                0x08012aa0                Dmx::SetOutputStyle(unsigned long, dmx::OutputStyle)
 .text._ZNK3Dmx14GetOutputStyleEm
                0x08012b3c       0x14 ../lib-dmx/lib_gd32/libdmx.a(dmx.o)
                0x08012b3c                Dmx::GetOutputStyle(unsigned long) const
 .text._ZN3Dmx9StartDataEm
                0x08012b50       0xa4 ../lib-dmx/lib_gd32/libdmx.a(dmx.o)
                0x08012b50                Dmx::StartData(unsigned long)
 .text._ZN3Dmx6FullOnEv
                0x08012bf4       0x88 ../lib-dmx/lib_gd32/libdmx.a(dmx.o)
                0x08012bf4                Dmx::FullOn()
 .text._ZN3Dmx8BlackoutEv
                0x08012c7c      0x13c ../lib-dmx/lib_gd32/libdmx.a(dmx.o)
                0x08012c7c                Dmx::Blackout()
 .text._ZN3Dmx16SetPortDirectionEmN3dmx13PortDirectionEb
                0x08012db8      0x100 ../lib-dmx/lib_gd32/libdmx.a(dmx.o)
                0x08012db8                Dmx::SetPortDirection(unsigned long, dmx::PortDirection, bool)
 .text._ZN3DmxC2Ev
                0x08012eb8      0x2b0 ../lib-dmx/lib_gd32/libdmx.a(dmx.o)
                0x08012eb8                Dmx::Dmx()
                0x08012eb8                Dmx::Dmx()
 .text._ZSt3maxImERKT_S2_S2_
                0x08013168        0xc ../lib-dmx/lib_gd32/libdmx.a(dmx.o)
                0x08013168                unsigned long const& std::max<unsigned long>(unsigned long const&, unsigned long const&)
 .text._ZN3Dmx16SetDmxPeriodTimeEm
                0x08013174       0x54 ../lib-dmx/lib_gd32/libdmx.a(dmx.o)
                0x08013174                Dmx::SetDmxPeriodTime(unsigned long)
 .text._ZN3Dmx19SetSendDataInternalILm0ELb0ELN3dmx9SendStyleE1EEEvPKhm
                0x080131c8       0x64 ../lib-dmx/lib_gd32/libdmx.a(dmx.o)
                0x080131c8                void Dmx::SetSendDataInternal<0ul, false, (dmx::SendStyle)1>(unsigned char const*, unsigned long)
 .text._ZN3Dmx19SetSendDataInternalILm1ELb0ELN3dmx9SendStyleE1EEEvPKhm
                0x0801322c       0x68 ../lib-dmx/lib_gd32/libdmx.a(dmx.o)
                0x0801322c                void Dmx::SetSendDataInternal<1ul, false, (dmx::SendStyle)1>(unsigned char const*, unsigned long)
 .text._ZN3Dmx19SetSendDataInternalILm0ELb0ELN3dmx9SendStyleE0EEEvPKhm
                0x08013294       0xcc ../lib-dmx/lib_gd32/libdmx.a(dmx.o)
                0x08013294                void Dmx::SetSendDataInternal<0ul, false, (dmx::SendStyle)0>(unsigned char const*, unsigned long)
 .text._ZN3Dmx19SetSendDataInternalILm1ELb0ELN3dmx9SendStyleE0EEEvPKhm
                0x08013360       0xd4 ../lib-dmx/lib_gd32/libdmx.a(dmx.o)
                0x08013360                void Dmx::SetSendDataInternal<1ul, false, (dmx::SendStyle)0>(unsigned char const*, unsigned long)
 .text._ZN3Dmx15SetDmxBreakTimeEm
                0x08013434       0x28 ../lib-dmx/lib_gd32/libdmx.a(dmx.o)
                0x08013434                Dmx::SetDmxBreakTime(unsigned long)
 .text._ZN3Dmx13SetDmxMabTimeEm
                0x0801345c       0x28 ../lib-dmx/lib_gd32/libdmx.a(dmx.o)
                0x0801345c                Dmx::SetDmxMabTime(unsigned long)
 .text._ZN3Dmx11SetDmxSlotsEt
                0x08013484       0x3a ../lib-dmx/lib_gd32/libdmx.a(dmx.o)
                0x08013484                Dmx::SetDmxSlots(unsigned short)
 *fill*         0x080134be        0x2 
 .text._ZN4json13DmxSendParamsC2Ev
                0x080134c0       0x20 ../lib-dmx/lib_gd32/libdmx.a(dmxsendparams.o)
                0x080134c0                json::DmxSendParams::DmxSendParams()
                0x080134c0                json::DmxSendParams::DmxSendParams()
 .text._ZN4json13DmxSendParams5StoreEPKcm
                0x080134e0       0x60 ../lib-dmx/lib_gd32/libdmx.a(dmxsendparams.o)
                0x080134e0                json::DmxSendParams::Store(char const*, unsigned long)
 .text._ZN4json13DmxSendParams3SetEv
                0x08013540       0x48 ../lib-dmx/lib_gd32/libdmx.a(dmxsendparams.o)
                0x08013540                json::DmxSendParams::Set()
 .text._ZN4json10ParseValueItEET_PKcm
                0x08013588       0x44 ../lib-dmx/lib_gd32/libdmx.a(dmxsendparams.o)
                0x08013588                unsigned short json::ParseValue<unsigned short>(char const*, unsigned long)
 .text._ZN4json13DmxSendParams13SetSlotsCountEPKcm
                0x080135cc       0x28 ../lib-dmx/lib_gd32/libdmx.a(dmxsendparams.o)
                0x080135cc                json::DmxSendParams::SetSlotsCount(char const*, unsigned long)
 .text._ZN4json13DmxSendParams14SetRefreshRateEPKcm
                0x080135f4       0x10 ../lib-dmx/lib_gd32/libdmx.a(dmxsendparams.o)
                0x080135f4                json::DmxSendParams::SetRefreshRate(char const*, unsigned long)
 .text._ZN4json13DmxSendParams10SetMabTimeEPKcm
                0x08013604       0x18 ../lib-dmx/lib_gd32/libdmx.a(dmxsendparams.o)
                0x08013604                json::DmxSendParams::SetMabTime(char const*, unsigned long)
 .text._ZN4json13DmxSendParams12SetBreakTimeEPKcm
                0x0801361c       0x18 ../lib-dmx/lib_gd32/libdmx.a(dmxsendparams.o)
                0x0801361c                json::DmxSendParams::SetBreakTime(char const*, unsigned long)
 .text._ZN7JsonDoc8KeyProxyaSEm.isra.0
                0x08013634       0x78 ../lib-dmx/lib_gd32/libdmx.a(json_config_dmxsend.o)
 .text._ZN4json6config10GetDmxSendEPcm
                0x080136ac       0x98 ../lib-dmx/lib_gd32/libdmx.a(json_config_dmxsend.o)
                0x080136ac                json::config::GetDmxSend(char*, unsigned long)
 .text._ZN4json6config10SetDmxSendEPKcm
                0x08013744       0x20 ../lib-dmx/lib_gd32/libdmx.a(json_config_dmxsend.o)
                0x08013744                json::config::SetDmxSend(char const*, unsigned long)
 .text._ZN4json6status3DmxEPcm
                0x08013764       0x70 ../lib-dmx/lib_gd32/libdmx.a(json_status_dmx.o)
                0x08013764                json::status::Dmx(char*, unsigned long)
 .text._ZN4json6status3DmxEPcmm
                0x080137d4       0x60 ../lib-dmx/lib_gd32/libdmx.a(json_status_dmx.o)
                0x080137d4                json::status::Dmx(char*, unsigned long, unsigned long)
 .text._ZN7JsonDoc8KeyProxyaSEPKc.isra.0
                0x08013834       0x50 ../lib-pixeldmx/lib_gd32/libpixeldmx.a(json_config_dmxpixel.o)
 .text._ZN7JsonDoc8KeyProxyaSEm.isra.0
                0x08013884       0x78 ../lib-pixeldmx/lib_gd32/libpixeldmx.a(json_config_dmxpixel.o)
 .text._ZN5pixel10ConvertTxHEh
                0x080138fc       0x5c ../lib-pixeldmx/lib_gd32/libpixeldmx.a(json_config_dmxpixel.o)
                0x080138fc                pixel::ConvertTxH(unsigned char)
 .text._ZN4json6config11GetPixelDmxEPcm
                0x08013958      0x1a4 ../lib-pixeldmx/lib_gd32/libpixeldmx.a(json_config_dmxpixel.o)
                0x08013958                json::config::GetPixelDmx(char*, unsigned long)
 .text._ZN4json6config11SetPixelDmxEPKcm
                0x08013afc       0x20 ../lib-pixeldmx/lib_gd32/libpixeldmx.a(json_config_dmxpixel.o)
                0x08013afc                json::config::SetPixelDmx(char const*, unsigned long)
 .text._ZN4json6status8PixelDmxEPcm
                0x08013b1c       0xac ../lib-pixeldmx/lib_gd32/libpixeldmx.a(json_status_pixeldmx.o)
                0x08013b1c                json::status::PixelDmx(char*, unsigned long)
 .text._ZN7Display9ClearLineEm.isra.0
                0x08013bc8        0xa ../lib-pixeldmx/lib_gd32/libpixeldmx.a(pixeldmxparams.o)
 *fill*         0x08013bd2        0x2 
 .text._ZN4json14PixelDmxParams7SetTypeEPKcm
                0x08013bd4       0x38 ../lib-pixeldmx/lib_gd32/libpixeldmx.a(pixeldmxparams.o)
                0x08013bd4                json::PixelDmxParams::SetType(char const*, unsigned long)
 .text._ZN4json14PixelDmxParams6SetMapEPKcm
                0x08013c0c       0x3c ../lib-pixeldmx/lib_gd32/libpixeldmx.a(pixeldmxparams.o)
                0x08013c0c                json::PixelDmxParams::SetMap(char const*, unsigned long)
 .text._ZN5pixel10ConvertTxHEf
                0x08013c48       0xac ../lib-pixeldmx/lib_gd32/libpixeldmx.a(pixeldmxparams.o)
                0x08013c48                pixel::ConvertTxH(float)
 .text._ZN4json4AtoiEPKcm
                0x08013cf4       0x44 ../lib-pixeldmx/lib_gd32/libpixeldmx.a(pixeldmxparams.o)
                0x08013cf4                json::Atoi(char const*, unsigned long)
 .text._ZN4json14PixelDmxParams8SetCountEPKcm
                0x08013d38       0x14 ../lib-pixeldmx/lib_gd32/libpixeldmx.a(pixeldmxparams.o)
                0x08013d38                json::PixelDmxParams::SetCount(char const*, unsigned long)
 .text._ZN4json14PixelDmxParams16SetActiveOutputsEPKcm
                0x08013d4c       0x14 ../lib-pixeldmx/lib_gd32/libpixeldmx.a(pixeldmxparams.o)
                0x08013d4c                json::PixelDmxParams::SetActiveOutputs(char const*, unsigned long)
 .text._ZN4json14PixelDmxParams13SetSpiSpeedHzEPKcm
                0x08013d60       0x14 ../lib-pixeldmx/lib_gd32/libpixeldmx.a(pixeldmxparams.o)
                0x08013d60                json::PixelDmxParams::SetSpiSpeedHz(char const*, unsigned long)
 .text._ZN4json14PixelDmxParams19SetGlobalBrightnessEPKcm
                0x08013d74       0x14 ../lib-pixeldmx/lib_gd32/libpixeldmx.a(pixeldmxparams.o)
                0x08013d74                json::PixelDmxParams::SetGlobalBrightness(char const*, unsigned long)
 .text._ZN4json14PixelDmxParams14SetTestPatternEPKcm
                0x08013d88       0x18 ../lib-pixeldmx/lib_gd32/libpixeldmx.a(pixeldmxparams.o)
                0x08013d88                json::PixelDmxParams::SetTestPattern(char const*, unsigned long)
 .text._ZN4json14PixelDmxParams15SetStartUniPortEPKcmS2_m
                0x08013da0       0x2c ../lib-pixeldmx/lib_gd32/libpixeldmx.a(pixeldmxparams.o)
                0x08013da0                json::PixelDmxParams::SetStartUniPort(char const*, unsigned long, char const*, unsigned long)
 .text._ZN4json14PixelDmxParams16SetGroupingCountEPKcm
                0x08013dcc       0x14 ../lib-pixeldmx/lib_gd32/libpixeldmx.a(pixeldmxparams.o)
                0x08013dcc                json::PixelDmxParams::SetGroupingCount(char const*, unsigned long)
 .text._ZN4json4AtofEPKcm
                0x08013de0       0x98 ../lib-pixeldmx/lib_gd32/libpixeldmx.a(pixeldmxparams.o)
                0x08013de0                json::Atof(char const*, unsigned long)
 .text._ZN4json14PixelDmxParams10SetLowCodeEPKcm
                0x08013e78       0x14 ../lib-pixeldmx/lib_gd32/libpixeldmx.a(pixeldmxparams.o)
                0x08013e78                json::PixelDmxParams::SetLowCode(char const*, unsigned long)
 .text._ZN4json14PixelDmxParams11SetHighCodeEPKcm
                0x08013e8c       0x14 ../lib-pixeldmx/lib_gd32/libpixeldmx.a(pixeldmxparams.o)
                0x08013e8c                json::PixelDmxParams::SetHighCode(char const*, unsigned long)
 .text._ZN18PixelConfiguration8ValidateEv
                0x08013ea0      0x11c ../lib-pixeldmx/lib_gd32/libpixeldmx.a(pixeldmxparams.o)
                0x08013ea0                PixelConfiguration::Validate()
 .text._ZN16PixelOutputMulti3GetEv
                0x08013fbc        0xc ../lib-pixeldmx/lib_gd32/libpixeldmx.a(pixeldmxparams.o)
                0x08013fbc                PixelOutputMulti::Get()
 .text._ZN13PixelDmxMulti18ApplyConfigurationEv
                0x08013fc8       0xb8 ../lib-pixeldmx/lib_gd32/libpixeldmx.a(pixeldmxparams.o)
                0x08013fc8                PixelDmxMulti::ApplyConfiguration()
 .text._ZN6common8firmware8pixeldmx4ShowEmN13pixelpatterns7PatternE
                0x08014080       0x90 ../lib-pixeldmx/lib_gd32/libpixeldmx.a(pixeldmxparams.o)
                0x08014080                common::firmware::pixeldmx::Show(unsigned long, pixelpatterns::Pattern)
 .text._ZN4json14PixelDmxParamsC2Ev
                0x08014110       0x20 ../lib-pixeldmx/lib_gd32/libpixeldmx.a(pixeldmxparams.o)
                0x08014110                json::PixelDmxParams::PixelDmxParams()
                0x08014110                json::PixelDmxParams::PixelDmxParams()
 .text._ZN4json14PixelDmxParams5StoreEPKcm
                0x08014130       0x60 ../lib-pixeldmx/lib_gd32/libpixeldmx.a(pixeldmxparams.o)
                0x08014130                json::PixelDmxParams::Store(char const*, unsigned long)
 .text._ZN4json14PixelDmxParams3SetEv
                0x08014190      0x178 ../lib-pixeldmx/lib_gd32/libpixeldmx.a(pixeldmxparams.o)
                0x08014190                json::PixelDmxParams::Set()
 .text._ZN5pixel7GetTypeENS_4TypeE
                0x08014308       0x18 ../lib-pixel/lib_gd32/libpixel.a(pixeltype.o)
                0x08014308                pixel::GetType(pixel::Type)
 .text._ZN5pixel7GetTypeEPKc
                0x08014320       0x4c ../lib-pixel/lib_gd32/libpixel.a(pixeltype.o)
                0x08014320                pixel::GetType(char const*)
 .text._ZN5pixel6GetMapEPKc
                0x0801436c       0x50 ../lib-pixel/lib_gd32/libpixel.a(pixeltype.o)
                0x0801436c                pixel::GetMap(char const*)
 .text._ZN5pixel6GetMapENS_3MapE
                0x080143bc       0x18 ../lib-pixel/lib_gd32/libpixel.a(pixeltype.o)
                0x080143bc                pixel::GetMap(pixel::Map)
 .text._ZN4json6status5PixelEPcm
                0x080143d4       0x2c ../lib-pixel/lib_gd32/libpixel.a(json_status_pixel.o)
                0x080143d4                json::status::Pixel(char*, unsigned long)
 .text.__NVIC_SetPriority.constprop.0
                0x08014400       0x10 ../lib-pixel/lib_gd32/libpixel.a(pixeloutputmulti.o)
 .text.__NVIC_EnableIRQ.constprop.0
                0x08014410       0x10 ../lib-pixel/lib_gd32/libpixel.a(pixeloutputmulti.o)
 .text._ZN5pixel6GetMapENS_4TypeE
                0x08014420       0x14 ../lib-pixel/lib_gd32/libpixel.a(pixeloutputmulti.o)
                0x08014420                pixel::GetMap(pixel::Type)
 .text._ZN16PixelOutputMulti10IsUpdatingEv
                0x08014434       0x10 ../lib-pixel/lib_gd32/libpixel.a(pixeloutputmulti.o)
                0x08014434                PixelOutputMulti::IsUpdating()
 .text._ZN16PixelOutputMulti11GetUserDataEv
                0x08014444        0xc ../lib-pixel/lib_gd32/libpixel.a(pixeloutputmulti.o)
                0x08014444                PixelOutputMulti::GetUserData()
 .text._ZN16PixelOutputMulti5SetupEhh
                0x08014450      0x258 ../lib-pixel/lib_gd32/libpixel.a(pixeloutputmulti.o)
                0x08014450                PixelOutputMulti::Setup(unsigned char, unsigned char)
 .text._ZN16PixelOutputMulti5SetupEm
                0x080146a8      0x570 ../lib-pixel/lib_gd32/libpixel.a(pixeloutputmulti.o)
                0x080146a8                PixelOutputMulti::Setup(unsigned long)
 .text._ZN16PixelOutputMulti18ApplyConfigurationEv
                0x08014c18      0x4b0 ../lib-pixel/lib_gd32/libpixel.a(pixeloutputmulti.o)
                0x08014c18                PixelOutputMulti::ApplyConfiguration()
 .text._ZN16PixelOutputMultiC2Ev
                0x080150c8      0x134 ../lib-pixel/lib_gd32/libpixel.a(pixeloutputmulti.o)
                0x080150c8                PixelOutputMulti::PixelOutputMulti()
                0x080150c8                PixelOutputMulti::PixelOutputMulti()
 .text._ZN16PixelOutputMulti6UpdateEv
                0x080151fc      0x1d4 ../lib-pixel/lib_gd32/libpixel.a(pixeloutputmulti.o)
                0x080151fc                PixelOutputMulti::Update()
 .text._ZN16PixelOutputMulti8BlackoutEv
                0x080153d0      0x33c ../lib-pixel/lib_gd32/libpixel.a(pixeloutputmulti.o)
                0x080153d0                PixelOutputMulti::Blackout()
 .text._ZN16PixelOutputMulti6FullOnEv
                0x0801570c      0x33c ../lib-pixel/lib_gd32/libpixel.a(pixeloutputmulti.o)
                0x0801570c                PixelOutputMulti::FullOn()
 .text.TIMER3_IRQHandler
                0x08015a48       0x60 ../lib-pixel/lib_gd32/libpixel.a(pixeloutputmulti.o)
                0x08015a48                TIMER3_IRQHandler
 .text.TIMER0_TRG_CMT_TIMER10_IRQHandler
                0x08015aa8       0x48 ../lib-pixel/lib_gd32/libpixel.a(pixeloutputmulti.o)
                0x08015aa8                TIMER0_TRG_CMT_TIMER10_IRQHandler
 .text.DMA1_Channel0_IRQHandler
                0x08015af0       0x50 ../lib-pixel/lib_gd32/libpixel.a(pixeloutputmulti.o)
                0x08015af0                DMA1_Channel0_IRQHandler
 .text._ZN11configstore18SetFactoryDefaultsEv
                0x08015b40        0x2 ../lib-configstore/lib_gd32/libconfigstore.a(set_factory_defaults.o)
                0x08015b40                configstore::SetFactoryDefaults()
 *fill*         0x08015b42        0x2 
 .text._ZN11StoreDeviceC2Ev
                0x08015b44       0x1c ../lib-configstore/lib_gd32/libconfigstore.a(storedevice.o)
                0x08015b44                StoreDevice::StoreDevice()
                0x08015b44                StoreDevice::StoreDevice()
 .text._ZNK11StoreDevice7GetSizeEv
                0x08015b60        0x6 ../lib-configstore/lib_gd32/libconfigstore.a(storedevice.o)
                0x08015b60                StoreDevice::GetSize() const
 .text._ZNK11StoreDevice13GetSectorSizeEv
                0x08015b66        0x6 ../lib-configstore/lib_gd32/libconfigstore.a(storedevice.o)
                0x08015b66                StoreDevice::GetSectorSize() const
 .text._ZN11StoreDevice4ReadEmmPhRN11storedevice6ResultE
                0x08015b6c        0xa ../lib-configstore/lib_gd32/libconfigstore.a(storedevice.o)
                0x08015b6c                StoreDevice::Read(unsigned long, unsigned long, unsigned char*, storedevice::Result&)
 .text._ZN11StoreDevice5EraseEmmRN11storedevice6ResultE
                0x08015b76        0x8 ../lib-configstore/lib_gd32/libconfigstore.a(storedevice.o)
                0x08015b76                StoreDevice::Erase(unsigned long, unsigned long, storedevice::Result&)
 .text._ZN11StoreDevice5WriteEmmPKhRN11storedevice6ResultE
                0x08015b7e        0xa ../lib-configstore/lib_gd32/libconfigstore.a(storedevice.o)
                0x08015b7e                StoreDevice::Write(unsigned long, unsigned long, unsigned char const*, storedevice::Result&)
 .text._Z13emac_eth_recvPPh
                0x08015b88       0x3c ../lib-network/lib_gd32/libnetwork.a(emac_eth.o)
                0x08015b88                emac_eth_recv(unsigned char**)
 .text._Z13emac_free_pktv
                0x08015bc4       0x40 ../lib-network/lib_gd32/libnetwork.a(emac_eth.o)
                0x08015bc4                emac_free_pkt()
 .text._Z28emac_eth_send_get_dma_bufferv
                0x08015c04       0x18 ../lib-network/lib_gd32/libnetwork.a(emac_eth.o)
                0x08015c04                emac_eth_send_get_dma_buffer()
 .text._Z13emac_eth_sendm
                0x08015c1c       0x38 ../lib-network/lib_gd32/libnetwork.a(emac_eth.o)
                0x08015c1c                emac_eth_send(unsigned long)
 .text._Z13emac_eth_sendPvm
                0x08015c54       0x30 ../lib-network/lib_gd32/libnetwork.a(emac_eth.o)
                0x08015c54                emac_eth_send(void*, unsigned long)
 .text._ZN5netifL15DefaultCallbackEtPKNS_25netif_ext_callback_args_tE
                0x08015c84        0x2 ../lib-network/lib_gd32/libnetwork.a(netif.o)
 *fill*         0x08015c86        0x2 
 .text._ZN5netifL20NetifDoUpdateGlobalsEv
                0x08015c88       0x28 ../lib-network/lib_gd32/libnetwork.a(netif.o)
 .text._ZN5netifL17NetifIssueReportsEv
                0x08015cb0       0x18 ../lib-network/lib_gd32/libnetwork.a(netif.o)
 .text._ZN5netifL16NetifDoSetIpaddrEN7network7ip_addrERS1_
                0x08015cc8       0x2c ../lib-network/lib_gd32/libnetwork.a(netif.o)
 .text._ZN5netif4InitEv
                0x08015cf4       0x40 ../lib-network/lib_gd32/libnetwork.a(netif.o)
                0x08015cf4                netif::Init()
 .text._ZN5netif9SetIpAddrEN7network7ip_addrE
                0x08015d34       0x24 ../lib-network/lib_gd32/libnetwork.a(netif.o)
                0x08015d34                netif::SetIpAddr(network::ip_addr)
 .text._ZN5netif10SetNetmaskEN7network7ip_addrE
                0x08015d58       0x28 ../lib-network/lib_gd32/libnetwork.a(netif.o)
                0x08015d58                netif::SetNetmask(network::ip_addr)
 .text._ZN5netif5SetGwEN7network7ip_addrE
                0x08015d80       0x28 ../lib-network/lib_gd32/libnetwork.a(netif.o)
                0x08015d80                netif::SetGw(network::ip_addr)
 .text._ZN5netif7SetAddrEN7network7ip_addrES1_S1_
                0x08015da8       0x94 ../lib-network/lib_gd32/libnetwork.a(netif.o)
                0x08015da8                netif::SetAddr(network::ip_addr, network::ip_addr, network::ip_addr)
 .text._ZN5netif14AddExtCallbackEPFvtPKNS_25netif_ext_callback_args_tEE
                0x08015e3c        0xc ../lib-network/lib_gd32/libnetwork.a(netif.o)
                0x08015e3c                netif::AddExtCallback(void (*)(unsigned short, netif::netif_ext_callback_args_t const*))
 .text._ZN5netif11SetLinkDownEv
                0x08015e48       0x38 ../lib-network/lib_gd32/libnetwork.a(netif.o)
                0x08015e48                netif::SetLinkDown()
 .text._ZN7network3tcpL8AllocTcbEtPm
                0x08015e80       0x98 ../lib-network/lib_gd32/libnetwork.a(tcp.o)
 .text._ZN7network3tcpL21TcpSwap32AcknumSeqnumEPNS0_6HeaderE
                0x08015f18       0x18 ../lib-network/lib_gd32/libnetwork.a(tcp.o)
 .text._ZN7network3tcpL11ScanOptionsEPNS0_6HeaderEPNS0_3TcbEl
                0x08015f30       0xa8 ../lib-network/lib_gd32/libnetwork.a(tcp.o)
 .text._ZN7network3tcpL11SendSegmentEPNS0_3TcbERKNS0_8SendInfoEb
                0x08015fd8      0x318 ../lib-network/lib_gd32/libnetwork.a(tcp.o)
 .text._ZN7network3tcpL9SendResetEPNS0_6HeaderEPNS0_3TcbE
                0x080162f0       0x58 ../lib-network/lib_gd32/libnetwork.a(tcp.o)
 .text._ZN7network3tcpL7FreeTcbEPNS0_3TcbE
                0x08016348       0xc8 ../lib-network/lib_gd32/libnetwork.a(tcp.o)
 .text._ZN7network3tcpL8RtxOnAckEPNS0_3TcbEm
                0x08016410      0x104 ../lib-network/lib_gd32/libnetwork.a(tcp.o)
 .text._ZN7network3tcp11datasegment5QueueC2Ev
                0x08016514        0xc ../lib-network/lib_gd32/libnetwork.a(tcp.o)
                0x08016514                network::tcp::datasegment::Queue::Queue()
                0x08016514                network::tcp::datasegment::Queue::Queue()
 .text._ZN7network3tcp6ListenEtPFvmPKhmE
                0x08016520       0x1c ../lib-network/lib_gd32/libnetwork.a(tcp.o)
                0x08016520                network::tcp::Listen(unsigned short, void (*)(unsigned long, unsigned char const*, unsigned long))
 .text._ZN7network3tcp5AbortEm
                0x0801653c       0x48 ../lib-network/lib_gd32/libnetwork.a(tcp.o)
                0x0801653c                network::tcp::Abort(unsigned long)
 .text._ZN7network3tcp4SendEmPKhm
                0x08016584      0x1bc ../lib-network/lib_gd32/libnetwork.a(tcp.o)
                0x08016584                network::tcp::Send(unsigned long, unsigned char const*, unsigned long)
 .text.startup._GLOBAL__sub_I__ZN7network3tcp4InitEv
                0x08016740       0x1c ../lib-network/lib_gd32/libnetwork.a(tcp.o)
 .text._ZN7network3udp5BeginEtPFvPKhmmtE
                0x0801675c       0x40 ../lib-network/lib_gd32/libnetwork.a(udp.o)
                0x0801675c                network::udp::Begin(unsigned short, void (*)(unsigned char const*, unsigned long, unsigned long, unsigned short))
 .text._ZN7network3udp3EndEt
                0x0801679c       0x40 ../lib-network/lib_gd32/libnetwork.a(udp.o)
                0x0801679c                network::udp::End(unsigned short)
 .text._ZN7network3udp4SendElPKhmmt
                0x080167dc      0x150 ../lib-network/lib_gd32/libnetwork.a(udp.o)
                0x080167dc                network::udp::Send(long, unsigned char const*, unsigned long, unsigned long, unsigned short)
 .text._ZN7network5iface13EthernetInputEPKhm
                0x0801692c       0xb8 ../lib-network/lib_gd32/libnetwork.a(ethernet.o)
                0x0801692c                network::iface::EthernetInput(unsigned char const*, unsigned long)
 .text.strncpy.isra.0
                0x080169e4       0x22 ../lib-network/lib_gd32/libnetwork.a(iface.o)
 *fill*         0x08016a06        0x2 
 .text._ZN7network5ifaceL20BuildDefaultHostnameEv
                0x08016a08       0x94 ../lib-network/lib_gd32/libnetwork.a(iface.o)
 .text._ZN7network5iface16CopyMacAddressToEPh
                0x08016a9c       0x18 ../lib-network/lib_gd32/libnetwork.a(iface.o)
                0x08016a9c                network::iface::CopyMacAddressTo(unsigned char*)
 .text._ZN7network5iface13SetDomainNameEPKc
                0x08016ab4       0x28 ../lib-network/lib_gd32/libnetwork.a(iface.o)
                0x08016ab4                network::iface::SetDomainName(char const*)
 .text._ZN7network5iface10DomainNameEv
                0x08016adc        0x8 ../lib-network/lib_gd32/libnetwork.a(iface.o)
                0x08016adc                network::iface::DomainName()
 .text._ZN7network5iface11SetHostnameEPKc
                0x08016ae4       0x58 ../lib-network/lib_gd32/libnetwork.a(iface.o)
                0x08016ae4                network::iface::SetHostname(char const*)
 .text._ZN7network5iface8HostNameEv
                0x08016b3c        0xc ../lib-network/lib_gd32/libnetwork.a(iface.o)
                0x08016b3c                network::iface::HostName()
 .text._ZN7network5iface10NameServerEm
                0x08016b48        0x4 ../lib-network/lib_gd32/libnetwork.a(iface.o)
                0x08016b48                network::iface::NameServer(unsigned long)
 .text._ZN7network5iface15NameServerCountEv
                0x08016b4c        0x4 ../lib-network/lib_gd32/libnetwork.a(iface.o)
                0x08016b4c                network::iface::NameServerCount()
 .text._ZN7network5iface4DhcpEv
                0x08016b50       0x10 ../lib-network/lib_gd32/libnetwork.a(iface.o)
                0x08016b50                network::iface::Dhcp()
 .text._ZN7network5iface10EnableDhcpEv