../lib-display/include/i2c/display.h:119:6:int Display::Write(uint32_t, const char*)	8	static
../include/string.h:58:14:void* memcpy(void*, const void*, size_t)	0	static
../lib-network/include/net/dhcp.h:104:13:void net::dhcp_run()	24	static
../lib-display/include/i2c/display.h:138:6:)	56	static
../lib-display/include/i2c/display.h:188:7:void Display::TextStatus(const char*, uint32_t)	32	static
../lib-display/include/i2c/display.h:286:7:void Display::SetSleep(bool)	16	static
../lib-rdm/include/rdmdevice.h:113:7:void RDMDevice::SetLabel(const TRDMDeviceInfoData*)	48	static
../lib-rdm/include/rdmdeviceresponder.h:69:10:RDMDeviceResponder::~RDMDeviceResponder()	24	static
../lib-rdm/include/rdmnetdevice.h:54:2:RDMNetDevice::~RDMNetDevice()	8	static
../lib-rdm/include/rdmnetdevice.h:54:2:virtual RDMNetDevice::~RDMNetDevice()	8	static
../lib-rdm/include/rdmdeviceresponder.h:69:10:virtual RDMDeviceResponder::~RDMDeviceResponder()	8	static
../lib-rdm/include/rdmnetdevice.h:64:7:void RDMNetDevice::Print()	72	static
./include/factorydefaults.h:37:6:void rdm::device::responder::factorydefaults()	32	static
firmware/main.cpp:60:6:void Hardware::RebootHandler()	0	static
firmware/main.cpp:64:5:int main()	880	static
