Archive member included to satisfy reference by file (symbol)

/Users/arjanvanvught/Library/xPacks/@xpack-dev-tools/arm-none-eabi-gcc/13.2.1-1.1.1/.content/bin/../lib/gcc/arm-none-eabi/13.2.1/thumb/v7e-m+fp/hard/libgcc.a(_arm_addsubdf3.o)
                              build_gd32/firmware/main.o (__aeabi_f2d)
../lib-remoteconfig/lib_gd32/libremoteconfig.a(remoteconfig.o)
                              build_gd32/firmware/main.o (RemoteConfig::s_pUdpBuffer)
../lib-remoteconfig/lib_gd32/libremoteconfig.a(remoteconfigfactory.o)
                              ../lib-remoteconfig/lib_gd32/libremoteconfig.a(remoteconfig.o) (RemoteConfig::HandleFactory())
../lib-remoteconfig/lib_gd32/libremoteconfig.a(remoteconfigparams.o)
                              build_gd32/firmware/main.o (RemoteConfigParams::RemoteConfigParams())
../lib-remoteconfig/lib_gd32/libremoteconfig.a(remoteconfigreboot.o)
                              ../lib-remoteconfig/lib_gd32/libremoteconfig.a(remoteconfig.o) (RemoteConfig::HandleReboot())
../lib-remoteconfig/lib_gd32/libremoteconfig.a(remoteconfigstatic.o)
                              ../lib-remoteconfig/lib_gd32/libremoteconfig.a(remoteconfig.o) (RemoteConfig::GetIndex(void const*, unsigned long&))
../lib-remoteconfig/lib_gd32/libremoteconfig.a(remoteconfig.o)
                              ../lib-remoteconfig/lib_gd32/libremoteconfig.a(remoteconfig.o) (RemoteConfig::PlatformHandleTftpSet())
../lib-remoteconfig/lib_gd32/libremoteconfig.a(httpd.o)
                              ../lib-remoteconfig/lib_gd32/libremoteconfig.a(remoteconfig.o) (HttpDaemon::HttpDaemon())
../lib-remoteconfig/lib_gd32/libremoteconfig.a(httpdhandlerequest.o)
                              build_gd32/firmware/main.o (HttpDeamonHandleRequest::HandleRequest(unsigned long, char*))
../lib-remoteconfig/lib_gd32/libremoteconfig.a(remoteconfigconst.o)
                              ../lib-remoteconfig/lib_gd32/libremoteconfig.a(remoteconfigparams.o) (RemoteConfigConst::PARAMS_DISPLAY_NAME)
../lib-remoteconfig/lib_gd32/libremoteconfig.a(remoteconfigjson.o)
                              ../lib-remoteconfig/lib_gd32/libremoteconfig.a(httpdhandlerequest.o) (remoteconfig::json_get_list(char*, unsigned long))
../lib-remoteconfig/lib_gd32/libremoteconfig.a(get_file_content.o)
                              ../lib-remoteconfig/lib_gd32/libremoteconfig.a(httpdhandlerequest.o) (get_file_content(char const*, unsigned long&, http::contentTypes&))
../lib-artnet/lib_gd32/libartnet.a(artnetmsgconst.o)
                              build_gd32/firmware/main.o (ArtNetMsgConst::STARTED)
../lib-artnet/lib_gd32/libartnet.a(artnetnode.o)
                              build_gd32/firmware/main.o (ArtNetNode::Start())
../lib-artnet/lib_gd32/libartnet.a(artnetnodehandleaddress.o)
                              build_gd32/firmware/main.o (ArtNetNode::SetUniverse(unsigned long, lightset::PortDir, unsigned short))
../lib-artnet/lib_gd32/libartnet.a(artnetnodehandledmx.o)
                              ../lib-artnet/lib_gd32/libartnet.a(artnetnode.o) (ArtNetNode::HandleDmx())
../lib-artnet/lib_gd32/libartnet.a(artnetnodehandleipprog.o)
                              ../lib-artnet/lib_gd32/libartnet.a(artnetnode.o) (ArtNetNode::HandleIpProg())
../lib-artnet/lib_gd32/libartnet.a(artnetnodehandlepoll.o)
                              ../lib-artnet/lib_gd32/libartnet.a(artnetnode.o) (ArtNetNode::SendPollRelply(unsigned long, unsigned long, artnet::ArtPollQueue*))
../lib-artnet/lib_gd32/libartnet.a(artnetnodehandlesync.o)
                              ../lib-artnet/lib_gd32/libartnet.a(artnetnode.o) (ArtNetNode::HandleSync())
../lib-artnet/lib_gd32/libartnet.a(artnetnodehandletimesync.o)
                              ../lib-artnet/lib_gd32/libartnet.a(artnetnode.o) (ArtNetNode::HandleTimeSync())
../lib-artnet/lib_gd32/libartnet.a(artnetnodeprint.o)
                              build_gd32/firmware/main.o (ArtNetNode::Print())
../lib-artnet/lib_gd32/libartnet.a(artnetparams.o)
                              build_gd32/firmware/main.o (ArtNetParams::ArtNetParams())
../lib-artnet/lib_gd32/libartnet.a(artnetparamsconst.o)
                              ../lib-artnet/lib_gd32/libartnet.a(artnetparams.o) (ArtNetParamsConst::MAP_UNIVERSE0)
../lib-artnet/lib_gd32/libartnet.a(artnettrigger.o)
                              ../lib-artnet/lib_gd32/libartnet.a(artnetnode.o) (ArtNetNode::HandleTrigger())
../lib-artnet/lib_gd32/libartnet.a(artnetnode.o)
                              ../lib-artnet/lib_gd32/libartnet.a(artnetnodehandleaddress.o) (ArtNetNode::SetPortProtocol4(unsigned long, artnet::PortProtocol))
../lib-artnet/lib_gd32/libartnet.a(artnetconst.o)
                              ../lib-artnet/lib_gd32/libartnet.a(artnetnode.o) (ArtNetConst::OEM_ID)
../lib-e131/lib_gd32/libe131.a(e131bridge.o)
                              ../lib-artnet/lib_gd32/libartnet.a(artnetnode.o) (E131Bridge::E131Bridge())
../lib-e131/lib_gd32/libe131.a(e131bridgehandlesynchronization.o)
[...]
Memory Configuration

Name             Origin             Length             Attributes
FLASH            0x08008000         0x0002ac00         xr
TCMSRAM          0x10000000         0x00010000         rw
RAM              0x20000000         0x0001c000         xrw
RAM1             0x2001c000         0x00004000         xrw
RAM2             0x20020000         0x00010000         xrw
RAMADD           0x20030000         0x00000000         xrw
BKPSRAM          0x40024000         0x00001000         rw
*default*        0x00000000         0xffffffff

Linker script and memory map

LOAD build_gd32/startup_gd32f470.o
LOAD build_gd32/hardfault_handler.o
LOAD build_gd32/firmware/main.o
LOAD build_gd32/lib/factorydefaults.o
LOAD build_gd32/lib/rdmsoftwareversion.o
LOAD build_gd32/lib/showfileusb.o
                0x00002000                        __heap_size = DEFINED (__heap_size)?__heap_size:0x2000
                0x00008000                        __stack_size = DEFINED (__stack_size)?__stack_size:0x8000

.vectors        0x08008000      0x1ac
                0x08008000                        . = ALIGN (0x4)
 *(.vectors)
 .vectors       0x08008000      0x1ac build_gd32/startup_gd32f470.o
                0x08008000                __gVectors
                0x080081ac                        . = ALIGN (0x4)
                0x080081ac                        __Vectors_End = .
                0x080081ac                        __Vectors_Size = (__Vectors_End - __gVectors)

.text           0x080081ac    0x12ff0
                0x080081ac                        . = ALIGN (0x4)
 *(.text.unlikely*)
 .text.unlikely._ZN3net9igmp_initEv
                0x080081ac       0xec ../lib-network/lib_gd32/libnetwork.a(igmp.o)
                0x080081ac                net::igmp_init()
 .text.unlikely._ZN3net13igmp_shutdownEv
                0x08008298       0x1c ../lib-network/lib_gd32/libnetwork.a(igmp.o)
                0x08008298                net::igmp_shutdown()
 .text.unlikely._ZN3net8net_initENS_4LinkENS_7ip_addrES1_S1_Rb
                0x080082b4       0x70 ../lib-network/lib_gd32/libnetwork.a(net.o)
                0x080082b4                net::net_init(net::Link, net::ip_addr, net::ip_addr, net::ip_addr, bool&)
 .text.unlikely._ZN3net8tcp_initEv
                0x08008324       0x34 ../lib-network/lib_gd32/libnetwork.a(tcp.o)
                0x08008324                net::tcp_init()
 .text.unlikely._ZN3net8udp_initEv
                0x08008358       0x48 ../lib-network/lib_gd32/libnetwork.a(udp.o)
                0x08008358                net::udp_init()
 .text.unlikely._Z11emac_configv
                0x080083a0       0x48 ../lib-network/lib_gd32/libnetwork.a(emac.o)
                0x080083a0                emac_config()
 .text.unlikely._Z10emac_startPhRN3net4LinkE
                0x080083e8       0x60 ../lib-network/lib_gd32/libnetwork.a(emac.o)
                0x080083e8                emac_start(unsigned char*, net::Link&)
 .text.unlikely._ZN3net8arp_initEv
                0x08008448      0x13c ../lib-network/lib_gd32/libnetwork.a(arp.o)
                0x08008448                net::arp_init()
 .text.unlikely._ZN3net7ip_initEv
                0x08008584       0x12 ../lib-network/lib_gd32/libnetwork.a(ip.o)
                0x08008584                net::ip_init()
 *fill*         0x08008596        0x2 
 .text.unlikely._Z12console_initv
                0x08008598       0x20 ../lib-hal/lib_gd32/libhal.a(console.o)
                0x08008598                console_init()
 *(.text.hot*)
 .text.hot._ZN3net11igmp_handleEP6t_igmp
                0x080085b8       0xac ../lib-network/lib_gd32/libnetwork.a(igmp.o)
                0x080085b8                net::igmp_handle(t_igmp*)
 .text.hot._ZN3net10net_handleEv
                0x08008664       0x38 ../lib-network/lib_gd32/libnetwork.a(net.o)
                0x08008664                net::net_handle()
 .text.hot._ZN3net7tcp_runEv
                0x0800869c       0x4c ../lib-network/lib_gd32/libnetwork.a(tcp.o)
                0x0800869c                net::tcp_run()
 .text.hot._ZN3net10tcp_handleEP5t_tcp
                0x080086e8      0x620 ../lib-network/lib_gd32/libnetwork.a(tcp.o)
                0x080086e8                net::tcp_handle(t_tcp*)
 .text.hot._ZN3net10udp_handleEP5t_udp
                0x08008d08       0x84 ../lib-network/lib_gd32/libnetwork.a(udp.o)
                0x08008d08                net::udp_handle(t_udp*)
 .text.hot._ZN3net10arp_handleEP5t_arp
                0x08008d8c      0x114 ../lib-network/lib_gd32/libnetwork.a(arp.o)
                0x08008d8c                net::arp_handle(t_arp*)
 .text.hot._ZN3net9ip_handleEP5t_ip4
                0x08008ea0       0x54 ../lib-network/lib_gd32/libnetwork.a(ip.o)
                0x08008ea0                net::ip_handle(t_ip4*)
 .text.hot._ZN3net11icmp_handleEP6t_icmp
                0x08008ef4       0x80 ../lib-network/lib_gd32/libnetwork.a(icmp.o)
                0x08008ef4                net::icmp_handle(t_icmp*)
 *(.text)
 .text          0x08008f74      0x378 /Users/arjanvanvught/Library/xPacks/@xpack-dev-tools/arm-none-eabi-gcc/13.2.1-1.1.1/.content/bin/../lib/gcc/arm-none-eabi/13.2.1/thumb/v7e-m+fp/hard/libgcc.a(_arm_addsubdf3.o)
                0x08008f74                __aeabi_drsub
                0x08008f7c                __subdf3
                0x08008f7c                __aeabi_dsub
                0x08008f80                __aeabi_dadd
                0x08008f80                __adddf3
                0x080091f8                __aeabi_ui2d
                0x080091f8                __floatunsidf
                0x08009218                __floatsidf
                0x08009218                __aeabi_i2d
                0x0800923c                __extendsfdf2
                0x0800923c                __aeabi_f2d
                0x08009280                __aeabi_ul2d
                0x08009280                __floatundidf
                0x08009290                __aeabi_l2d
                0x08009290                __floatdidf
 .text          0x080092ec       0xa0 /Users/arjanvanvught/Library/xPacks/@xpack-dev-tools/arm-none-eabi-gcc/13.2.1-1.1.1/.content/bin/../lib/gcc/arm-none-eabi/13.2.1/thumb/v7e-m+fp/hard/libgcc.a(_arm_truncdfsf2.o)
                0x080092ec                __aeabi_d2f
                0x080092ec                __truncdfsf2
 *(.text*)
 .text.Reset_Handler
                0x0800938c       0x54 build_gd32/startup_gd32f470.o
                0x0800938c                Reset_Handler
 .text.Default_Handler
                0x080093e0        0x2 build_gd32/startup_gd32f470.o
                0x080093e0                USBHS_EP1_Out_IRQHandler
                0x080093e0                EXTI2_IRQHandler
                0x080093e0                TIMER2_IRQHandler
                0x080093e0                DebugMon_Handler
                0x080093e0                LVD_IRQHandler
                0x080093e0                SPI4_IRQHandler
                0x080093e0                CAN1_EWMC_IRQHandler
                0x080093e0                TIMER7_UP_TIMER12_IRQHandler
                0x080093e0                SDIO_IRQHandler
                0x080093e0                PendSV_Handler
                0x080093e0                NMI_Handler
                0x080093e0                EXTI3_IRQHandler
                0x080093e0                DCI_IRQHandler
                0x080093e0                USBFS_WKUP_IRQHandler
                0x080093e0                USBHS_IRQHandler
                0x080093e0                IPA_IRQHandler
                0x080093e0                TIMER5_DAC_IRQHandler
                0x080093e0                TIMER0_TRG_CMT_TIMER10_IRQHandler
                0x080093e0                USBFS_IRQHandler
                0x080093e0                DMA0_Channel6_IRQHandler
                0x080093e0                I2C0_EV_IRQHandler
                0x080093e0                EXTI0_IRQHandler
                0x080093e0                I2C2_EV_IRQHandler
                0x080093e0                CAN1_RX0_IRQHandler
                0x080093e0                FPU_IRQHandler
                0x080093e0                TIMER7_TRG_CMT_TIMER13_IRQHandler
                0x080093e0                UsageFault_Handler
                0x080093e0                TIMER4_IRQHandler
                0x080093e0                SPI1_IRQHandler
                0x080093e0                DMA0_Channel0_IRQHandler
                0x080093e0                USART5_IRQHandler
                0x080093e0                TIMER0_BRK_TIMER8_IRQHandler
                0x080093e0                DMA1_Channel0_IRQHandler
                0x080093e0                TIMER7_BRK_TIMER11_IRQHandler
                0x080093e0                DMA1_Channel4_IRQHandler
                0x080093e0                DMA0_Channel3_IRQHandler
                0x080093e0                I2C0_ER_IRQHandler
                0x080093e0                TLI_IRQHandler
                0x080093e0                TIMER0_UP_TIMER9_IRQHandler
                0x080093e0                DMA1_Channel7_IRQHandler
                0x080093e0                CAN1_RX1_IRQHandler
                0x080093e0                DMA0_Channel2_IRQHandler
                0x080093e0                USART0_IRQHandler
                0x080093e0                TIMER1_IRQHandler
                0x080093e0                I2C1_EV_IRQHandler
                0x080093e0                DMA1_Channel6_IRQHandler
                0x080093e0                UART4_IRQHandler
                0x080093e0                EXTI10_15_IRQHandler
                0x080093e0                DMA1_Channel1_IRQHandler
                0x080093e0                Default_Handler
                0x080093e0                TIMER7_Channel_IRQHandler
                0x080093e0                DMA0_Channel7_IRQHandler
                0x080093e0                ADC_IRQHandler
                0x080093e0                CAN0_TX_IRQHandler
                0x080093e0                WWDGT_IRQHandler
                0x080093e0                EXMC_IRQHandler
                0x080093e0                SPI5_IRQHandler
                0x080093e0                TAMPER_STAMP_IRQHandler
                0x080093e0                RTC_WKUP_IRQHandler
                0x080093e0                SPI2_IRQHandler
                0x080093e0                MemManage_Handler
                0x080093e0                CAN1_TX_IRQHandler
                0x080093e0                SVC_Handler
                0x080093e0                RCU_CTC_IRQHandler
                0x080093e0                DMA1_Channel5_IRQHandler
                0x080093e0                EXTI4_IRQHandler
                0x080093e0                CAN0_RX1_IRQHandler
                0x080093e0                DMA0_Channel5_IRQHandler
                0x080093e0                DMA1_Channel3_IRQHandler
                0x080093e0                EXTI5_9_IRQHandler
                0x080093e0                DMA0_Channel1_IRQHandler
                0x080093e0                TIMER0_Channel_IRQHandler
                0x080093e0                EXTI1_IRQHandler
                0x080093e0                ENET_WKUP_IRQHandler
                0x080093e0                USBHS_EP1_In_IRQHandler
                0x080093e0                SPI0_IRQHandler
                0x080093e0                UART7_IRQHandler
                0x080093e0                USART2_IRQHandler
                0x080093e0                UART6_IRQHandler
                0x080093e0                CAN0_EWMC_IRQHandler
                0x080093e0                CAN0_RX0_IRQHandler
                0x080093e0                I2C2_ER_IRQHandler
                0x080093e0                DMA1_Channel2_IRQHandler
                0x080093e0                TLI_ER_IRQHandler
                0x080093e0                BusFault_Handler
                0x080093e0                USART1_IRQHandler
                0x080093e0                SPI3_IRQHandler
                0x080093e0                UART3_IRQHandler
                0x080093e0                I2C1_ER_IRQHandler
                0x080093e0                FMC_IRQHandler
                0x080093e0                USBHS_WKUP_IRQHandler
                0x080093e0                DMA0_Channel4_IRQHandler
                0x080093e0                TRNG_IRQHandler
                0x080093e0                ENET_IRQHandler
                0x080093e0                RTC_Alarm_IRQHandler
 .text.HardFault_Handler
                0x080093e2       0x16 build_gd32/hardfault_handler.o
                0x080093e2                HardFault_Handler
 .text.hardfault_handler
                0x080093f8      0x114 build_gd32/hardfault_handler.o
                0x080093f8                hardfault_handler
 .text._ZN20ArtNetTriggerHandlerD2Ev
                0x0800950c        0x2 build_gd32/firmware/main.o
                0x0800950c                ArtNetTriggerHandler::~ArtNetTriggerHandler()
                0x0800950c                ArtNetTriggerHandler::~ArtNetTriggerHandler()
 .text._ZN20ArtNetTriggerHandlerD0Ev
                0x0800950e        0xe build_gd32/firmware/main.o
                0x0800950e                ArtNetTriggerHandler::~ArtNetTriggerHandler()
 .text._ZN7Display12SetCursorPosEmm.isra.0
                0x0800951c        0xa build_gd32/firmware/main.o
 .text._ZN7Display7PutCharEi.isra.0
                0x08009526        0xa build_gd32/firmware/main.o
 .text._ZN7Display9ClearLineEm.isra.0
                0x08009530        0xa build_gd32/firmware/main.o
 .text.memcpy.isra.0
                0x0800953a       0x12 build_gd32/firmware/main.o
 .text._ZN3net8dhcp_runEv
                0x0800954c       0x58 build_gd32/firmware/main.o
                0x0800954c                net::dhcp_run()
 .text._ZN7Display6PrintfEmPKcz
                0x080095a4       0x38 build_gd32/firmware/main.o
                0x080095a4                Display::Printf(unsigned long, char const*, ...)
 .text._ZN7Display10TextStatusEPKc
                0x080095dc       0x94 build_gd32/firmware/main.o
                0x080095dc                Display::TextStatus(char const*)
 .text._ZN7Display10TextStatusEPKcm
                0x08009670       0x1c build_gd32/firmware/main.o
                0x08009670                Display::TextStatus(char const*, unsigned long)
 .text._ZN7Display8SetSleepEb
                0x0800968c       0x20 build_gd32/firmware/main.o
                0x0800968c                Display::SetSleep(bool)
 .text._ZN10E131Bridge3RunEv
                0x080096ac       0xa0 build_gd32/firmware/main.o
                0x080096ac                E131Bridge::Run()
 .text._ZN8hardware8ledblink7displayEm
                0x0800974c       0x40 build_gd32/firmware/main.o
                0x0800974c                hardware::ledblink::display(unsigned long)
 .text._ZN5pixel17pixel_convert_TxHEh
                0x0800978c       0x5c build_gd32/firmware/main.o
                0x0800978c                pixel::pixel_convert_TxH(unsigned char)
 .text._ZN18PixelConfiguration5PrintEv
                0x080097e8       0xbc build_gd32/firmware/main.o
                0x080097e8                PixelConfiguration::Print()
 .text._ZN18PixelConfiguration3GetEv
                0x080098a4       0x2c build_gd32/firmware/main.o
                0x080098a4                PixelConfiguration::Get()
 .text._ZN16PixelTestPattern10SetPatternEN13pixelpatterns7PatternE
                0x080098d0      0x160 build_gd32/firmware/main.o
                0x080098d0                PixelTestPattern::SetPattern(pixelpatterns::Pattern)
 .text._ZN20ArtNetTriggerHandler7HandlerEPK14TArtNetTrigger
                0x08009a30       0x8c build_gd32/firmware/main.o
                0x08009a30                ArtNetTriggerHandler::Handler(TArtNetTrigger const*)
 .text._ZN21PixelDmxConfigurationC2Ev
                0x08009abc       0xb4 build_gd32/firmware/main.o
                0x08009abc                PixelDmxConfiguration::PixelDmxConfiguration()
                0x08009abc                PixelDmxConfiguration::PixelDmxConfiguration()
 .text._ZN14WS28xxDmxMulti5PrintEv
                0x08009b70       0x84 build_gd32/firmware/main.o
                0x08009b70                WS28xxDmxMulti::Print()
 .text._ZN13RDMSubDevicesD2Ev
                0x08009bf4       0x5c build_gd32/firmware/main.o
                0x08009bf4                RDMSubDevices::~RDMSubDevices()
                0x08009bf4                RDMSubDevices::~RDMSubDevices()
 .text._ZN10LLRPDeviceC2Ev
                0x08009c50       0x84 build_gd32/firmware/main.o
                0x08009c50                LLRPDevice::LLRPDevice()
                0x08009c50                LLRPDevice::LLRPDevice()
 .text._ZN18RDMDeviceResponderD2Ev
                0x08009cd4       0x68 build_gd32/firmware/main.o
                0x08009cd4                RDMDeviceResponder::~RDMDeviceResponder()
                0x08009cd4                RDMDeviceResponder::~RDMDeviceResponder()
 .text._ZN12RDMNetDeviceD2Ev
                0x08009d3c       0x8c build_gd32/firmware/main.o
                0x08009d3c                RDMNetDevice::~RDMNetDevice()
                0x08009d3c                RDMNetDevice::~RDMNetDevice()
 .text._ZN12RDMNetDeviceD0Ev
                0x08009dc8       0x14 build_gd32/firmware/main.o
                0x08009dc8                RDMNetDevice::~RDMNetDevice()
 .text._ZN18RDMDeviceResponderD0Ev
                0x08009ddc       0x14 build_gd32/firmware/main.o
                0x08009ddc                RDMDeviceResponder::~RDMDeviceResponder()
 .text._ZN12RDMNetDevice5PrintEv
                0x08009df0       0x84 build_gd32/firmware/main.o
                0x08009df0                RDMNetDevice::Print()
 .text._ZN8Hardware13RebootHandlerEv
                0x08009e74       0x20 build_gd32/firmware/main.o
                0x08009e74                Hardware::RebootHandler()
 .text.startup.main
                0x08009e94      0x690 build_gd32/firmware/main.o
                0x08009e94                main
 .text._ZN3rdm6device9responder15factorydefaultsEv
                0x0800a524       0x40 build_gd32/lib/factorydefaults.o
                0x0800a524                rdm::device::responder::factorydefaults()
 .text._ZN18RDMSoftwareVersion10GetVersionEv
                0x0800a564        0x8 build_gd32/lib/rdmsoftwareversion.o
                0x0800a564                RDMSoftwareVersion::GetVersion()
 .text._ZN18RDMSoftwareVersion16GetVersionLengthEv
                0x0800a56c        0x4 build_gd32/lib/rdmsoftwareversion.o
                0x0800a56c                RDMSoftwareVersion::GetVersionLength()
 .text._ZN18RDMSoftwareVersion12GetVersionIdEv
                0x0800a570        0x8 build_gd32/lib/rdmsoftwareversion.o
                0x0800a570                RDMSoftwareVersion::GetVersionId()
 .text._ZN7Network6SendToElPKvmmt.isra.0
                0x0800a578       0x1c ../lib-remoteconfig/lib_gd32/libremoteconfig.a(remoteconfig.o)
 .text._ZN12RemoteConfig16HandleDisplayGetEv
                0x0800a594       0x4c ../lib-remoteconfig/lib_gd32/libremoteconfig.a(remoteconfig.o)
                0x0800a594                RemoteConfig::HandleDisplayGet()
 .text._ZN12RemoteConfig12HandleUptimeEv
                0x0800a5e0       0x40 ../lib-remoteconfig/lib_gd32/libremoteconfig.a(remoteconfig.o)
                0x0800a5e0                RemoteConfig::HandleUptime()
 .text._ZN12RemoteConfig13HandleVersionEv
                0x0800a620       0x38 ../lib-remoteconfig/lib_gd32/libremoteconfig.a(remoteconfig.o)
                0x0800a620                RemoteConfig::HandleVersion()
 .text._ZN12RemoteConfig13HandleTftpGetEv
                0x0800a658       0x4c ../lib-remoteconfig/lib_gd32/libremoteconfig.a(remoteconfig.o)
                0x0800a658                RemoteConfig::HandleTftpGet()
 .text._ZN12RemoteConfig10HandleListEv
                0x0800a6a4       0xb0 ../lib-remoteconfig/lib_gd32/libremoteconfig.a(remoteconfig.o)
                0x0800a6a4                RemoteConfig::HandleList()
 .text._ZN12RemoteConfig16HandleDisplaySetEv
                0x0800a754       0x28 ../lib-remoteconfig/lib_gd32/libremoteconfig.a(remoteconfig.o)
                0x0800a754                RemoteConfig::HandleDisplaySet()
 .text._ZN12RemoteConfig13HandleTftpSetEv
                0x0800a77c       0x3c ../lib-remoteconfig/lib_gd32/libremoteconfig.a(remoteconfig.o)
                0x0800a77c                RemoteConfig::HandleTftpSet()
 .text._ZN12RemoteConfigC2EN12remoteconfig4NodeENS0_6OutputEm
                0x0800a7b8       0x78 ../lib-remoteconfig/lib_gd32/libremoteconfig.a(remoteconfig.o)
                0x0800a7b8                RemoteConfig::RemoteConfig(remoteconfig::Node, remoteconfig::Output, unsigned long)
                0x0800a7b8                RemoteConfig::RemoteConfig(remoteconfig::Node, remoteconfig::Output, unsigned long)
 .text._ZNK12RemoteConfig13GetStringNodeEv
                0x0800a830       0x18 ../lib-remoteconfig/lib_gd32/libremoteconfig.a(remoteconfig.o)
                0x0800a830                RemoteConfig::GetStringNode() const
 .text._ZNK12RemoteConfig15GetStringOutputEv
                0x0800a848       0x18 ../lib-remoteconfig/lib_gd32/libremoteconfig.a(remoteconfig.o)
                0x0800a848                RemoteConfig::GetStringOutput() const
 .text._ZN12RemoteConfig10SetDisableEb
                0x0800a860       0x54 ../lib-remoteconfig/lib_gd32/libremoteconfig.a(remoteconfig.o)
                0x0800a860                RemoteConfig::SetDisable(bool)
 .text._ZN12RemoteConfig14SetDisplayNameEPKc
                0x0800a8b4       0x30 ../lib-remoteconfig/lib_gd32/libremoteconfig.a(remoteconfig.o)
                0x0800a8b4                RemoteConfig::SetDisplayName(char const*)
 .text._ZN12RemoteConfig9HandleGetEPvm
                0x0800a8e4       0xb4 ../lib-remoteconfig/lib_gd32/libremoteconfig.a(remoteconfig.o)
                0x0800a8e4                RemoteConfig::HandleGet(void*, unsigned long)
 .text._ZN12RemoteConfig17HandleGetNoParamsEv
                0x0800a998        0x8 ../lib-remoteconfig/lib_gd32/libremoteconfig.a(remoteconfig.o)
                0x0800a998                RemoteConfig::HandleGetNoParams()
 .text._ZN12RemoteConfig19HandleGetRconfigTxtERm
                0x0800a9a0       0x28 ../lib-remoteconfig/lib_gd32/libremoteconfig.a(remoteconfig.o)
                0x0800a9a0                RemoteConfig::HandleGetRconfigTxt(unsigned long&)
 .text._ZN12RemoteConfig15HandleGetEnvTxtERm
                0x0800a9c8       0x24 ../lib-remoteconfig/lib_gd32/libremoteconfig.a(remoteconfig.o)
                0x0800a9c8                RemoteConfig::HandleGetEnvTxt(unsigned long&)
 .text._ZN12RemoteConfig19HandleGetNetworkTxtERm
                0x0800a9ec       0x28 ../lib-remoteconfig/lib_gd32/libremoteconfig.a(remoteconfig.o)
                0x0800a9ec                RemoteConfig::HandleGetNetworkTxt(unsigned long&)
 .text._ZN12RemoteConfig18HandleGetArtnetTxtERm
                0x0800aa14       0x28 ../lib-remoteconfig/lib_gd32/libremoteconfig.a(remoteconfig.o)
                0x0800aa14                RemoteConfig::HandleGetArtnetTxt(unsigned long&)
 .text._ZN12RemoteConfig19HandleGetDevicesTxtERm
                0x0800aa3c       0x28 ../lib-remoteconfig/lib_gd32/libremoteconfig.a(remoteconfig.o)
                0x0800aa3c                RemoteConfig::HandleGetDevicesTxt(unsigned long&)
 .text._ZN12RemoteConfig19HandleGetDisplayTxtERm
                0x0800aa64       0x28 ../lib-remoteconfig/lib_gd32/libremoteconfig.a(remoteconfig.o)
                0x0800aa64                RemoteConfig::HandleGetDisplayTxt(unsigned long&)
 .text._ZN12RemoteConfig9HandleSetEPvm
                0x0800aa8c       0x84 ../lib-remoteconfig/lib_gd32/libremoteconfig.a(remoteconfig.o)
                0x0800aa8c                RemoteConfig::HandleSet(void*, unsigned long)
 .text._ZN12RemoteConfig13HandleRequestEv
                0x0800ab10      0x120 ../lib-remoteconfig/lib_gd32/libremoteconfig.a(remoteconfig.o)
                0x0800ab10                RemoteConfig::HandleRequest()
 .text._ZN12RemoteConfig19HandleSetRconfigTxtEv
                0x0800ac30       0x28 ../lib-remoteconfig/lib_gd32/libremoteconfig.a(remoteconfig.o)
                0x0800ac30                RemoteConfig::HandleSetRconfigTxt()
 .text._ZN12RemoteConfig15HandleSetEnvTxtEv
                0x0800ac58       0x20 ../lib-remoteconfig/lib_gd32/libremoteconfig.a(remoteconfig.o)
                0x0800ac58                RemoteConfig::HandleSetEnvTxt()
 .text._ZN12RemoteConfig19HandleSetNetworkTxtEv
                0x0800ac78       0x20 ../lib-remoteconfig/lib_gd32/libremoteconfig.a(remoteconfig.o)
                0x0800ac78                RemoteConfig::HandleSetNetworkTxt()
 .text._ZN12RemoteConfig18HandleSetArtnetTxtEv
                0x0800ac98       0x20 ../lib-remoteconfig/lib_gd32/libremoteconfig.a(remoteconfig.o)
                0x0800ac98                RemoteConfig::HandleSetArtnetTxt()
 .text._ZN12RemoteConfig19HandleSetDevicesTxtEv
                0x0800acb8       0x20 ../lib-remoteconfig/lib_gd32/libremoteconfig.a(remoteconfig.o)
                0x0800acb8                RemoteConfig::HandleSetDevicesTxt()
 .text._ZN12RemoteConfig19HandleSetDisplayTxtEv
                0x0800acd8       0x20 ../lib-remoteconfig/lib_gd32/libremoteconfig.a(remoteconfig.o)
                0x0800acd8                RemoteConfig::HandleSetDisplayTxt()
 .text._ZN12RemoteConfig13HandleFactoryEv
                0x0800acf8       0x1c ../lib-remoteconfig/lib_gd32/libremoteconfig.a(remoteconfigfactory.o)
                0x0800acf8                RemoteConfig::HandleFactory()
 .text._ZN23RemoteConfigParamsStore4CopyEPN18remoteconfigparams6ParamsE
                0x0800ad14       0x24 ../lib-remoteconfig/lib_gd32/libremoteconfig.a(remoteconfigparams.o)
                0x0800ad14                RemoteConfigParamsStore::Copy(remoteconfigparams::Params*)
 .text._ZN18RemoteConfigParamsC2Ev
                0x0800ad38       0x10 ../lib-remoteconfig/lib_gd32/libremoteconfig.a(remoteconfigparams.o)
                0x0800ad38                RemoteConfigParams::RemoteConfigParams()
                0x0800ad38                RemoteConfigParams::RemoteConfigParams()
 .text._ZN18RemoteConfigParams4LoadEv
                0x0800ad48       0x12 ../lib-remoteconfig/lib_gd32/libremoteconfig.a(remoteconfigparams.o)
                0x0800ad48                RemoteConfigParams::Load()
 *fill*         0x0800ad5a        0x2 
 .text._ZN18RemoteConfigParams4LoadEPKcm
                0x0800ad5c       0x50 ../lib-remoteconfig/lib_gd32/libremoteconfig.a(remoteconfigparams.o)
                0x0800ad5c                RemoteConfigParams::Load(char const*, unsigned long)
 .text._ZN18RemoteConfigParams7SetBoolEhm
                0x0800adac       0x10 ../lib-remoteconfig/lib_gd32/libremoteconfig.a(remoteconfigparams.o)
                0x0800adac                RemoteConfigParams::SetBool(unsigned char, unsigned long)
 .text._ZN18RemoteConfigParams16callbackFunctionEPKc
                0x0800adbc       0x68 ../lib-remoteconfig/lib_gd32/libremoteconfig.a(remoteconfigparams.o)
                0x0800adbc                RemoteConfigParams::callbackFunction(char const*)
 .text._ZN18RemoteConfigParams22staticCallbackFunctionEPvPKc
                0x0800ae24        0x4 ../lib-remoteconfig/lib_gd32/libremoteconfig.a(remoteconfigparams.o)
                0x0800ae24                RemoteConfigParams::staticCallbackFunction(void*, char const*)
 .text._ZN18RemoteConfigParams7BuilderEPKN18remoteconfigparams6ParamsEPcmRm
                0x0800ae28      0x13c ../lib-remoteconfig/lib_gd32/libremoteconfig.a(remoteconfigparams.o)
                0x0800ae28                RemoteConfigParams::Builder(remoteconfigparams::Params const*, char*, unsigned long, unsigned long&)
 .text._ZN18RemoteConfigParams3SetEP12RemoteConfig
                0x0800af64       0x40 ../lib-remoteconfig/lib_gd32/libremoteconfig.a(remoteconfigparams.o)
                0x0800af64                RemoteConfigParams::Set(RemoteConfig*)
 .text._ZN12RemoteConfig12HandleRebootEv
                0x0800afa4       0x60 ../lib-remoteconfig/lib_gd32/libremoteconfig.a(remoteconfigreboot.o)
                0x0800afa4                RemoteConfig::HandleReboot()
 .text._ZN12RemoteConfig8GetIndexEPKvRm
                0x0800b004       0x58 ../lib-remoteconfig/lib_gd32/libremoteconfig.a(remoteconfigstatic.o)
                0x0800b004                RemoteConfig::GetIndex(void const*, unsigned long&)
 .text._ZN12RemoteConfig21PlatformHandleTftpSetEv
                0x0800b05c       0x48 ../lib-remoteconfig/lib_gd32/libremoteconfig.a(remoteconfig.o)
                0x0800b05c                RemoteConfig::PlatformHandleTftpSet()
 .text._ZN12RemoteConfig21PlatformHandleTftpGetEv
                0x0800b0a4       0x1a ../lib-remoteconfig/lib_gd32/libremoteconfig.a(remoteconfig.o)
                0x0800b0a4                RemoteConfig::PlatformHandleTftpGet()
 *fill*         0x0800b0be        0x2 
 .text._ZN10HttpDaemonC2Ev
                0x0800b0c0       0x6c ../lib-remoteconfig/lib_gd32/libremoteconfig.a(httpd.o)
                0x0800b0c0                HttpDaemon::HttpDaemon()
                0x0800b0c0                HttpDaemon::HttpDaemon()
 .text._ZN10DisplaySet8SetSleepEb
                0x0800b12c        0x4 ../lib-remoteconfig/lib_gd32/libremoteconfig.a(httpdhandlerequest.o)
                0x0800b12c                DisplaySet::SetSleep(bool)
 .text._ZN23HttpDeamonHandleRequest11ParseMethodEPc
                0x0800b130       0xc8 ../lib-remoteconfig/lib_gd32/libremoteconfig.a(httpdhandlerequest.o)
                0x0800b130                HttpDeamonHandleRequest::ParseMethod(char*)
 .text._ZN23HttpDeamonHandleRequest16ParseHeaderFieldEPc
                0x0800b1f8      0x124 ../lib-remoteconfig/lib_gd32/libremoteconfig.a(httpdhandlerequest.o)
                0x0800b1f8                HttpDeamonHandleRequest::ParseHeaderField(char*)
 .text._ZN23HttpDeamonHandleRequest12ParseRequestEv
                0x0800b31c       0x7c ../lib-remoteconfig/lib_gd32/libremoteconfig.a(httpdhandlerequest.o)
                0x0800b31c                HttpDeamonHandleRequest::ParseRequest()
 .text._ZN23HttpDeamonHandleRequest12HandleGetTxtEv
                0x0800b398       0x9c ../lib-remoteconfig/lib_gd32/libremoteconfig.a(httpdhandlerequest.o)
                0x0800b398                HttpDeamonHandleRequest::HandleGetTxt()
 .text._ZN23HttpDeamonHandleRequest9HandleGetEv
                0x0800b434      0x1cc ../lib-remoteconfig/lib_gd32/libremoteconfig.a(httpdhandlerequest.o)
                0x0800b434                HttpDeamonHandleRequest::HandleGet()
 .text._ZN23HttpDeamonHandleRequest10HandlePostEb
                0x0800b600      0x1cc ../lib-remoteconfig/lib_gd32/libremoteconfig.a(httpdhandlerequest.o)
                0x0800b600                HttpDeamonHandleRequest::HandlePost(bool)
 .text._ZN23HttpDeamonHandleRequest13HandleRequestEmPc
                0x0800b7cc      0x170 ../lib-remoteconfig/lib_gd32/libremoteconfig.a(httpdhandlerequest.o)
                0x0800b7cc                HttpDeamonHandleRequest::HandleRequest(unsigned long, char*)
 .text._ZN12remoteconfig13json_get_listEPcm
                0x0800b93c       0x64 ../lib-remoteconfig/lib_gd32/libremoteconfig.a(remoteconfigjson.o)
                0x0800b93c                remoteconfig::json_get_list(char*, unsigned long)
 .text._ZN12remoteconfig16json_get_versionEPcm
                0x0800b9a0       0x38 ../lib-remoteconfig/lib_gd32/libremoteconfig.a(remoteconfigjson.o)
                0x0800b9a0                remoteconfig::json_get_version(char*, unsigned long)
 .text._ZN12remoteconfig15json_get_uptimeEPcm
                0x0800b9d8       0x14 ../lib-remoteconfig/lib_gd32/libremoteconfig.a(remoteconfigjson.o)
                0x0800b9d8                remoteconfig::json_get_uptime(char*, unsigned long)
 .text._ZN12remoteconfig16json_get_displayEPcm
                0x0800b9ec       0x18 ../lib-remoteconfig/lib_gd32/libremoteconfig.a(remoteconfigjson.o)
                0x0800b9ec                remoteconfig::json_get_display(char*, unsigned long)
 .text._ZN12remoteconfig18json_get_directoryEPcm
                0x0800ba04        0xc ../lib-remoteconfig/lib_gd32/libremoteconfig.a(remoteconfigjson.o)
                0x0800ba04                remoteconfig::json_get_directory(char*, unsigned long)
 .text._Z16get_file_contentPKcRmRN4http12contentTypesE
                0x0800ba10       0x40 ../lib-remoteconfig/lib_gd32/libremoteconfig.a(get_file_content.o)
                0x0800ba10                get_file_content(char const*, unsigned long&, http::contentTypes&)
 .text.strncpy.isra.0
                0x0800ba50       0x22 ../lib-artnet/lib_gd32/libartnet.a(artnetnode.o)
 *fill*         0x0800ba72        0x2 
 .text._ZN10ArtNetNode5StartEv
                0x0800ba74       0x78 ../lib-artnet/lib_gd32/libartnet.a(artnetnode.o)
                0x0800ba74                ArtNetNode::Start()
 .text._ZN10ArtNetNode4StopEv
                0x0800baec       0x78 ../lib-artnet/lib_gd32/libartnet.a(artnetnode.o)
                0x0800baec                ArtNetNode::Stop()
 .text._ZN10ArtNetNode12SetShortNameEmPKc
                0x0800bb64       0x80 ../lib-artnet/lib_gd32/libartnet.a(artnetnode.o)
                0x0800bb64                ArtNetNode::SetShortName(unsigned long, char const*)
 .text._ZN10ArtNetNode18GetLongNameDefaultEPc
                0x0800bbe4       0x30 ../lib-artnet/lib_gd32/libartnet.a(artnetnode.o)
                0x0800bbe4                ArtNetNode::GetLongNameDefault(char*)
 .text._ZN10ArtNetNode11SetLongNameEPKc
                0x0800bc14       0x58 ../lib-artnet/lib_gd32/libartnet.a(artnetnode.o)
                0x0800bc14                ArtNetNode::SetLongName(char const*)
 .text._ZN10ArtNetNodeC2Ev
                0x0800bc6c      0x1a4 ../lib-artnet/lib_gd32/libartnet.a(artnetnode.o)
                0x0800bc6c                ArtNetNode::ArtNetNode()
                0x0800bc6c                ArtNetNode::ArtNetNode()
 .text._ZN10ArtNetNode27SetNetworkDataLossConditionEv
                0x0800be10       0x78 ../lib-artnet/lib_gd32/libartnet.a(artnetnode.o)
                0x0800be10                ArtNetNode::SetNetworkDataLossCondition()
 .text._ZN10ArtNetNode7ProcessEm
                0x0800be88      0x1e8 ../lib-artnet/lib_gd32/libartnet.a(artnetnode.o)
                0x0800be88                ArtNetNode::Process(unsigned long)
 .text._ZN8lightset4Data12IOutputClearEP8LightSetm
                0x0800c070       0x42 ../lib-artnet/lib_gd32/libartnet.a(artnetnodehandleaddress.o)
                0x0800c070                lightset::Data::IOutputClear(LightSet*, unsigned long)
 .text._ZN10ArtNetNode15MakePortAddressEtm
                0x0800c0b2       0x24 ../lib-artnet/lib_gd32/libartnet.a(artnetnodehandleaddress.o)
                0x0800c0b2                ArtNetNode::MakePortAddress(unsigned short, unsigned long)
 *fill*         0x0800c0d6        0x2 
 .text._ZN11ArtNetStore13SaveMergeModeEmN8lightset9MergeModeE
                0x0800c0d8       0x70 ../lib-artnet/lib_gd32/libartnet.a(artnetnodehandleaddress.o)
                0x0800c0d8                ArtNetStore::SaveMergeMode(unsigned long, lightset::MergeMode)
 .text._ZN11ArtNetStore12SaveUniverseEm
                0x0800c148       0x5c ../lib-artnet/lib_gd32/libartnet.a(artnetnodehandleaddress.o)
                0x0800c148                ArtNetStore::SaveUniverse(unsigned long)
 .text._ZN10ArtNetNode17SetUniverseSwitchEmN8lightset7PortDirEh
                0x0800c1a4       0xb0 ../lib-artnet/lib_gd32/libartnet.a(artnetnodehandleaddress.o)
                0x0800c1a4                ArtNetNode::SetUniverseSwitch(unsigned long, lightset::PortDir, unsigned char)
 .text._ZN10ArtNetNode11SetUniverseEmN8lightset7PortDirEt
                0x0800c254       0x22 ../lib-artnet/lib_gd32/libartnet.a(artnetnodehandleaddress.o)
                0x0800c254                ArtNetNode::SetUniverse(unsigned long, lightset::PortDir, unsigned short)
 .text._ZN10ArtNetNode15SetSubnetSwitchEmh
                0x0800c276       0x32 ../lib-artnet/lib_gd32/libartnet.a(artnetnodehandleaddress.o)
                0x0800c276                ArtNetNode::SetSubnetSwitch(unsigned long, unsigned char)
 .text._ZN10ArtNetNode12SetNetSwitchEmh
                0x0800c2a8       0x32 ../lib-artnet/lib_gd32/libartnet.a(artnetnodehandleaddress.o)
                0x0800c2a8                ArtNetNode::SetNetSwitch(unsigned long, unsigned char)
 .text._ZN10ArtNetNode12SetMergeModeEmN8lightset9MergeModeE
                0x0800c2da       0x56 ../lib-artnet/lib_gd32/libartnet.a(artnetnodehandleaddress.o)
                0x0800c2da                ArtNetNode::SetMergeMode(unsigned long, lightset::MergeMode)
 .text._ZN10ArtNetNode11SetFailSafeEN10artnetnode8FailSafeE
                0x0800c330       0x74 ../lib-artnet/lib_gd32/libartnet.a(artnetnodehandleaddress.o)
                0x0800c330                ArtNetNode::SetFailSafe(artnetnode::FailSafe)
 .text._ZN10ArtNetNode13HandleAddressEv
                0x0800c3a4      0x274 ../lib-artnet/lib_gd32/libartnet.a(artnetnodehandleaddress.o)
                0x0800c3a4                ArtNetNode::HandleAddress()
 .text._ZN10ArtNetNode18CheckMergeTimeoutsEm
                0x0800c618       0x98 ../lib-artnet/lib_gd32/libartnet.a(artnetnodehandledmx.o)
                0x0800c618                ArtNetNode::CheckMergeTimeouts(unsigned long)
 .text._ZN10ArtNetNode9HandleDmxEv
                0x0800c6b0      0x6a8 ../lib-artnet/lib_gd32/libartnet.a(artnetnodehandledmx.o)
                0x0800c6b0                ArtNetNode::HandleDmx()
 .text.memcpy.isra.0
                0x0800cd58       0x12 ../lib-artnet/lib_gd32/libartnet.a(artnetnodehandleipprog.o)
 .text.memcmp   0x0800cd6a       0x20 ../lib-artnet/lib_gd32/libartnet.a(artnetnodehandleipprog.o)
                0x0800cd6a                memcmp
 *fill*         0x0800cd8a        0x2 
 .text._ZN10ArtNetNode12HandleIpProgEv
                0x0800cd8c      0x1c0 ../lib-artnet/lib_gd32/libartnet.a(artnetnodehandleipprog.o)
                0x0800cd8c                ArtNetNode::HandleIpProg()
 .text._ZN10ArtNetNode17ProcessPollRelplyEmRmS0_
                0x0800cf4c       0x8e ../lib-artnet/lib_gd32/libartnet.a(artnetnodehandlepoll.o)
                0x0800cf4c                ArtNetNode::ProcessPollRelply(unsigned long, unsigned long&, unsigned long&)
 *fill*         0x0800cfda        0x2 
 .text._ZN10ArtNetNode14SendPollRelplyEmmPN6artnet12ArtPollQueueE
                0x0800cfdc      0x15c ../lib-artnet/lib_gd32/libartnet.a(artnetnodehandlepoll.o)
                0x0800cfdc                ArtNetNode::SendPollRelply(unsigned long, unsigned long, artnet::ArtPollQueue*)
 .text._ZN10ArtNetNode10HandlePollEv
                0x0800d138       0xc8 ../lib-artnet/lib_gd32/libartnet.a(artnetnodehandlepoll.o)
                0x0800d138                ArtNetNode::HandlePoll()
 .text._ZN10ArtNetNode10HandleSyncEv
                0x0800d200       0x76 ../lib-artnet/lib_gd32/libartnet.a(artnetnodehandlesync.o)
                0x0800d200                ArtNetNode::HandleSync()
 .text._ZN10ArtNetNode14HandleTimeSyncEv
                0x0800d276        0x2 ../lib-artnet/lib_gd32/libartnet.a(artnetnodehandletimesync.o)
                0x0800d276                ArtNetNode::HandleTimeSync()
 .text._ZN10ArtNetNode5PrintEv
                0x0800d278       0xf4 ../lib-artnet/lib_gd32/libartnet.a(artnetnodeprint.o)
                0x0800d278                ArtNetNode::Print()
 .text._ZN17PropertiesBuilder3AddIPKcEEbS2_T_bi.isra.0
                0x0800d36c       0x50 ../lib-artnet/lib_gd32/libartnet.a(artnetparams.o)
 .text._ZN17PropertiesBuilder3AddEPKcb.isra.0
                0x0800d3bc       0x50 ../lib-artnet/lib_gd32/libartnet.a(artnetparams.o)
 .text._ZN17ArtNetParamsStore4CopyEPN12artnetparams6ParamsE
                0x0800d40c       0x24 ../lib-artnet/lib_gd32/libartnet.a(artnetparams.o)
                0x0800d40c                ArtNetParamsStore::Copy(artnetparams::Params*)
 .text._ZN12ArtNetParamsC2Ev
                0x0800d430       0x44 ../lib-artnet/lib_gd32/libartnet.a(artnetparams.o)
                0x0800d430                ArtNetParams::ArtNetParams()
                0x0800d430                ArtNetParams::ArtNetParams()
 .text._ZN12ArtNetParams4LoadEv
                0x0800d474       0x14 ../lib-artnet/lib_gd32/libartnet.a(artnetparams.o)
                0x0800d474                ArtNetParams::Load()
 .text._ZN12ArtNetParams4LoadEPKcm
                0x0800d488       0x50 ../lib-artnet/lib_gd32/libartnet.a(artnetparams.o)
                0x0800d488                ArtNetParams::Load(char const*, unsigned long)
 .text._ZN12ArtNetParams7SetBoolEhm
                0x0800d4d8       0x10 ../lib-artnet/lib_gd32/libartnet.a(artnetparams.o)
                0x0800d4d8                ArtNetParams::SetBool(unsigned char, unsigned long)
 .text._ZN12ArtNetParams16callbackFunctionEPKc
                0x0800d4e8      0x38c ../lib-artnet/lib_gd32/libartnet.a(artnetparams.o)
                0x0800d4e8                ArtNetParams::callbackFunction(char const*)
 .text._ZN12ArtNetParams22staticCallbackFunctionEPvPKc
                0x0800d874        0x4 ../lib-artnet/lib_gd32/libartnet.a(artnetparams.o)
                0x0800d874                ArtNetParams::staticCallbackFunction(void*, char const*)
 .text._ZN12ArtNetParams7BuilderEPKN12artnetparams6ParamsEPcmRm
                0x0800d878      0x2cc ../lib-artnet/lib_gd32/libartnet.a(artnetparams.o)
                0x0800d878                ArtNetParams::Builder(artnetparams::Params const*, char*, unsigned long, unsigned long&)
 .text._ZN12ArtNetParams3SetEv
                0x0800db44      0x114 ../lib-artnet/lib_gd32/libartnet.a(artnetparams.o)
                0x0800db44                ArtNetParams::Set()
 .text._ZN10ArtNetNode13HandleTriggerEv
                0x0800dc58       0x3c ../lib-artnet/lib_gd32/libartnet.a(artnettrigger.o)
                0x0800dc58                ArtNetNode::HandleTrigger()
 .text._ZN11ArtNetStore16SavePortProtocolEmN6artnet12PortProtocolE
                0x0800dc94       0x70 ../lib-artnet/lib_gd32/libartnet.a(artnetnode.o)
                0x0800dc94                ArtNetStore::SavePortProtocol(unsigned long, artnet::PortProtocol)
 .text._ZN10ArtNetNode16SetPortProtocol4EmN6artnet12PortProtocolE
                0x0800dd04       0x5a ../lib-artnet/lib_gd32/libartnet.a(artnetnode.o)
                0x0800dd04                ArtNetNode::SetPortProtocol4(unsigned long, artnet::PortProtocol)
 .text._ZN10ArtNetNode12SetUniverse4EmN8lightset7PortDirE
                0x0800dd5e       0x5c ../lib-artnet/lib_gd32/libartnet.a(artnetnode.o)
                0x0800dd5e                ArtNetNode::SetUniverse4(unsigned long, lightset::PortDir)
 *fill*         0x0800ddba        0x2 
 .text._ZN10ArtNetNode16SetLedBlinkMode4EN8hardware8ledblink4ModeE
                0x0800ddbc       0x38 ../lib-artnet/lib_gd32/libartnet.a(artnetnode.o)
                0x0800ddbc                ArtNetNode::SetLedBlinkMode4(hardware::ledblink::Mode)
 .text._ZN10ArtNetNode14GetGoodOutput4Em
                0x0800ddf4       0x2c ../lib-artnet/lib_gd32/libartnet.a(artnetnode.o)
                0x0800ddf4                ArtNetNode::GetGoodOutput4(unsigned long)
 .text._ZN8LightSet8BlackoutEb
                0x0800de20        0x4 ../lib-e131/lib_gd32/libe131.a(e131bridge.o)
                0x0800de20                LightSet::Blackout(bool)
 .text._ZN8LightSet6FullOnEv
                0x0800de24        0x4 ../lib-e131/lib_gd32/libe131.a(e131bridge.o)
                0x0800de24                LightSet::FullOn()
 .text._ZN10E131BridgeC2Ev
                0x0800de28       0xac ../lib-e131/lib_gd32/libe131.a(e131bridge.o)
                0x0800de28                E131Bridge::E131Bridge()
                0x0800de28                E131Bridge::E131Bridge()
 .text._ZN10E131Bridge5StartEv
                0x0800ded4       0x14 ../lib-e131/lib_gd32/libe131.a(e131bridge.o)
                0x0800ded4                E131Bridge::Start()
 .text._ZN10E131Bridge4StopEv
                0x0800dee8       0x48 ../lib-e131/lib_gd32/libe131.a(e131bridge.o)
                0x0800dee8                E131Bridge::Stop()
 .text._ZN10E131Bridge25SetSynchronizationAddressEbbt
                0x0800df30       0x5c ../lib-e131/lib_gd32/libe131.a(e131bridge.o)
                0x0800df30                E131Bridge::SetSynchronizationAddress(bool, bool, unsigned short)
 .text._ZN10E131Bridge11SetUniverseEmN8lightset7PortDirEt
                0x0800df8c       0xd0 ../lib-e131/lib_gd32/libe131.a(e131bridge.o)
                0x0800df8c                E131Bridge::SetUniverse(unsigned long, lightset::PortDir, unsigned short)
 .text._ZN10E131Bridge18CheckMergeTimeoutsEm
                0x0800e05c       0x90 ../lib-e131/lib_gd32/libe131.a(e131bridge.o)
                0x0800e05c                E131Bridge::CheckMergeTimeouts(unsigned long)
 .text._ZNK10E131Bridge17IsPriorityTimeOutEm
                0x0800e0ec       0x48 ../lib-e131/lib_gd32/libe131.a(e131bridge.o)
                0x0800e0ec                E131Bridge::IsPriorityTimeOut(unsigned long) const
 .text._ZN10E131Bridge27SetNetworkDataLossConditionEbb
                0x0800e134      0x124 ../lib-e131/lib_gd32/libe131.a(e131bridge.o)
                0x0800e134                E131Bridge::SetNetworkDataLossCondition(bool, bool)
 .text._ZN10E131Bridge9HandleDmxEv
                0x0800e258      0x65c ../lib-e131/lib_gd32/libe131.a(e131bridge.o)
                0x0800e258                E131Bridge::HandleDmx()
 .text._ZN10E131Bridge11IsValidRootEv
                0x0800e8b4       0x50 ../lib-e131/lib_gd32/libe131.a(e131bridge.o)
                0x0800e8b4                E131Bridge::IsValidRoot()
 .text._ZN10E131Bridge7ProcessEv
                0x0800e904       0xb0 ../lib-e131/lib_gd32/libe131.a(e131bridge.o)
                0x0800e904                E131Bridge::Process()
 .text._ZN10E131Bridge21HandleSynchronizationEv
                0x0800e9b4       0xa0 ../lib-e131/lib_gd32/libe131.a(e131bridgehandlesynchronization.o)
                0x0800e9b4                E131Bridge::HandleSynchronization()
 .text._ZN10E131Bridge5PrintEv
                0x0800ea54       0x88 ../lib-e131/lib_gd32/libe131.a(e131bridgeprint.o)
                0x0800ea54                E131Bridge::Print()
 .text._ZN20RDMDeviceParamsStore4CopyEPN3rdm12deviceparams6ParamsE
                0x0800eadc       0x24 ../lib-rdm/lib_gd32/librdm.a(rdmdeviceparams.o)
                0x0800eadc                RDMDeviceParamsStore::Copy(rdm::deviceparams::Params*)
 .text._ZN15RDMDeviceParamsC2Ev
                0x0800eb00       0x26 ../lib-rdm/lib_gd32/librdm.a(rdmdeviceparams.o)
                0x0800eb00                RDMDeviceParams::RDMDeviceParams()
                0x0800eb00                RDMDeviceParams::RDMDeviceParams()
 .text._ZN15RDMDeviceParams4LoadEv
                0x0800eb26        0x8 ../lib-rdm/lib_gd32/librdm.a(rdmdeviceparams.o)
                0x0800eb26                RDMDeviceParams::Load()
 *fill*         0x0800eb2e        0x2 
 .text._ZN15RDMDeviceParams3SetEP9RDMDevice
                0x0800eb30       0xa0 ../lib-rdm/lib_gd32/librdm.a(rdmdeviceparams.o)
                0x0800eb30                RDMDeviceParams::Set(RDMDevice*)
 .text._ZN18RDMDeviceResponder17PersonalityUpdateEP8LightSet
                0x0800ebd0        0x2 ../lib-rdm/lib_gd32/librdm.a(rdmdeviceresponder.o)
                0x0800ebd0                RDMDeviceResponder::PersonalityUpdate(LightSet*)
 .text._ZN18RDMDeviceResponder21DmxStartAddressUpdateEv
                0x0800ebd2        0x2 ../lib-rdm/lib_gd32/librdm.a(rdmdeviceresponder.o)
                0x0800ebd2                RDMDeviceResponder::DmxStartAddressUpdate()
 .text._ZN18RDMDeviceResponderC2EPP14RDMPersonalitymm
                0x0800ebd4       0xb4 ../lib-rdm/lib_gd32/librdm.a(rdmdeviceresponder.o)
                0x0800ebd4                RDMDeviceResponder::RDMDeviceResponder(RDMPersonality**, unsigned long, unsigned long)
                0x0800ebd4                RDMDeviceResponder::RDMDeviceResponder(RDMPersonality**, unsigned long, unsigned long)
 .text._ZN18RDMDeviceResponder4InitEv
                0x0800ec88      0x158 ../lib-rdm/lib_gd32/librdm.a(rdmdeviceresponder.o)
                0x0800ec88                RDMDeviceResponder::Init()
 .text._ZN18RDMDeviceResponder5PrintEv
                0x0800ede0       0x9c ../lib-rdm/lib_gd32/librdm.a(rdmdeviceresponder.o)
                0x0800ede0                RDMDeviceResponder::Print()
 .text.memcpy.isra.0
                0x0800ee7c       0x12 ../lib-rdm/lib_gd32/librdm.a(rdmhandler.o)
 *fill*         0x0800ee8e        0x2 
 .text._ZN9RDMDevice8SetLabelEPK18TRDMDeviceInfoData
                0x0800ee90       0x70 ../lib-rdm/lib_gd32/librdm.a(rdmhandler.o)
                0x0800ee90                RDMDevice::SetLabel(TRDMDeviceInfoData const*)
 .text._ZN18RDMDeviceResponder18SetFactoryDefaultsEv
                0x0800ef00      0x12e ../lib-rdm/lib_gd32/librdm.a(rdmhandler.o)
                0x0800ef00                RDMDeviceResponder::SetFactoryDefaults()
 .text._ZN10RDMHandlerC2Eb
                0x0800f02e        0xc ../lib-rdm/lib_gd32/librdm.a(rdmhandler.o)
                0x0800f02e                RDMHandler::RDMHandler(bool)
                0x0800f02e                RDMHandler::RDMHandler(bool)
 .text._ZN10RDMHandler12HandleStringEPKcm
                0x0800f03a       0x18 ../lib-rdm/lib_gd32/librdm.a(rdmhandler.o)
                0x0800f03a                RDMHandler::HandleString(char const*, unsigned long)
 *fill*         0x0800f052        0x2 
 .text._ZN10RDMHandler20CreateRespondMessageEht
                0x0800f054       0x94 ../lib-rdm/lib_gd32/librdm.a(rdmhandler.o)
                0x0800f054                RDMHandler::CreateRespondMessage(unsigned char, unsigned short)
 .text._ZN10RDMHandler17RespondMessageAckEv
                0x0800f0e8        0x8 ../lib-rdm/lib_gd32/librdm.a(rdmhandler.o)
                0x0800f0e8                RDMHandler::RespondMessageAck()
 .text._ZN10RDMHandler13GetDeviceInfoEt
                0x0800f0f0       0x78 ../lib-rdm/lib_gd32/librdm.a(rdmhandler.o)
                0x0800f0f0                RDMHandler::GetDeviceInfo(unsigned short)
 .text._ZN10RDMHandler18GetFactoryDefaultsEt
                0x0800f168       0xc0 ../lib-rdm/lib_gd32/librdm.a(rdmhandler.o)
                0x0800f168                RDMHandler::GetFactoryDefaults(unsigned short)
 .text._ZN10RDMHandler25GetDeviceModelDescriptionEt
                0x0800f228       0x1c ../lib-rdm/lib_gd32/librdm.a(rdmhandler.o)
                0x0800f228                RDMHandler::GetDeviceModelDescription(unsigned short)
 .text._ZN10RDMHandler14GetDeviceLabelEt
                0x0800f244       0x3c ../lib-rdm/lib_gd32/librdm.a(rdmhandler.o)
                0x0800f244                RDMHandler::GetDeviceLabel(unsigned short)
 .text._ZN10RDMHandler17GetIdentifyDeviceEt
                0x0800f280       0x14 ../lib-rdm/lib_gd32/librdm.a(rdmhandler.o)
                0x0800f280                RDMHandler::GetIdentifyDevice(unsigned short)
 .text._ZN10RDMHandler20GetManufacturerLabelEt
                0x0800f294       0x30 ../lib-rdm/lib_gd32/librdm.a(rdmhandler.o)
                0x0800f294                RDMHandler::GetManufacturerLabel(unsigned short)
 .text._ZN10RDMHandler18RespondMessageNackEt
                0x0800f2c4        0x8 ../lib-rdm/lib_gd32/librdm.a(rdmhandler.o)
                0x0800f2c4                RDMHandler::RespondMessageNack(unsigned short)
 .text._ZN10RDMHandler14SetResetDeviceEbt
                0x0800f2cc       0x48 ../lib-rdm/lib_gd32/librdm.a(rdmhandler.o)
                0x0800f2cc                RDMHandler::SetResetDevice(bool, unsigned short)
 .text._ZN10RDMHandler17SetIdentifyDeviceEbt
                0x0800f314       0x7c ../lib-rdm/lib_gd32/librdm.a(rdmhandler.o)
                0x0800f314                RDMHandler::SetIdentifyDevice(bool, unsigned short)
 .text._ZN10RDMHandler18SetFactoryDefaultsEbt
                0x0800f390       0x34 ../lib-rdm/lib_gd32/librdm.a(rdmhandler.o)
                0x0800f390                RDMHandler::SetFactoryDefaults(bool, unsigned short)
 .text._ZN10RDMHandler14SetDeviceLabelEbt
                0x0800f3c4       0x7c ../lib-rdm/lib_gd32/librdm.a(rdmhandler.o)
                0x0800f3c4                RDMHandler::SetDeviceLabel(bool, unsigned short)
 .text._ZN10RDMHandler8HandlersEbhtht
                0x0800f440       0xcc ../lib-rdm/lib_gd32/librdm.a(rdmhandler.o)
                0x0800f440                RDMHandler::Handlers(bool, unsigned char, unsigned short, unsigned char, unsigned short)
 .text._ZN10RDMHandler10HandleDataEPKhPh
                0x0800f50c      0x18c ../lib-rdm/lib_gd32/librdm.a(rdmhandler.o)
                0x0800f50c                RDMHandler::HandleData(unsigned char const*, unsigned char*)
 .text._ZN11RDMIdentifyC2Ev
                0x0800f698        0xc ../lib-rdm/lib_gd32/librdm.a(rdmidentify.o)
                0x0800f698                RDMIdentify::RDMIdentify()
                0x0800f698                RDMIdentify::RDMIdentify()
 .text._ZN11RDMIdentify2OnEN3rdm8identify4ModeE
                0x0800f6a4        0x2 ../lib-rdm/lib_gd32/librdm.a(rdmidentify.o)
                0x0800f6a4                RDMIdentify::On(rdm::identify::Mode)
 .text._ZN11RDMIdentify3OffEN3rdm8identify4ModeE
                0x0800f6a6        0x2 ../lib-rdm/lib_gd32/librdm.a(rdmidentify.o)
                0x0800f6a6                RDMIdentify::Off(rdm::identify::Mode)
 .text.memcpy.isra.0
                0x0800f6a8       0x12 ../lib-rdm/lib_gd32/librdm.a(llrpdevice.o)
 *fill*         0x0800f6ba        0x2 
 .text._ZN10LLRPDevice20HandleRequestMessageEv
                0x0800f6bc      0x12c ../lib-rdm/lib_gd32/librdm.a(llrpdevice.o)
                0x0800f6bc                LLRPDevice::HandleRequestMessage()
 .text._ZN10LLRPDevice16HandleRdmCommandEv
                0x0800f7e8       0xa4 ../lib-rdm/lib_gd32/librdm.a(llrpdevice.o)
                0x0800f7e8                LLRPDevice::HandleRdmCommand()
 .text._ZN10LLRPDevice10DumpCommonEv
                0x0800f88c        0x2 ../lib-rdm/lib_gd32/librdm.a(llrpdevicedump.o)
                0x0800f88c                LLRPDevice::DumpCommon()
 .text.memcpy.isra.0
                0x0800f88e       0x12 ../lib-rdm/lib_gd32/librdm.a(rdmhandlere1372.o)
 .text._ZN10RDMHandler16GetInterfaceListEt
                0x0800f8a0       0x1a ../lib-rdm/lib_gd32/librdm.a(rdmhandlere1372.o)
                0x0800f8a0                RDMHandler::GetInterfaceList(unsigned short)
 *fill*         0x0800f8ba        0x2 
 .text._ZN10RDMHandler16GetInterfaceNameEt
                0x0800f8bc       0x50 ../lib-rdm/lib_gd32/librdm.a(rdmhandlere1372.o)
                0x0800f8bc                RDMHandler::GetInterfaceName(unsigned short)
 .text._ZN10RDMHandler18GetHardwareAddressEt
                0x0800f90c       0x34 ../lib-rdm/lib_gd32/librdm.a(rdmhandlere1372.o)
                0x0800f90c                RDMHandler::GetHardwareAddress(unsigned short)
 .text._ZN10RDMHandler11GetDHCPModeEt
                0x0800f940       0x30 ../lib-rdm/lib_gd32/librdm.a(rdmhandlere1372.o)
                0x0800f940                RDMHandler::GetDHCPMode(unsigned short)
 .text._ZN10RDMHandler11SetDHCPModeEbt
                0x0800f970       0x34 ../lib-rdm/lib_gd32/librdm.a(rdmhandlere1372.o)
                0x0800f970                RDMHandler::SetDHCPMode(bool, unsigned short)
 .text._ZN10RDMHandler14GetNameServersEt
                0x0800f9a4       0x4c ../lib-rdm/lib_gd32/librdm.a(rdmhandlere1372.o)
                0x0800f9a4                RDMHandler::GetNameServers(unsigned short)
 .text._ZN10RDMHandler11GetZeroconfEt
                0x0800f9f0       0x3c ../lib-rdm/lib_gd32/librdm.a(rdmhandlere1372.o)
                0x0800f9f0                RDMHandler::GetZeroconf(unsigned short)
 .text._ZN10RDMHandler11SetZeroconfEbt
                0x0800fa2c       0x48 ../lib-rdm/lib_gd32/librdm.a(rdmhandlere1372.o)
                0x0800fa2c                RDMHandler::SetZeroconf(bool, unsigned short)
 .text._ZN10RDMHandler9RenewDhcpEbt
                0x0800fa74       0x30 ../lib-rdm/lib_gd32/librdm.a(rdmhandlere1372.o)
                0x0800fa74                RDMHandler::RenewDhcp(bool, unsigned short)
 .text._ZN10RDMHandler17GetAddressNetmaskEt
                0x0800faa4       0x50 ../lib-rdm/lib_gd32/librdm.a(rdmhandlere1372.o)
                0x0800faa4                RDMHandler::GetAddressNetmask(unsigned short)
 .text._ZN10RDMHandler16GetStaticAddressEt
                0x0800faf4       0x48 ../lib-rdm/lib_gd32/librdm.a(rdmhandlere1372.o)
                0x0800faf4                RDMHandler::GetStaticAddress(unsigned short)
 .text._ZN10RDMHandler16SetStaticAddressEbt
                0x0800fb3c       0x50 ../lib-rdm/lib_gd32/librdm.a(rdmhandlere1372.o)
                0x0800fb3c                RDMHandler::SetStaticAddress(bool, unsigned short)
 .text._ZN10RDMHandler18ApplyConfigurationEbt
                0x0800fb8c       0x28 ../lib-rdm/lib_gd32/librdm.a(rdmhandlere1372.o)
                0x0800fb8c                RDMHandler::ApplyConfiguration(bool, unsigned short)
 .text._ZN10RDMHandler15GetDefaultRouteEt
                0x0800fbb4       0x3c ../lib-rdm/lib_gd32/librdm.a(rdmhandlere1372.o)
                0x0800fbb4                RDMHandler::GetDefaultRoute(unsigned short)
 .text._ZN10RDMHandler15SetDefaultRouteEbt
                0x0800fbf0       0x40 ../lib-rdm/lib_gd32/librdm.a(rdmhandlere1372.o)
                0x0800fbf0                RDMHandler::SetDefaultRoute(bool, unsigned short)
 .text._ZN10RDMHandler11GetHostNameEt
                0x0800fc30       0x2c ../lib-rdm/lib_gd32/librdm.a(rdmhandlere1372.o)
                0x0800fc30                RDMHandler::GetHostName(unsigned short)
 .text._ZN10RDMHandler11SetHostNameEbt
                0x0800fc5c       0x34 ../lib-rdm/lib_gd32/librdm.a(rdmhandlere1372.o)
                0x0800fc5c                RDMHandler::SetHostName(bool, unsigned short)
 .text._ZN10RDMHandler13GetDomainNameEt
                0x0800fc90       0x2c ../lib-rdm/lib_gd32/librdm.a(rdmhandlere1372.o)
                0x0800fc90                RDMHandler::GetDomainName(unsigned short)
 .text._ZN10RDMHandler13SetDomainNameEbt
                0x0800fcbc        0x6 ../lib-rdm/lib_gd32/librdm.a(rdmhandlere1372.o)
                0x0800fcbc                RDMHandler::SetDomainName(bool, unsigned short)
 *fill*         0x0800fcc2        0x2 
 .text._ZN9RDMDeviceC2Ev
                0x0800fcc4       0xa0 ../lib-rdm/lib_gd32/librdm.a(rdmdevice.o)
                0x0800fcc4                RDMDevice::RDMDevice()
                0x0800fcc4                RDMDevice::RDMDevice()
 .text._ZN9RDMDevice5PrintEv
                0x0800fd64       0xa4 ../lib-rdm/lib_gd32/librdm.a(rdmdevice.o)
                0x0800fd64                RDMDevice::Print()
 .text._ZN17PropertiesBuilder3AddIhEEbPKcT_bi.isra.0
                0x0800fe08       0x50 ../lib-ws28xxdmx/lib_gd32/libws28xxdmx.a(pixeldmxparams.o)
 .text._ZN17PropertiesBuilder3AddItEEbPKcT_bi.isra.0
                0x0800fe58       0x50 ../lib-ws28xxdmx/lib_gd32/libws28xxdmx.a(pixeldmxparams.o)
 .text._ZN17PropertiesBuilder3AddIPKcEEbS2_T_bi.isra.0
                0x0800fea8       0x50 ../lib-ws28xxdmx/lib_gd32/libws28xxdmx.a(pixeldmxparams.o)
 .text._ZN17PropertiesBuilder3AddIfEEbPKcT_bi.isra.0
                0x0800fef8       0x84 ../lib-ws28xxdmx/lib_gd32/libws28xxdmx.a(pixeldmxparams.o)
 .text._ZN5pixel17pixel_convert_TxHEf
                0x0800ff7c       0xac ../lib-ws28xxdmx/lib_gd32/libws28xxdmx.a(pixeldmxparams.o)
                0x0800ff7c                pixel::pixel_convert_TxH(float)
 .text._ZN19PixelDmxParamsStore4CopyEPN14pixeldmxparams6ParamsE
                0x08010028       0x24 ../lib-ws28xxdmx/lib_gd32/libws28xxdmx.a(pixeldmxparams.o)
                0x08010028                PixelDmxParamsStore::Copy(pixeldmxparams::Params*)
 .text._ZN14PixelDmxParamsC2Ev
                0x0801004c       0x7a ../lib-ws28xxdmx/lib_gd32/libws28xxdmx.a(pixeldmxparams.o)
                0x0801004c                PixelDmxParams::PixelDmxParams()
                0x0801004c                PixelDmxParams::PixelDmxParams()
 *fill*         0x080100c6        0x2 
 .text._ZN14PixelDmxParams16callbackFunctionEPKc
                0x080100c8      0x280 ../lib-ws28xxdmx/lib_gd32/libws28xxdmx.a(pixeldmxparams.o)
                0x080100c8                PixelDmxParams::callbackFunction(char const*)
 .text._ZN14PixelDmxParams22staticCallbackFunctionEPvPKc
                0x08010348       0x44 ../lib-ws28xxdmx/lib_gd32/libws28xxdmx.a(pixeldmxparams.o)
                0x08010348                PixelDmxParams::staticCallbackFunction(void*, char const*)
 .text._ZN14PixelDmxParams7BuilderEPKN14pixeldmxparams6ParamsEPcmRm
                0x0801038c      0x294 ../lib-ws28xxdmx/lib_gd32/libws28xxdmx.a(pixeldmxparams.o)
                0x0801038c                PixelDmxParams::Builder(pixeldmxparams::Params const*, char*, unsigned long, unsigned long&)
 .text._ZN14PixelDmxParams3SetEv
                0x08010620       0x90 ../lib-ws28xxdmx/lib_gd32/libws28xxdmx.a(pixeldmxparams.o)
                0x08010620                PixelDmxParams::Set()
 .text._ZN14PixelDmxParams4DumpEv
                0x080106b0      0x13c ../lib-ws28xxdmx/lib_gd32/libws28xxdmx.a(pixeldmxparams.o)
                0x080106b0                PixelDmxParams::Dump()
 .text._ZN14PixelDmxParams4LoadEv
                0x080107ec       0x4c ../lib-ws28xxdmx/lib_gd32/libws28xxdmx.a(pixeldmxparams.o)
                0x080107ec                PixelDmxParams::Load()
 .text._ZN14PixelDmxParams4LoadEPKcm
                0x08010838       0xa4 ../lib-ws28xxdmx/lib_gd32/libws28xxdmx.a(pixeldmxparams.o)
                0x08010838                PixelDmxParams::Load(char const*, unsigned long)
 .text._ZN8LightSet14GetRefreshRateEv
                0x080108dc        0x4 ../lib-ws28xxdmx/lib_gd32/libws28xxdmx.a(ws28xxdmxmulti.o)
                0x080108dc                LightSet::GetRefreshRate()
 .text._ZN8LightSet11GetSlotInfoEtRN8lightset8SlotInfoE
                0x080108e0        0xc ../lib-ws28xxdmx/lib_gd32/libws28xxdmx.a(ws28xxdmxmulti.o)
                0x080108e0                LightSet::GetSlotInfo(unsigned short, lightset::SlotInfo&)
 .text._ZN14WS28xxDmxMulti18SetDmxStartAddressEt
                0x080108ec        0x4 ../lib-ws28xxdmx/lib_gd32/libws28xxdmx.a(ws28xxdmxmulti.o)
                0x080108ec                WS28xxDmxMulti::SetDmxStartAddress(unsigned short)
 .text._ZN14WS28xxDmxMulti18GetDmxStartAddressEv
                0x080108f0        0x8 ../lib-ws28xxdmx/lib_gd32/libws28xxdmx.a(ws28xxdmxmulti.o)
                0x080108f0                WS28xxDmxMulti::GetDmxStartAddress()
 .text._ZN14WS28xxDmxMulti15GetDmxFootprintEv
                0x080108f8        0x4 ../lib-ws28xxdmx/lib_gd32/libws28xxdmx.a(ws28xxdmxmulti.o)
                0x080108f8                WS28xxDmxMulti::GetDmxFootprint()
 .text._ZN14WS28xxDmxMultiD2Ev
                0x080108fc       0x24 ../lib-ws28xxdmx/lib_gd32/libws28xxdmx.a(ws28xxdmxmulti.o)
                0x080108fc                WS28xxDmxMulti::~WS28xxDmxMulti()
                0x080108fc                WS28xxDmxMulti::~WS28xxDmxMulti()
 .text._ZN14WS28xxDmxMulti4SyncEv
                0x08010920       0x18 ../lib-ws28xxdmx/lib_gd32/libws28xxdmx.a(ws28xxdmxmulti.o)
                0x08010920                WS28xxDmxMulti::Sync()
 .text._ZN14WS28xxDmxMulti6FullOnEv
                0x08010938       0x18 ../lib-ws28xxdmx/lib_gd32/libws28xxdmx.a(ws28xxdmxmulti.o)
                0x08010938                WS28xxDmxMulti::FullOn()
 .text._ZN14WS28xxDmxMulti5StartEm
                0x08010950       0x44 ../lib-ws28xxdmx/lib_gd32/libws28xxdmx.a(ws28xxdmxmulti.o)
                0x08010950                WS28xxDmxMulti::Start(unsigned long)
 .text._ZN14WS28xxDmxMulti8BlackoutEb
                0x08010994       0x28 ../lib-ws28xxdmx/lib_gd32/libws28xxdmx.a(ws28xxdmxmulti.o)
                0x08010994                WS28xxDmxMulti::Blackout(bool)
 .text._ZN14WS28xxDmxMulti4StopEm
                0x080109bc       0x48 ../lib-ws28xxdmx/lib_gd32/libws28xxdmx.a(ws28xxdmxmulti.o)
                0x080109bc                WS28xxDmxMulti::Stop(unsigned long)
 .text._ZN14WS28xxDmxMultiD0Ev
                0x08010a04       0x2c ../lib-ws28xxdmx/lib_gd32/libws28xxdmx.a(ws28xxdmxmulti.o)
                0x08010a04                WS28xxDmxMulti::~WS28xxDmxMulti()
 .text._ZN14WS28xxDmxMultiC2Ev
                0x08010a30      0x45c ../lib-ws28xxdmx/lib_gd32/libws28xxdmx.a(ws28xxdmxmulti.o)
                0x08010a30                WS28xxDmxMulti::WS28xxDmxMulti()
                0x08010a30                WS28xxDmxMulti::WS28xxDmxMulti()
 .text._ZN14WS28xxDmxMulti7SetDataEmPKhm
                0x08010e8c      0x81c ../lib-ws28xxdmx/lib_gd32/libws28xxdmx.a(ws28xxdmxmulti.o)
                0x08010e8c                WS28xxDmxMulti::SetData(unsigned long, unsigned char const*, unsigned long)
 .text._ZN14WS28xxDmxMulti4SyncEm
                0x080116a8       0x4c ../lib-ws28xxdmx/lib_gd32/libws28xxdmx.a(ws28xxdmxmulti.o)
                0x080116a8                WS28xxDmxMulti::Sync(unsigned long)
 .text._ZN14WS28xxDmxMulti7SetDataEmPKhmb
                0x080116f4       0xb8 ../lib-ws28xxdmx/lib_gd32/libws28xxdmx.a(ws28xxdmxmulti.o)
                0x080116f4                WS28xxDmxMulti::SetData(unsigned long, unsigned char const*, unsigned long, bool)
 .text._ZN12remoteconfig5pixel15json_get_statusEPcm
                0x080117ac       0x40 ../lib-ws28xx/lib_gd32/libws28xx.a(json_get_satus.o)
                0x080117ac                remoteconfig::pixel::json_get_status(char*, unsigned long)
 .text._ZN5pixel14pixel_get_typeENS_4TypeE
                0x080117ec       0x18 ../lib-ws28xx/lib_gd32/libws28xx.a(pixeltype.o)
                0x080117ec                pixel::pixel_get_type(pixel::Type)
 .text._ZN5pixel14pixel_get_typeEPKc
                0x08011804       0x60 ../lib-ws28xx/lib_gd32/libws28xx.a(pixeltype.o)
                0x08011804                pixel::pixel_get_type(char const*)
 .text._ZN5pixel13pixel_get_mapEPKc
                0x08011864       0x6c ../lib-ws28xx/lib_gd32/libws28xx.a(pixeltype.o)
                0x08011864                pixel::pixel_get_map(char const*)
 .text._ZN5pixel13pixel_get_mapENS_3MapE
                0x080118d0       0x18 ../lib-ws28xx/lib_gd32/libws28xx.a(pixeltype.o)
                0x080118d0                pixel::pixel_get_map(pixel::Map)
 .text._ZN12remoteconfig5pixel14json_get_typesEPcm
                0x080118e8       0x78 ../lib-ws28xx/lib_gd32/libws28xx.a(pixeltype.o)
                0x080118e8                remoteconfig::pixel::json_get_types(char*, unsigned long)
 .text._ZN13PixelPatterns14SetPixelColourEmmm.isra.0
                0x08011960       0xc4 ../lib-ws28xx/lib_gd32/libws28xx.a(pixelpatterns.o)
 .text._ZN13PixelPatterns5ClearEm.isra.0
                0x08011a24       0x20 ../lib-ws28xx/lib_gd32/libws28xx.a(pixelpatterns.o)
 .text._ZN13PixelPatternsC2Em
                0x08011a44       0x98 ../lib-ws28xx/lib_gd32/libws28xx.a(pixelpatterns.o)
                0x08011a44                PixelPatterns::PixelPatterns(unsigned long)
                0x08011a44                PixelPatterns::PixelPatterns(unsigned long)
 .text._ZN13PixelPatterns7GetNameEN13pixelpatterns7PatternE
                0x08011adc       0x18 ../lib-ws28xx/lib_gd32/libws28xx.a(pixelpatterns.o)
                0x08011adc                PixelPatterns::GetName(pixelpatterns::Pattern)
 .text._ZN13PixelPatterns12RainbowCycleEmmN13pixelpatterns9DirectionE
                0x08011af4       0x2c ../lib-ws28xx/lib_gd32/libws28xx.a(pixelpatterns.o)
                0x08011af4                PixelPatterns::RainbowCycle(unsigned long, unsigned long, pixelpatterns::Direction)
 .text._ZN13PixelPatterns12TheaterChaseEmmmmN13pixelpatterns9DirectionE
                0x08011b20       0x38 ../lib-ws28xx/lib_gd32/libws28xx.a(pixelpatterns.o)
                0x08011b20                PixelPatterns::TheaterChase(unsigned long, unsigned long, unsigned long, unsigned long, pixelpatterns::Direction)
 .text._ZN13PixelPatterns10ColourWipeEmmmN13pixelpatterns9DirectionE
                0x08011b58       0x34 ../lib-ws28xx/lib_gd32/libws28xx.a(pixelpatterns.o)
                0x08011b58                PixelPatterns::ColourWipe(unsigned long, unsigned long, unsigned long, pixelpatterns::Direction)
 .text._ZN13PixelPatterns7ScannerEmmm
                0x08011b8c       0x60 ../lib-ws28xx/lib_gd32/libws28xx.a(pixelpatterns.o)
                0x08011b8c                PixelPatterns::Scanner(unsigned long, unsigned long, unsigned long)
 .text._ZN13PixelPatterns4FadeEmmmmmN13pixelpatterns9DirectionE
                0x08011bec       0x34 ../lib-ws28xx/lib_gd32/libws28xx.a(pixelpatterns.o)
                0x08011bec                PixelPatterns::Fade(unsigned long, unsigned long, unsigned long, unsigned long, unsigned long, pixelpatterns::Direction)
 .text._ZN13PixelPatterns5WheelEh
                0x08011c20       0x46 ../lib-ws28xx/lib_gd32/libws28xx.a(pixelpatterns.o)
                0x08011c20                PixelPatterns::Wheel(unsigned char)
 *fill*         0x08011c66        0x2 
 .text._ZN13PixelPatterns9IncrementEm
                0x08011c68       0x3c ../lib-ws28xx/lib_gd32/libws28xx.a(pixelpatterns.o)
                0x08011c68                PixelPatterns::Increment(unsigned long)
 .text._ZN13PixelPatterns18RainbowCycleUpdateEm
                0x08011ca4       0x50 ../lib-ws28xx/lib_gd32/libws28xx.a(pixelpatterns.o)
                0x08011ca4                PixelPatterns::RainbowCycleUpdate(unsigned long)
 .text._ZN13PixelPatterns18TheaterChaseUpdateEm
                0x08011cf4       0x58 ../lib-ws28xx/lib_gd32/libws28xx.a(pixelpatterns.o)
                0x08011cf4                PixelPatterns::TheaterChaseUpdate(unsigned long)
 .text._ZN13PixelPatterns16ColourWipeUpdateEm
                0x08011d4c       0x28 ../lib-ws28xx/lib_gd32/libws28xx.a(pixelpatterns.o)
                0x08011d4c                PixelPatterns::ColourWipeUpdate(unsigned long)
 .text._ZN13PixelPatterns13ScannerUpdateEm
                0x08011d74       0xa4 ../lib-ws28xx/lib_gd32/libws28xx.a(pixelpatterns.o)
                0x08011d74                PixelPatterns::ScannerUpdate(unsigned long)
 .text._ZN13PixelPatterns10FadeUpdateEm
                0x08011e18       0x88 ../lib-ws28xx/lib_gd32/libws28xx.a(pixelpatterns.o)
                0x08011e18                PixelPatterns::FadeUpdate(unsigned long)
 .text._ZN13PixelPatterns10PortUpdateEmm
                0x08011ea0       0x50 ../lib-ws28xx/lib_gd32/libws28xx.a(pixelpatterns.o)
                0x08011ea0                PixelPatterns::PortUpdate(unsigned long, unsigned long)
 .text.TIMER3_IRQHandler
                0x08011ef0       0x78 ../lib-ws28xx/lib_gd32/libws28xx.a(ws28xxmulti.o)
                0x08011ef0                TIMER3_IRQHandler
 .text._ZN11WS28xxMultiD2Ev
                0x08011f68       0x40 ../lib-ws28xx/lib_gd32/libws28xx.a(ws28xxmulti.o)
                0x08011f68                WS28xxMulti::~WS28xxMulti()
                0x08011f68                WS28xxMulti::~WS28xxMulti()
 .text._ZN11WS28xxMulti5SetupEhh
                0x08011fa8      0x254 ../lib-ws28xx/lib_gd32/libws28xx.a(ws28xxmulti.o)
                0x08011fa8                WS28xxMulti::Setup(unsigned char, unsigned char)
 .text._ZN11WS28xxMulti6UpdateEv
                0x080121fc      0x1e4 ../lib-ws28xx/lib_gd32/libws28xx.a(ws28xxmulti.o)
                0x080121fc                WS28xxMulti::Update()
 .text._ZN11WS28xxMulti10IsUpdatingEv
                0x080123e0       0x10 ../lib-ws28xx/lib_gd32/libws28xx.a(ws28xxmulti.o)
                0x080123e0                WS28xxMulti::IsUpdating()
 .text._ZN11WS28xxMulti12SetColourRTZEmmhhh
                0x080123f0      0x21c ../lib-ws28xx/lib_gd32/libws28xx.a(ws28xxmulti.o)
                0x080123f0                WS28xxMulti::SetColourRTZ(unsigned long, unsigned long, unsigned char, unsigned char, unsigned char)
 .text._ZN11WS28xxMulti15SetColourWS2801Emmhhh
                0x0801260c      0x248 ../lib-ws28xx/lib_gd32/libws28xx.a(ws28xxmulti.o)
                0x0801260c                WS28xxMulti::SetColourWS2801(unsigned long, unsigned long, unsigned char, unsigned char, unsigned char)
 .text._ZN11WS28xxMulti14SetPixel4BytesEmmhhhh
                0x08012854      0x170 ../lib-ws28xx/lib_gd32/libws28xx.a(ws28xxmulti.o)
                0x08012854                WS28xxMulti::SetPixel4Bytes(unsigned long, unsigned long, unsigned char, unsigned char, unsigned char, unsigned char)
 .text._ZN11WS28xxMulti5SetupEm
                0x080129c4      0x380 ../lib-ws28xx/lib_gd32/libws28xx.a(ws28xxmulti.o)
                0x080129c4                WS28xxMulti::Setup(unsigned long)
 .text._ZN11WS28xxMultiC2Ev
                0x08012d44      0x4b4 ../lib-ws28xx/lib_gd32/libws28xx.a(ws28xxmulti.o)
                0x08012d44                WS28xxMulti::WS28xxMulti()
                0x08012d44                WS28xxMulti::WS28xxMulti()
 .text._ZN11WS28xxMulti8BlackoutEv
                0x080131f8      0x20c ../lib-ws28xx/lib_gd32/libws28xx.a(ws28xxmulti.o)
                0x080131f8                WS28xxMulti::Blackout()
 .text._ZN11WS28xxMulti6FullOnEv
                0x08013404      0x208 ../lib-ws28xx/lib_gd32/libws28xx.a(ws28xxmulti.o)
                0x08013404                WS28xxMulti::FullOn()
 .text._ZN11WS28xxMulti12SetColourRTZEmmhhhh
                0x0801360c      0x168 ../lib-ws28xx/lib_gd32/libws28xx.a(ws28xxmulti.o)
                0x0801360c                WS28xxMulti::SetColourRTZ(unsigned long, unsigned long, unsigned char, unsigned char, unsigned char, unsigned char)
 .text.memcpy.isra.0
                0x08013774       0x12 ../lib-network/lib_gd32/libnetwork.a(mdns.o)
 .text.strlen   0x08013786       0x10 ../lib-network/lib_gd32/libnetwork.a(mdns.o)
                0x08013786                strlen
 *fill*         0x08013796        0x2 
 .text._ZN4mdns6Domain11AddDotLocalEv
                0x08013798       0x24 ../lib-network/lib_gd32/libnetwork.a(mdns.o)
                0x08013798                mdns::Domain::AddDotLocal()
 .text._ZL18create_host_domainRN4mdns6DomainE
                0x080137bc       0x40 ../lib-network/lib_gd32/libnetwork.a(mdns.o)
 .text._ZL21create_service_domainRN4mdns6DomainERKNS_13ServiceRecordEb
                0x080137fc       0xa4 ../lib-network/lib_gd32/libnetwork.a(mdns.o)
 .text._ZN4mdns6Domain5PrintEb
                0x080138a0       0x48 ../lib-network/lib_gd32/libnetwork.a(mdns.o)
                0x080138a0                mdns::Domain::Print(bool)
 .text._ZN4mdnseqERKNS_6DomainES2_
                0x080138e8       0x66 ../lib-network/lib_gd32/libnetwork.a(mdns.o)
                0x080138e8                mdns::operator==(mdns::Domain const&, mdns::Domain const&)
 .text._Z24find_compression_pointerPKhS0_S0_
                0x0801394e       0xa0 ../lib-network/lib_gd32/libnetwork.a(mdns.o)
                0x0801394e                find_compression_pointer(unsigned char const*, unsigned char const*, unsigned char const*)
 *fill*         0x080139ee        0x2 
 .text._ZL25put_domain_name_as_labelsPhRKN4mdns6DomainE
                0x080139f0       0x5c ../lib-network/lib_gd32/libnetwork.a(mdns.o)
 .text._ZL12add_answer_aPhm
                0x08013a4c       0x40 ../lib-network/lib_gd32/libnetwork.a(mdns.o)
 .text._ZL19add_answer_dnsd_ptrRKN4mdns13ServiceRecordEPhm.constprop.0
                0x08013a8c       0x50 ../lib-network/lib_gd32/libnetwork.a(mdns.o)
 .text._ZL14add_answer_srvRKN4mdns13ServiceRecordEPhm
                0x08013adc       0x58 ../lib-network/lib_gd32/libnetwork.a(mdns.o)
 .text._ZL14add_answer_ptrRKN4mdns13ServiceRecordEPhm
                0x08013b34       0x50 ../lib-network/lib_gd32/libnetwork.a(mdns.o)
 .text._ZL14add_answer_txtRKN4mdns13ServiceRecordEPhm
                0x08013b84       0x5a ../lib-network/lib_gd32/libnetwork.a(mdns.o)
 .text._Z15get_domain_namePKhS0_S0_Ph
                0x08013bde       0x8c ../lib-network/lib_gd32/libnetwork.a(mdns.o)
                0x08013bde                get_domain_name(unsigned char const*, unsigned char const*, unsigned char const*, unsigned char*)
 *fill*         0x08013c6a        0x2 
 .text._ZN4MDNS6SendToEm
                0x08013c6c       0x54 ../lib-network/lib_gd32/libnetwork.a(mdns.o)
                0x08013c6c                MDNS::SendTo(unsigned long)
 .text._ZN4MDNS24SendAnswerLocalIpAddressEtm
                0x08013cc0       0x54 ../lib-network/lib_gd32/libnetwork.a(mdns.o)
                0x08013cc0                MDNS::SendAnswerLocalIpAddress(unsigned short, unsigned long)
 .text._ZN4MDNS11SendMessageERKN4mdns13ServiceRecordEtm
                0x08013d14       0xa8 ../lib-network/lib_gd32/libnetwork.a(mdns.o)
                0x08013d14                MDNS::SendMessage(mdns::ServiceRecord const&, unsigned short, unsigned long)
 .text._ZN4MDNS16SendAnnouncementEm
                0x08013dbc       0x68 ../lib-network/lib_gd32/libnetwork.a(mdns.o)
                0x08013dbc                MDNS::SendAnnouncement(unsigned long)
 .text._ZN7network17mdns_announcementEv
                0x08013e24       0x10 ../lib-network/lib_gd32/libnetwork.a(mdns.o)
                0x08013e24                network::mdns_announcement()
 .text._ZN7network13mdns_shutdownEv
                0x08013e34       0x10 ../lib-network/lib_gd32/libnetwork.a(mdns.o)
                0x08013e34                network::mdns_shutdown()
 .text._ZN4MDNSC2Ev
                0x08013e44       0x74 ../lib-network/lib_gd32/libnetwork.a(mdns.o)
                0x08013e44                MDNS::MDNS()
                0x08013e44                MDNS::MDNS()
 .text._ZN4MDNS19ServiceRecordDeleteEN4mdns8ServicesE
                0x08013eb8       0x38 ../lib-network/lib_gd32/libnetwork.a(mdns.o)
                0x08013eb8                MDNS::ServiceRecordDelete(mdns::Services)
 .text._ZN4MDNS16ServiceRecordAddEPKcN4mdns8ServicesES1_t
                0x08013ef0       0xc0 ../lib-network/lib_gd32/libnetwork.a(mdns.o)
                0x08013ef0                MDNS::ServiceRecordAdd(char const*, mdns::Services, char const*, unsigned short)
 .text._ZN4MDNS15HandleQuestionsEm
                0x08013fb0      0x19c ../lib-network/lib_gd32/libnetwork.a(mdns.o)
                0x08013fb0                MDNS::HandleQuestions(unsigned long)
 .text._ZN4MDNS5PrintEv
                0x0801414c       0x68 ../lib-network/lib_gd32/libnetwork.a(mdns.o)
                0x0801414c                MDNS::Print()
 .text.strncpy.isra.0
                0x080141b4       0x22 ../lib-network/lib_gd32/libnetwork.a(network.o)
 *fill*         0x080141d6        0x2 
 .text._ZN12NetworkStore8SaveDhcpEb
                0x080141d8       0x28 ../lib-network/lib_gd32/libnetwork.a(network.o)
                0x080141d8                NetworkStore::SaveDhcp(bool)
 .text._ZL18netif_ext_callbacktPKN3net25netif_ext_callback_args_tE
                0x08014200       0xe0 ../lib-network/lib_gd32/libnetwork.a(network.o)
 .text._ZN7NetworkC2Ev
                0x080142e0      0x178 ../lib-network/lib_gd32/libnetwork.a(network.o)
                0x080142e0                Network::Network()
                0x080142e0                Network::Network()
 .text._ZN7Network5SetIpEm
                0x08014458       0x40 ../lib-network/lib_gd32/libnetwork.a(network.o)
                0x08014458                Network::SetIp(unsigned long)
 .text._ZN7Network10SetNetmaskEm
                0x08014498       0x38 ../lib-network/lib_gd32/libnetwork.a(network.o)
                0x08014498                Network::SetNetmask(unsigned long)
 .text._ZN7Network12SetGatewayIpEm
                0x080144d0       0x3c ../lib-network/lib_gd32/libnetwork.a(network.o)
                0x080144d0                Network::SetGatewayIp(unsigned long)
 .text._ZN7Network11SetHostNameEPKc
                0x0801450c       0x54 ../lib-network/lib_gd32/libnetwork.a(network.o)
                0x0801450c                Network::SetHostName(char const*)
 .text._ZN7Network11SetZeroconfEv
                0x08014560        0xe ../lib-network/lib_gd32/libnetwork.a(network.o)
                0x08014560                Network::SetZeroconf()
 .text._ZN7Network10EnableDhcpEv
                0x0801456e        0xe ../lib-network/lib_gd32/libnetwork.a(network.o)
                0x0801456e                Network::EnableDhcp()
 .text._ZN7Network17SetQueuedStaticIpEmm
                0x0801457c       0x28 ../lib-network/lib_gd32/libnetwork.a(network.o)
                0x0801457c                Network::SetQueuedStaticIp(unsigned long, unsigned long)
 .text._ZN7Network21SetQueuedDefaultRouteEm
                0x080145a4       0x1c ../lib-network/lib_gd32/libnetwork.a(network.o)
                0x080145a4                Network::SetQueuedDefaultRoute(unsigned long)
 .text._ZN7Network17ApplyQueuedConfigEv
                0x080145c0       0x78 ../lib-network/lib_gd32/libnetwork.a(network.o)
                0x080145c0                Network::ApplyQueuedConfig()
 .text._ZN3net12autoip_startEv
                0x08014638       0x9c ../lib-network/lib_gd32/libnetwork.a(autoip.o)
                0x08014638                net::autoip_start()
 .text._ZN3net11autoip_stopEv
                0x080146d4       0x24 ../lib-network/lib_gd32/libnetwork.a(autoip.o)
                0x080146d4                net::autoip_stop()
 .text._ZN3netL24autoip_conflict_callbackENS_3acd8CallbackE
                0x080146f8       0x4c ../lib-network/lib_gd32/libnetwork.a(autoip.o)
 .text._ZN3netL9dhcp_bindEv
                0x08014744       0xd4 ../lib-network/lib_gd32/libnetwork.a(dhcp.o)
 .text._ZN3netL12message_initEv
                0x08014818       0x40 ../lib-network/lib_gd32/libnetwork.a(dhcp.o)
 .text._ZN3netL13dhcp_discoverEv
                0x08014858       0xb0 ../lib-network/lib_gd32/libnetwork.a(dhcp.o)
 .text._ZN3net9memcpy_ipEPhm
                0x08014908        0x4 ../lib-network/lib_gd32/libnetwork.a(dhcp.o)
                0x08014908                net::memcpy_ip(unsigned char*, unsigned long)
 .text._ZN3netL12send_requestEv
                0x0801490c       0xd0 ../lib-network/lib_gd32/libnetwork.a(dhcp.o)
 .text._ZN3netL11dhcp_selectEv
                0x080149dc       0x4c ../lib-network/lib_gd32/libnetwork.a(dhcp.o)
 .text._ZN3netL11dhcp_rebootEv
                0x08014a28       0x50 ../lib-network/lib_gd32/libnetwork.a(dhcp.o)
 .text._ZN3net9memcpy_ipEPKh
                0x08014a78        0x4 ../lib-network/lib_gd32/libnetwork.a(dhcp.o)
                0x08014a78                net::memcpy_ip(unsigned char const*)
 .text._ZN3netL15dhcp_handle_ackEPKNS_4dhcp7MessageE
                0x08014a7c       0x40 ../lib-network/lib_gd32/libnetwork.a(dhcp.o)
 .text._ZN3net11dhcp_informEv
                0x08014abc       0x6c ../lib-network/lib_gd32/libnetwork.a(dhcp.o)
                0x08014abc                net::dhcp_inform()
 .text._ZN3net10dhcp_startEv
                0x08014b28       0x98 ../lib-network/lib_gd32/libnetwork.a(dhcp.o)
                0x08014b28                net::dhcp_start()
 .text._ZN3net21dhcp_release_and_stopEv
                0x08014bc0       0xa4 ../lib-network/lib_gd32/libnetwork.a(dhcp.o)
                0x08014bc0                net::dhcp_release_and_stop()
 .text._ZN3netL13dhcp_fine_tmrEv
                0x08014c64       0x8c ../lib-network/lib_gd32/libnetwork.a(dhcp.o)
 .text._ZN3net12dhcp_processEPKNS_4dhcp7MessageEm
                0x08014cf0      0x15c ../lib-network/lib_gd32/libnetwork.a(dhcp.o)
                0x08014cf0                net::dhcp_process(net::dhcp::Message const*, unsigned long)
 .text._ZN3netL16igmp_send_reportEm
                0x08014e4c       0x78 ../lib-network/lib_gd32/libnetwork.a(igmp.o)
 .text._ZN3netL10igmp_timerEv
                0x08014ec4       0x54 ../lib-network/lib_gd32/libnetwork.a(igmp.o)
 .text._ZN3net11igmp_set_ipEv
                0x08014f18       0x20 ../lib-network/lib_gd32/libnetwork.a(igmp.o)
                0x08014f18                net::igmp_set_ip()
 .text._ZN3net9igmp_joinEm
                0x08014f38       0x3c ../lib-network/lib_gd32/libnetwork.a(igmp.o)
                0x08014f38                net::igmp_join(unsigned long)
 .text._ZN3net10igmp_leaveEm
                0x08014f74       0x4c ../lib-network/lib_gd32/libnetwork.a(igmp.o)
                0x08014f74                net::igmp_leave(unsigned long)
 .text._ZN3net18igmp_report_groupsEv
                0x08014fc0       0x5c ../lib-network/lib_gd32/libnetwork.a(igmp.o)
                0x08014fc0                net::igmp_report_groups()
 .text._ZN3netL28primary_ip_conflict_callbackENS_3acd8CallbackE
                0x0801501c       0x54 ../lib-network/lib_gd32/libnetwork.a(net.o)
 .text._ZN3net12net_shutdownEv
                0x08015070        0x4 ../lib-network/lib_gd32/libnetwork.a(net.o)
                0x08015070                net::net_shutdown()
 .text._ZN3net18net_set_primary_ipENS_7ip_addrE
                0x08015074       0x38 ../lib-network/lib_gd32/libnetwork.a(net.o)
                0x08015074                net::net_set_primary_ip(net::ip_addr)
 .text._ZN3net10net_chksumEPKvm
                0x080150ac       0x58 ../lib-network/lib_gd32/libnetwork.a(net_chksum.o)
                0x080150ac                net::net_chksum(void const*, unsigned long)
 .text._ZN3netL16default_callbackEtPKNS_25netif_ext_callback_args_tE
                0x08015104        0x2 ../lib-network/lib_gd32/libnetwork.a(netif.o)
 *fill*         0x08015106        0x2 
 .text._ZN3netL23netif_do_update_globalsEv
                0x08015108       0x30 ../lib-network/lib_gd32/libnetwork.a(netif.o)
 .text._ZN3netL19netif_issue_reportsEv
                0x08015138       0x18 ../lib-network/lib_gd32/libnetwork.a(netif.o)
 .text._ZN3netL19netif_do_set_ipaddrENS_7ip_addrERS0_
                0x08015150       0x34 ../lib-network/lib_gd32/libnetwork.a(netif.o)
 .text._ZN3net10netif_initEv
                0x08015184       0x40 ../lib-network/lib_gd32/libnetwork.a(netif.o)
                0x08015184                net::netif_init()
 .text._ZN3net16netif_set_ipaddrENS_7ip_addrE
                0x080151c4       0x24 ../lib-network/lib_gd32/libnetwork.a(netif.o)
                0x080151c4                net::netif_set_ipaddr(net::ip_addr)
 .text._ZN3net17netif_set_netmaskENS_7ip_addrE
                0x080151e8       0x28 ../lib-network/lib_gd32/libnetwork.a(netif.o)
                0x080151e8                net::netif_set_netmask(net::ip_addr)
 .text._ZN3net12netif_set_gwENS_7ip_addrE
                0x08015210       0x28 ../lib-network/lib_gd32/libnetwork.a(netif.o)
                0x08015210                net::netif_set_gw(net::ip_addr)
 .text._ZN3net14netif_set_addrENS_7ip_addrES0_S0_
                0x08015238       0x8c ../lib-network/lib_gd32/libnetwork.a(netif.o)
                0x08015238                net::netif_set_addr(net::ip_addr, net::ip_addr, net::ip_addr)
 .text._ZN3net22netif_add_ext_callbackEPFvtPKNS_25netif_ext_callback_args_tEE
                0x080152c4        0xc ../lib-network/lib_gd32/libnetwork.a(netif.o)
                0x080152c4                net::netif_add_ext_callback(void (*)(unsigned short, net::netif_ext_callback_args_t const*))
 .text._ZN3net19netif_set_link_downEv
                0x080152d0       0x40 ../lib-network/lib_gd32/libnetwork.a(netif.o)
                0x080152d0                net::netif_set_link_down()
 .text._ZN3netL8_bswap32EP5t_tcp
                0x08015310       0x40 ../lib-network/lib_gd32/libnetwork.a(tcp.o)
 .text._ZN3netL12send_packageEPKNS_3tcbERKNS_8SendInfoE
                0x08015350      0x170 ../lib-network/lib_gd32/libnetwork.a(tcp.o)
 .text._ZN3netL10send_resetEP5t_tcpPKNS_3tcbE
                0x080154c0       0x68 ../lib-network/lib_gd32/libnetwork.a(tcp.o)
 .text._ZN3netL12scan_optionsEP5t_tcpPNS_3tcbEl
                0x08015528       0xb4 ../lib-network/lib_gd32/libnetwork.a(tcp.o)
 .text._ZN3net12tcp_shutdownEv
                0x080155dc        0x4 ../lib-network/lib_gd32/libnetwork.a(tcp.o)
                0x080155dc                net::tcp_shutdown()
 .text._ZN3net9tcp_beginEt
                0x080155e0       0x64 ../lib-network/lib_gd32/libnetwork.a(tcp.o)
                0x080155e0                net::tcp_begin(unsigned short)
 .text._ZN3net8tcp_readElPPKhRm
                0x08015644       0x70 ../lib-network/lib_gd32/libnetwork.a(tcp.o)
                0x08015644                net::tcp_read(long, unsigned char const**, unsigned long&)
 .text._ZN3net9tcp_writeElPKhmm
                0x080156b4       0xa0 ../lib-network/lib_gd32/libnetwork.a(tcp.o)
                0x080156b4                net::tcp_write(long, unsigned char const*, unsigned long, unsigned long)
 .text._ZN3net10udp_set_ipEv
                0x08015754       0x14 ../lib-network/lib_gd32/libnetwork.a(udp.o)
                0x08015754                net::udp_set_ip()
 .text._ZN3net9udp_beginEt
                0x08015768       0x2c ../lib-network/lib_gd32/libnetwork.a(udp.o)
                0x08015768                net::udp_begin(unsigned short)
 .text._ZN3net7udp_endEt
                0x08015794       0x48 ../lib-network/lib_gd32/libnetwork.a(udp.o)
                0x08015794                net::udp_end(unsigned short)
 .text._ZN3net9udp_recv2EiPPKhPmPt
                0x080157dc       0x3c ../lib-network/lib_gd32/libnetwork.a(udp.o)
                0x080157dc                net::udp_recv2(int, unsigned char const**, unsigned long*, unsigned short*)
 .text._ZN3net8udp_sendEiPKhmmt
                0x08015818      0x110 ../lib-network/lib_gd32/libnetwork.a(udp.o)
                0x08015818                net::udp_send(int, unsigned char const*, unsigned long, unsigned long, unsigned short)
 .text._ZN18NetworkParamsStore4CopyEPN13networkparams6ParamsE
                0x08015928       0x20 ../lib-network/lib_gd32/libnetwork.a(networkparams.o)
                0x08015928                NetworkParamsStore::Copy(networkparams::Params*)
 .text._ZN13NetworkParamsC2Ev
                0x08015948       0x14 ../lib-network/lib_gd32/libnetwork.a(networkparams.o)
                0x08015948                NetworkParams::NetworkParams()
                0x08015948                NetworkParams::NetworkParams()
 .text._ZN13NetworkParams4LoadEv
                0x0801595c       0x12 ../lib-network/lib_gd32/libnetwork.a(networkparams.o)
                0x0801595c                NetworkParams::Load()
 *fill*         0x0801596e        0x2 
 .text._ZN13NetworkParams4LoadEPKcm
                0x08015970       0x50 ../lib-network/lib_gd32/libnetwork.a(networkparams.o)
                0x08015970                NetworkParams::Load(char const*, unsigned long)
 .text._ZN13NetworkParams16callbackFunctionEPKc
                0x080159c0      0x15c ../lib-network/lib_gd32/libnetwork.a(networkparams.o)
                0x080159c0                NetworkParams::callbackFunction(char const*)
 .text._ZN13NetworkParams22staticCallbackFunctionEPvPKc
                0x08015b1c        0x4 ../lib-network/lib_gd32/libnetwork.a(networkparams.o)
                0x08015b1c                NetworkParams::staticCallbackFunction(void*, char const*)
 .text._ZN13NetworkParams7BuilderEPKN13networkparams6ParamsEPcmRm
                0x08015b20      0x23c ../lib-network/lib_gd32/libnetwork.a(networkparams.o)
                0x08015b20                NetworkParams::Builder(networkparams::Params const*, char*, unsigned long, unsigned long&)
 .text._ZN3net18phy_customized_ledEv
                0x08015d5c        0x2 ../lib-network/lib_gd32/libnetwork.a(net_phy.o)
                0x08015d5c                net::phy_customized_led()
 .text._ZN3net21phy_customized_timingEv
                0x08015d5e        0x2 ../lib-network/lib_gd32/libnetwork.a(net_phy.o)
                0x08015d5e                net::phy_customized_timing()
 .text._Z16emac_adjust_linkN3net9PhyStatusE
                0x08015d60       0x70 ../lib-network/lib_gd32/libnetwork.a(emac.o)
                0x08015d60                emac_adjust_link(net::PhyStatus)
 .text._ZN3net8phy_readEmmRt
                0x08015dd0       0x16 ../lib-network/lib_gd32/libnetwork.a(net_phy.o)
                0x08015dd0                net::phy_read(unsigned long, unsigned long, unsigned short&)
 .text._ZN3net9phy_writeEmmt
                0x08015de6       0x20 ../lib-network/lib_gd32/libnetwork.a(net_phy.o)
                0x08015de6                net::phy_write(unsigned long, unsigned long, unsigned short)
 *fill*         0x08015e06        0x2 
 .text._ZN3net10phy_configEm
                0x08015e08       0xd4 ../lib-network/lib_gd32/libnetwork.a(net_phy.o)
                0x08015e08                net::phy_config(unsigned long)
 .text._Z16enet_gpio_configv
                0x08015edc      0x1b4 ../lib-network/lib_gd32/libnetwork.a(emac.o)
                0x08015edc                enet_gpio_config()
 .text._Z13emac_eth_recvPPh
                0x08016090       0x24 ../lib-network/lib_gd32/libnetwork.a(net.o)
                0x08016090                emac_eth_recv(unsigned char**)
 .text._Z13emac_free_pktv
                0x080160b4       0x40 ../lib-network/lib_gd32/libnetwork.a(net.o)
                0x080160b4                emac_free_pkt()
 .text._Z13emac_eth_sendPvm
                0x080160f4       0x8c ../lib-network/lib_gd32/libnetwork.a(net.o)
                0x080160f4                emac_eth_send(void*, unsigned long)
 .text._ZN3net9acd_startEPNS_3acd3AcdENS_7ip_addrE
                0x08016180       0x74 ../lib-network/lib_gd32/libnetwork.a(acd.o)
                0x08016180                net::acd_start(net::acd::Acd*, net::ip_addr)
 .text._ZN3net8acd_stopEPNS_3acd3AcdE
                0x080161f4       0x58 ../lib-network/lib_gd32/libnetwork.a(acd.o)
                0x080161f4                net::acd_stop(net::acd::Acd*)
 .text._ZN3netL9acd_timerEv
                0x0801624c       0xb4 ../lib-network/lib_gd32/libnetwork.a(acd.o)
 .text._ZN3netL11acd_restartEPNS_3acd3AcdE
                0x08016300       0x32 ../lib-network/lib_gd32/libnetwork.a(acd.o)
 *fill*         0x08016332        0x2 
 .text._ZN3net29acd_network_changed_link_downEv
                0x08016334        0xc ../lib-network/lib_gd32/libnetwork.a(acd.o)
                0x08016334                net::acd_network_changed_link_down()
 .text._ZN3net13acd_arp_replyEP5t_arp