Archive member included to satisfy reference by file (symbol)

../lib-remoteconfig/lib_gd32/libremoteconfig.a(remoteconfig.o)
                              build_gd32/firmware/main.o (RemoteConfig::RemoteConfig(remoteconfig::Output, unsigned long))
../lib-remoteconfig/lib_gd32/libremoteconfig.a(remoteconfig.o)
                              ../lib-remoteconfig/lib_gd32/libremoteconfig.a(remoteconfig.o) (RemoteConfig::PlatformHandleTftpSet())
../lib-remoteconfig/lib_gd32/libremoteconfig.a(remoteconfigparams.o)
                              ../lib-remoteconfig/lib_gd32/libremoteconfig.a(remoteconfig.o) (json::RemoteConfigParams::RemoteConfigParams())
../lib-remoteconfig/lib_gd32/libremoteconfig.a(httpdhandlerequest.o)
                              ../lib-remoteconfig/lib_gd32/libremoteconfig.a(remoteconfig.o) (HttpDeamonHandleRequest::HandleRequest(unsigned long, char*))
../lib-remoteconfig/lib_gd32/libremoteconfig.a(html_infos.o)
                              ../lib-remoteconfig/lib_gd32/libremoteconfig.a(httpdhandlerequest.o) (html::GetFileIndex(char const*))
../lib-remoteconfig/lib_gd32/libremoteconfig.a(json_infos.o)
                              ../lib-remoteconfig/lib_gd32/libremoteconfig.a(httpdhandlerequest.o) (json::GetFileIndex(char const*))
../lib-remoteconfig/lib_gd32/libremoteconfig.a(khtmlinfos.o)
                              ../lib-remoteconfig/lib_gd32/libremoteconfig.a(html_infos.o) (html::kHtmlInfosSize)
../lib-remoteconfig/lib_gd32/libremoteconfig.a(kjsoninfos.o)
                              ../lib-remoteconfig/lib_gd32/libremoteconfig.a(json_infos.o) (json::kFileInfosSize)
../lib-remoteconfig/lib_gd32/libremoteconfig.a(json_config_remoteconfig.o)
                              ../lib-remoteconfig/lib_gd32/libremoteconfig.a(kjsoninfos.o) (json::config::GetRemoteConfig(char*, unsigned long))
../lib-remoteconfig/lib_gd32/libremoteconfig.a(get_file_content.o)
                              ../lib-remoteconfig/lib_gd32/libremoteconfig.a(httpdhandlerequest.o) (GetFileContent(char const*, unsigned long&, http::contentTypes&))
../lib-remoteconfig/lib_gd32/libremoteconfig.a(json_action.o)
                              ../lib-remoteconfig/lib_gd32/libremoteconfig.a(kjsoninfos.o) (json::action::Set(char const*, unsigned long))
../lib-remoteconfig/lib_gd32/libremoteconfig.a(json_config_getdirectory.o)
                              ../lib-remoteconfig/lib_gd32/libremoteconfig.a(kjsoninfos.o) (json::config::GetDirectory(char*, unsigned long))
../lib-remoteconfig/lib_gd32/libremoteconfig.a(json_datetime.o)
                              ../lib-remoteconfig/lib_gd32/libremoteconfig.a(kjsoninfos.o) (json::GetTimeofday(char*, unsigned long))
../lib-remoteconfig/lib_gd32/libremoteconfig.a(json_getlist.o)
                              ../lib-remoteconfig/lib_gd32/libremoteconfig.a(kjsoninfos.o) (json::GetList(char*, unsigned long))
../lib-remoteconfig/lib_gd32/libremoteconfig.a(json_getuptime.o)
                              ../lib-remoteconfig/lib_gd32/libremoteconfig.a(kjsoninfos.o) (json::GetUptime(char*, unsigned long))
../lib-remoteconfig/lib_gd32/libremoteconfig.a(json_getversion.o)
                              ../lib-remoteconfig/lib_gd32/libremoteconfig.a(kjsoninfos.o) (json::GetVersion(char*, unsigned long))
../lib-remoteconfig/lib_gd32/libremoteconfig.a(json_status_display.o)
                              ../lib-remoteconfig/lib_gd32/libremoteconfig.a(kjsoninfos.o) (json::status::Display(char*, unsigned long))
../lib-remoteconfig/lib_gd32/libremoteconfig.a(json_status_identify.o)
                              ../lib-remoteconfig/lib_gd32/libremoteconfig.a(kjsoninfos.o) (json::status::Identify(char*, unsigned long))
../lib-ddp/lib_gd32/libddp.a(ddpdisplay.o)
                              build_gd32/firmware/main.o (DdpDisplay::DdpDisplay())
../lib-rdm/lib_gd32/librdm.a(rdmconst.o)
                              build_gd32/firmware/main.o (RDMConst::MANUFACTURER_ID)
../lib-rdm/lib_gd32/librdm.a(rdmdeviceparams.o)
                              build_gd32/firmware/main.o (json::RdmDeviceParams::RdmDeviceParams())
../lib-rdm/lib_gd32/librdm.a(llrpdevice.o)
                              build_gd32/firmware/main.o (memcmp)
../lib-rdm/lib_gd32/librdm.a(rdmhandler.o)
                              build_gd32/firmware/main.o (RDMHandler::RDMHandler(bool))
../lib-rdm/lib_gd32/librdm.a(rdmidentify.o)
                              ../lib-rdm/lib_gd32/librdm.a(rdmhandler.o) (RDMIdentify::On(RDMIdentify::Mode))
../lib-rdm/lib_gd32/librdm.a(rdmhandlere1372.o)
                              ../lib-rdm/lib_gd32/librdm.a(rdmhandler.o) (RDMHandler::GetInterfaceList(unsigned short))
../lib-pixeldmx/lib_gd32/libpixeldmx.a(json_config_dmxpixel.o)
                              ../lib-remoteconfig/lib_gd32/libremoteconfig.a(kjsoninfos.o) (json::config::GetPixelDmx(char*, unsigned long))
../lib-pixeldmx/lib_gd32/libpixeldmx.a(json_status_pixeldmx.o)
[...]
Memory Configuration

Name             Origin             Length             Attributes
FLASH            0x08008000         0x0002ac00         xr
TCMSRAM          0x10000000         0x00010000         rw
RAM              0x20000000         0x0001c000         xrw
RAM1             0x2001c000         0x00004000         xrw
RAM2             0x20020000         0x00010000         xrw
RAMADD           0x20030000         0x00000000         xrw
BKPSRAM          0x40024000         0x00001000         rw
*default*        0x00000000         0xffffffff

Linker script and memory map

LOAD build_gd32/startup_gd32f470.o
LOAD build_gd32/hardfault_handler.o
LOAD build_gd32/firmware/main.o
                0x00002000                        __heap_size = DEFINED (__heap_size)?__heap_size:0x2000
                0x00006000                        __stack_size = DEFINED (__stack_size)?__stack_size:0x6000

.vectors        0x08008000      0x1ac
                0x08008000                        . = ALIGN (0x4)
 *(.vectors)
 .vectors       0x08008000      0x1ac build_gd32/startup_gd32f470.o
                0x08008000                __gVectors
                0x080081ac                        . = ALIGN (0x4)
                0x080081ac                        __Vectors_End = .
                0x080081ac                        __Vectors_Size = (__Vectors_End - __gVectors)

.text           0x080081ac    0x10624
                0x080081ac                        . = ALIGN (0x4)
 *(.text.unlikely*)
 .text.unlikely._ZN7network3tcp4InitEv
                0x080081ac       0x34 ../lib-network/lib_gd32/libnetwork.a(tcp.o)
                0x080081ac                network::tcp::Init()
 .text.unlikely._ZN7network3udp4InitEv
                0x080081e0       0x10 ../lib-network/lib_gd32/libnetwork.a(udp.o)
                0x080081e0                network::udp::Init()
 .text.unlikely._ZN7network3arp4InitEv
                0x080081f0       0xf8 ../lib-network/lib_gd32/libnetwork.a(arp.o)
                0x080081f0                network::arp::Init()
 .text.unlikely._ZN7network4igmp4InitEv
                0x080082e8       0xb0 ../lib-network/lib_gd32/libnetwork.a(igmp.o)
                0x080082e8                network::igmp::Init()
 .text.unlikely._ZN7network4igmp8ShutdownEv
                0x08008398       0x24 ../lib-network/lib_gd32/libnetwork.a(igmp.o)
                0x08008398                network::igmp::Shutdown()
 .text.unlikely._ZN3net4emac6ConfigEv
                0x080083bc       0x48 ../lib-network/lib_gd32/libnetwork.a(emac.o)
                0x080083bc                net::emac::Config()
 .text.unlikely._ZN3net4emac5StartEPhRNS_3phy4LinkE
                0x08008404       0x5c ../lib-network/lib_gd32/libnetwork.a(emac.o)
                0x08008404                net::emac::Start(unsigned char*, net::phy::Link&)
 .text.unlikely._ZN7console4InitEv
                0x08008460       0x16 ../lib-hal/lib_gd32/libhal.a(console.o)
                0x08008460                console::Init()
 *(.text.hot*)
 *fill*         0x08008476        0x2 
 .text.hot._ZN7network3tcp3RunEv
                0x08008478      0x220 ../lib-network/lib_gd32/libnetwork.a(tcp.o)
                0x08008478                network::tcp::Run()
 .text.hot._ZN7network3tcp5InputEPNS0_6HeaderE
                0x08008698      0x650 ../lib-network/lib_gd32/libnetwork.a(tcp.o)
                0x08008698                network::tcp::Input(network::tcp::Header*)
 .text.hot._ZN7network3udp5InputEPKNS0_6HeaderE
                0x08008ce8       0x94 ../lib-network/lib_gd32/libnetwork.a(udp.o)
                0x08008ce8                network::udp::Input(network::udp::Header const*)
 .text.hot._ZN7network3arp5InputEPKNS0_6HeaderE
                0x08008d7c      0x160 ../lib-network/lib_gd32/libnetwork.a(arp.o)
                0x08008d7c                network::arp::Input(network::arp::Header const*)
 .text.hot._ZN7network4icmp5InputEPNS0_6HeaderE
                0x08008edc      0x108 ../lib-network/lib_gd32/libnetwork.a(icmp.o)
                0x08008edc                network::icmp::Input(network::icmp::Header*)
 .text.hot._ZN7network4igmp5InputEPKNS0_6HeaderE
                0x08008fe4       0xb8 ../lib-network/lib_gd32/libnetwork.a(igmp.o)
                0x08008fe4                network::igmp::Input(network::igmp::Header const*)
 *(.text)
 .text          0x0800909c      0x378 /Users/arjanvanvught/Library/xPacks/@xpack-dev-tools/arm-none-eabi-gcc/14.2.1-1.1.1/.content/bin/../lib/gcc/arm-none-eabi/14.2.1/thumb/v7e-m+fp/hard/libgcc.a(_arm_addsubdf3.o)
                0x0800909c                __aeabi_drsub
                0x080090a4                __subdf3
                0x080090a4                __aeabi_dsub
                0x080090a8                __aeabi_dadd
                0x080090a8                __adddf3
                0x08009320                __aeabi_ui2d
                0x08009320                __floatunsidf
                0x08009340                __floatsidf
                0x08009340                __aeabi_i2d
                0x08009364                __extendsfdf2
                0x08009364                __aeabi_f2d
                0x080093a8                __aeabi_ul2d
                0x080093a8                __floatundidf
                0x080093b8                __aeabi_l2d
                0x080093b8                __floatdidf
 .text          0x08009414       0xa0 /Users/arjanvanvught/Library/xPacks/@xpack-dev-tools/arm-none-eabi-gcc/14.2.1-1.1.1/.content/bin/../lib/gcc/arm-none-eabi/14.2.1/thumb/v7e-m+fp/hard/libgcc.a(_arm_truncdfsf2.o)
                0x08009414                __aeabi_d2f
                0x08009414                __truncdfsf2
 .text          0x080094b4       0x30 /Users/arjanvanvught/Library/xPacks/@xpack-dev-tools/arm-none-eabi-gcc/14.2.1-1.1.1/.content/bin/../lib/gcc/arm-none-eabi/14.2.1/thumb/v7e-m+fp/hard/libgcc.a(_aeabi_uldivmod.o)
                0x080094b4                __aeabi_uldivmod
 .text          0x080094e4        0x4 /Users/arjanvanvught/Library/xPacks/@xpack-dev-tools/arm-none-eabi-gcc/14.2.1-1.1.1/.content/bin/../lib/gcc/arm-none-eabi/14.2.1/thumb/v7e-m+fp/hard/libgcc.a(_dvmd_tls.o)
                0x080094e4                __aeabi_ldiv0
                0x080094e4                __aeabi_idiv0
 *(.text*)
 .text.Reset_Handler
                0x080094e8       0x54 build_gd32/startup_gd32f470.o
                0x080094e8                Reset_Handler
 .text.Default_Handler
                0x0800953c        0x2 build_gd32/startup_gd32f470.o
                0x0800953c                USBHS_EP1_Out_IRQHandler
                0x0800953c                EXTI2_IRQHandler
                0x0800953c                TIMER2_IRQHandler
                0x0800953c                DebugMon_Handler
                0x0800953c                LVD_IRQHandler
                0x0800953c                SPI4_IRQHandler
                0x0800953c                CAN1_EWMC_IRQHandler
                0x0800953c                TIMER7_UP_TIMER12_IRQHandler
                0x0800953c                SDIO_IRQHandler
                0x0800953c                PendSV_Handler
                0x0800953c                NMI_Handler
                0x0800953c                EXTI3_IRQHandler
                0x0800953c                DCI_IRQHandler
                0x0800953c                USBFS_WKUP_IRQHandler
                0x0800953c                USBHS_IRQHandler
                0x0800953c                IPA_IRQHandler
                0x0800953c                TIMER5_DAC_IRQHandler
                0x0800953c                USBFS_IRQHandler
                0x0800953c                DMA0_Channel6_IRQHandler
                0x0800953c                I2C0_EV_IRQHandler
                0x0800953c                EXTI0_IRQHandler
                0x0800953c                I2C2_EV_IRQHandler
                0x0800953c                CAN1_RX0_IRQHandler
                0x0800953c                FPU_IRQHandler
                0x0800953c                TIMER7_TRG_CMT_TIMER13_IRQHandler
                0x0800953c                UsageFault_Handler
                0x0800953c                TIMER4_IRQHandler
                0x0800953c                SPI1_IRQHandler
                0x0800953c                DMA0_Channel0_IRQHandler
                0x0800953c                USART5_IRQHandler
                0x0800953c                TIMER0_BRK_TIMER8_IRQHandler
                0x0800953c                TIMER7_BRK_TIMER11_IRQHandler
                0x0800953c                DMA1_Channel4_IRQHandler
                0x0800953c                DMA0_Channel3_IRQHandler
                0x0800953c                I2C0_ER_IRQHandler
                0x0800953c                TLI_IRQHandler
                0x0800953c                TIMER0_UP_TIMER9_IRQHandler
                0x0800953c                DMA1_Channel7_IRQHandler
                0x0800953c                CAN1_RX1_IRQHandler
                0x0800953c                DMA0_Channel2_IRQHandler
                0x0800953c                USART0_IRQHandler
                0x0800953c                TIMER1_IRQHandler
                0x0800953c                I2C1_EV_IRQHandler
                0x0800953c                DMA1_Channel6_IRQHandler
                0x0800953c                UART4_IRQHandler
                0x0800953c                DMA1_Channel1_IRQHandler
                0x0800953c                Default_Handler
                0x0800953c                TIMER7_Channel_IRQHandler
                0x0800953c                DMA0_Channel7_IRQHandler
                0x0800953c                ADC_IRQHandler
                0x0800953c                CAN0_TX_IRQHandler
                0x0800953c                WWDGT_IRQHandler
                0x0800953c                EXMC_IRQHandler
                0x0800953c                SPI5_IRQHandler
                0x0800953c                TAMPER_STAMP_IRQHandler
                0x0800953c                RTC_WKUP_IRQHandler
                0x0800953c                SPI2_IRQHandler
                0x0800953c                MemManage_Handler
                0x0800953c                CAN1_TX_IRQHandler
                0x0800953c                SVC_Handler
                0x0800953c                RCU_CTC_IRQHandler
                0x0800953c                DMA1_Channel5_IRQHandler
                0x0800953c                EXTI4_IRQHandler
                0x0800953c                CAN0_RX1_IRQHandler
                0x0800953c                DMA0_Channel5_IRQHandler
                0x0800953c                DMA1_Channel3_IRQHandler
                0x0800953c                EXTI5_9_IRQHandler
                0x0800953c                DMA0_Channel1_IRQHandler
                0x0800953c                TIMER0_Channel_IRQHandler
                0x0800953c                EXTI1_IRQHandler
                0x0800953c                ENET_WKUP_IRQHandler
                0x0800953c                USBHS_EP1_In_IRQHandler
                0x0800953c                SPI0_IRQHandler
                0x0800953c                UART7_IRQHandler
                0x0800953c                USART2_IRQHandler
                0x0800953c                UART6_IRQHandler
                0x0800953c                CAN0_EWMC_IRQHandler
                0x0800953c                CAN0_RX0_IRQHandler
                0x0800953c                I2C2_ER_IRQHandler
                0x0800953c                DMA1_Channel2_IRQHandler
                0x0800953c                TLI_ER_IRQHandler
                0x0800953c                BusFault_Handler
                0x0800953c                USART1_IRQHandler
                0x0800953c                SPI3_IRQHandler
                0x0800953c                UART3_IRQHandler
                0x0800953c                I2C1_ER_IRQHandler
                0x0800953c                FMC_IRQHandler
                0x0800953c                USBHS_WKUP_IRQHandler
                0x0800953c                DMA0_Channel4_IRQHandler
                0x0800953c                TRNG_IRQHandler
                0x0800953c                ENET_IRQHandler
                0x0800953c                RTC_Alarm_IRQHandler
 .text.HardFault_Handler
                0x0800953e       0x16 build_gd32/hardfault_handler.o
                0x0800953e                HardFault_Handler
 .text.HardfaultHandler
                0x08009554      0x114 build_gd32/hardfault_handler.o
                0x08009554                HardfaultHandler
 .text._ZN11ConfigStore5TimerEl
                0x08009668       0xb0 build_gd32/firmware/main.o
                0x08009668                ConfigStore::Timer(long)
 .text._ZN5pixel9GetColourEhhh.constprop.0
                0x08009718        0x8 build_gd32/firmware/main.o
 .text._ZN10LLRPDevice22StaticCallbackFunctionEPKhmmt
                0x08009720       0x34 build_gd32/firmware/main.o
                0x08009720                LLRPDevice::StaticCallbackFunction(unsigned char const*, unsigned long, unsigned long, unsigned short)
 .text._ZN13PixelPatterns9IncrementEm.isra.0
                0x08009754       0x3c build_gd32/firmware/main.o
 .text._ZNK5pixel12PixelColours4BlueEv.isra.0
                0x08009790        0x4 build_gd32/firmware/main.o
 .text._ZNK5pixel12PixelColours5GreenEv.isra.0
                0x08009794        0x8 build_gd32/firmware/main.o
 .text._ZNK5pixel12PixelColours3RedEv.isra.0
                0x0800979c        0x8 build_gd32/firmware/main.o
 .text._ZN5pixel14SetPixelColourEmm.constprop.0
                0x080097a4      0x2e4 build_gd32/firmware/main.o
 .text._ZN18PixelConfiguration8ValidateEv
                0x08009a88      0x11c build_gd32/firmware/main.o
                0x08009a88                PixelConfiguration::Validate()
 .text._ZN7Display6PrintfEmPKcz
                0x08009ba4       0x38 build_gd32/firmware/main.o
                0x08009ba4                Display::Printf(unsigned long, char const*, ...)
 .text._ZN7Display10TextStatusEPKc
                0x08009bdc       0x6c build_gd32/firmware/main.o
                0x08009bdc                Display::TextStatus(char const*)
 .text._ZN5pixel9GetColourEhhh
                0x08009c48        0xc build_gd32/firmware/main.o
                0x08009c48                pixel::GetColour(unsigned char, unsigned char, unsigned char)
 .text._ZN5pixel12PixelColoursC2Em
                0x08009c54        0x4 build_gd32/firmware/main.o
                0x08009c54                pixel::PixelColours::PixelColours(unsigned long)
                0x08009c54                pixel::PixelColours::PixelColours(unsigned long)
 .text._ZN5pixel14SetPixelColourEmmm
                0x08009c58      0x76c build_gd32/firmware/main.o
                0x08009c58                pixel::SetPixelColour(unsigned long, unsigned long, unsigned long)
 .text._ZN5pixel14SetPixelColourEmm
                0x0800a3c4      0x7f8 build_gd32/firmware/main.o
                0x0800a3c4                pixel::SetPixelColour(unsigned long, unsigned long)
 .text._ZN5pixel10IsUpdatingEv
                0x0800abbc        0xc build_gd32/firmware/main.o
                0x0800abbc                pixel::IsUpdating()
 .text._ZN5pixel6UpdateEv
                0x0800abc8        0xc build_gd32/firmware/main.o
                0x0800abc8                pixel::Update()
 .text._ZN13PixelDmxMultiC2Ev
                0x0800abd4      0x134 build_gd32/firmware/main.o
                0x0800abd4                PixelDmxMulti::PixelDmxMulti()
                0x0800abd4                PixelDmxMulti::PixelDmxMulti()
 .text._ZN13PixelDmxMulti8BlackoutEb
                0x0800ad08       0x2c build_gd32/firmware/main.o
                0x0800ad08                PixelDmxMulti::Blackout(bool)
 .text._ZN13PixelDmxMulti3GetEv
                0x0800ad34        0xc build_gd32/firmware/main.o
                0x0800ad34                PixelDmxMulti::Get()
 .text._ZN11ConfigStoreC2Ev
                0x0800ad40      0x180 build_gd32/firmware/main.o
                0x0800ad40                ConfigStore::ConfigStore()
                0x0800ad40                ConfigStore::ConfigStore()
 .text._ZN9RdmDevice4InitEv
                0x0800aec0      0x108 build_gd32/firmware/main.o
                0x0800aec0                RdmDevice::Init()
 .text._ZN9RdmDevice5PrintEv
                0x0800afc8       0xa8 build_gd32/firmware/main.o
                0x0800afc8                RdmDevice::Print()
 .text._ZN23HttpDeamonHandleRequestC2Ev
                0x0800b070       0x34 build_gd32/firmware/main.o
                0x0800b070                HttpDeamonHandleRequest::HttpDeamonHandleRequest()
                0x0800b070                HttpDeamonHandleRequest::HttpDeamonHandleRequest()
 .text._ZN3hal13RebootHandlerEv
                0x0800b0a4       0x1c build_gd32/firmware/main.o
                0x0800b0a4                hal::RebootHandler()
 .text.startup.main
                0x0800b0c0      0x6c4 build_gd32/firmware/main.o
                0x0800b0c0                main
 .text.startup._GLOBAL__sub_I__ZN3hal13RebootHandlerEv
                0x0800b784       0x2c build_gd32/firmware/main.o
 .text._ZN10HttpDaemon5InputEmPKhm
                0x0800b7b0       0x20 ../lib-remoteconfig/lib_gd32/libremoteconfig.a(remoteconfig.o)
                0x0800b7b0                HttpDaemon::Input(unsigned long, unsigned char const*, unsigned long)
 .text._ZN12RemoteConfig13HandleFactoryEv
                0x0800b7d0        0x4 ../lib-remoteconfig/lib_gd32/libremoteconfig.a(remoteconfig.o)
                0x0800b7d0                RemoteConfig::HandleFactory()
 .text._ZN12RemoteConfig12HandleUptimeEv
                0x0800b7d4       0x30 ../lib-remoteconfig/lib_gd32/libremoteconfig.a(remoteconfig.o)
                0x0800b7d4                RemoteConfig::HandleUptime()
 .text._ZN12RemoteConfig13HandleVersionEv
                0x0800b804       0x30 ../lib-remoteconfig/lib_gd32/libremoteconfig.a(remoteconfig.o)
                0x0800b804                RemoteConfig::HandleVersion()
 .text._ZN12RemoteConfig16HandleDisplayGetEv
                0x0800b834       0x48 ../lib-remoteconfig/lib_gd32/libremoteconfig.a(remoteconfig.o)
                0x0800b834                RemoteConfig::HandleDisplayGet()
 .text._ZN12RemoteConfig13HandleTftpGetEv
                0x0800b87c       0x44 ../lib-remoteconfig/lib_gd32/libremoteconfig.a(remoteconfig.o)
                0x0800b87c                RemoteConfig::HandleTftpGet()
 .text._ZN12RemoteConfig10HandleListEv
                0x0800b8c0       0xb8 ../lib-remoteconfig/lib_gd32/libremoteconfig.a(remoteconfig.o)
                0x0800b8c0                RemoteConfig::HandleList()
 .text._ZN11ConfigStore5FlashEv
                0x0800b978       0x84 ../lib-remoteconfig/lib_gd32/libremoteconfig.a(remoteconfig.o)
                0x0800b978                ConfigStore::Flash()
 .text._ZN7Display8SetSleepEb
                0x0800b9fc       0x28 ../lib-remoteconfig/lib_gd32/libremoteconfig.a(remoteconfig.o)
                0x0800b9fc                Display::SetSleep(bool)
 .text._ZN12RemoteConfig13HandleTftpSetEv
                0x0800ba24       0x34 ../lib-remoteconfig/lib_gd32/libremoteconfig.a(remoteconfig.o)
                0x0800ba24                RemoteConfig::HandleTftpSet()
 .text._ZN12RemoteConfig12HandleRebootEv
                0x0800ba58       0x30 ../lib-remoteconfig/lib_gd32/libremoteconfig.a(remoteconfig.o)
                0x0800ba58                RemoteConfig::HandleReboot()
 .text._ZN12RemoteConfig16HandleDisplaySetEv
                0x0800ba88       0x24 ../lib-remoteconfig/lib_gd32/libremoteconfig.a(remoteconfig.o)
                0x0800ba88                RemoteConfig::HandleDisplaySet()
 .text._ZN12RemoteConfigC2EN12remoteconfig6OutputEm
                0x0800baac       0xd8 ../lib-remoteconfig/lib_gd32/libremoteconfig.a(remoteconfig.o)
                0x0800baac                RemoteConfig::RemoteConfig(remoteconfig::Output, unsigned long)
                0x0800baac                RemoteConfig::RemoteConfig(remoteconfig::Output, unsigned long)
 .text._ZN12RemoteConfig14SetDisplayNameEPKc
                0x0800bb84       0x8c ../lib-remoteconfig/lib_gd32/libremoteconfig.a(remoteconfig.o)
                0x0800bb84                RemoteConfig::SetDisplayName(char const*)
 .text._ZN12RemoteConfig5InputEPKhmmt
                0x0800bc10      0x100 ../lib-remoteconfig/lib_gd32/libremoteconfig.a(remoteconfig.o)
                0x0800bc10                RemoteConfig::Input(unsigned char const*, unsigned long, unsigned long, unsigned short)
 .text._ZN12RemoteConfig22StaticCallbackFunctionEPKhmmt
                0x0800bd10       0x1c ../lib-remoteconfig/lib_gd32/libremoteconfig.a(remoteconfig.o)
                0x0800bd10                RemoteConfig::StaticCallbackFunction(unsigned char const*, unsigned long, unsigned long, unsigned short)
 .text.startup._GLOBAL__sub_I__ZN12RemoteConfigC2EN12remoteconfig6OutputEm
                0x0800bd2c       0x4c ../lib-remoteconfig/lib_gd32/libremoteconfig.a(remoteconfig.o)
 .text._ZN12RemoteConfig21PlatformHandleTftpSetEv
                0x0800bd78       0x44 ../lib-remoteconfig/lib_gd32/libremoteconfig.a(remoteconfig.o)
                0x0800bd78                RemoteConfig::PlatformHandleTftpSet()
 .text._ZN12RemoteConfig21PlatformHandleTftpGetEv
                0x0800bdbc       0x18 ../lib-remoteconfig/lib_gd32/libremoteconfig.a(remoteconfig.o)
                0x0800bdbc                RemoteConfig::PlatformHandleTftpGet()
 .text.startup._GLOBAL__sub_I__ZN12RemoteConfig21PlatformHandleTftpSetEv
                0x0800bdd4       0x4c ../lib-remoteconfig/lib_gd32/libremoteconfig.a(remoteconfig.o)
 .text._ZN4json18RemoteConfigParams14SetDisplayNameEPKcm
                0x0800be20       0x2c ../lib-remoteconfig/lib_gd32/libremoteconfig.a(remoteconfigparams.o)
                0x0800be20                json::RemoteConfigParams::SetDisplayName(char const*, unsigned long)
 .text._ZN13JsonTokenizer14SkipWhitespaceEv
                0x0800be4c       0x2c ../lib-remoteconfig/lib_gd32/libremoteconfig.a(remoteconfigparams.o)
                0x0800be4c                JsonTokenizer::SkipWhitespace()
 .text._ZN13JsonTokenizer10NextStringERPKcRj
                0x0800be78       0x46 ../lib-remoteconfig/lib_gd32/libremoteconfig.a(remoteconfigparams.o)
                0x0800be78                JsonTokenizer::NextString(char const*&, unsigned int&)
 *fill*         0x0800bebe        0x2 
 .text._Z18ParseJsonWithTablePKcjPKN4json3KeyEj
                0x0800bec0      0x12c ../lib-remoteconfig/lib_gd32/libremoteconfig.a(remoteconfigparams.o)
                0x0800bec0                ParseJsonWithTable(char const*, unsigned int, json::Key const*, unsigned int)
 .text._ZN4json18RemoteConfigParamsC2Ev
                0x0800bfec       0x20 ../lib-remoteconfig/lib_gd32/libremoteconfig.a(remoteconfigparams.o)
                0x0800bfec                json::RemoteConfigParams::RemoteConfigParams()
                0x0800bfec                json::RemoteConfigParams::RemoteConfigParams()
 .text._ZN4json18RemoteConfigParams5StoreEPKcm
                0x0800c00c       0x60 ../lib-remoteconfig/lib_gd32/libremoteconfig.a(remoteconfigparams.o)
                0x0800c00c                json::RemoteConfigParams::Store(char const*, unsigned long)
 .text._ZN4json18RemoteConfigParams3SetEv
                0x0800c06c       0x14 ../lib-remoteconfig/lib_gd32/libremoteconfig.a(remoteconfigparams.o)
                0x0800c06c                json::RemoteConfigParams::Set()
 .text.startup._GLOBAL__sub_I__ZN4json18RemoteConfigParamsC2Ev
                0x0800c080       0x4c ../lib-remoteconfig/lib_gd32/libremoteconfig.a(remoteconfigparams.o)
 .text._ZN23HttpDeamonHandleRequest11ParseMethodEPc
                0x0800c0cc       0xc8 ../lib-remoteconfig/lib_gd32/libremoteconfig.a(httpdhandlerequest.o)
                0x0800c0cc                HttpDeamonHandleRequest::ParseMethod(char*)
 .text._ZN23HttpDeamonHandleRequest16ParseHeaderFieldEPc
                0x0800c194      0x168 ../lib-remoteconfig/lib_gd32/libremoteconfig.a(httpdhandlerequest.o)
                0x0800c194                HttpDeamonHandleRequest::ParseHeaderField(char*)
 .text._ZN23HttpDeamonHandleRequest12ParseRequestEv
                0x0800c2fc       0x80 ../lib-remoteconfig/lib_gd32/libremoteconfig.a(httpdhandlerequest.o)
                0x0800c2fc                HttpDeamonHandleRequest::ParseRequest()
 .text._ZN23HttpDeamonHandleRequest9HandleGetEv
                0x0800c37c       0xe0 ../lib-remoteconfig/lib_gd32/libremoteconfig.a(httpdhandlerequest.o)
                0x0800c37c                HttpDeamonHandleRequest::HandleGet()
 .text._ZN23HttpDeamonHandleRequest14HandlePostJSONEv
                0x0800c45c       0x58 ../lib-remoteconfig/lib_gd32/libremoteconfig.a(httpdhandlerequest.o)
                0x0800c45c                HttpDeamonHandleRequest::HandlePostJSON()
 .text._ZN23HttpDeamonHandleRequest10HandlePostEv
                0x0800c4b4       0x44 ../lib-remoteconfig/lib_gd32/libremoteconfig.a(httpdhandlerequest.o)
                0x0800c4b4                HttpDeamonHandleRequest::HandlePost()
 .text._ZN23HttpDeamonHandleRequest13HandleRequestEmPc
                0x0800c4f8      0x174 ../lib-remoteconfig/lib_gd32/libremoteconfig.a(httpdhandlerequest.o)
                0x0800c4f8                HttpDeamonHandleRequest::HandleRequest(unsigned long, char*)
 .text._ZN4html12GetFileIndexEPKc
                0x0800c66c       0x50 ../lib-remoteconfig/lib_gd32/libremoteconfig.a(html_infos.o)
                0x0800c66c                html::GetFileIndex(char const*)
 .text._ZN4json12GetFileIndexEPKc
                0x0800c6bc       0x50 ../lib-remoteconfig/lib_gd32/libremoteconfig.a(json_infos.o)
                0x0800c6bc                json::GetFileIndex(char const*)
 .text._ZN7JsonDoc5WriteEPKc
                0x0800c70c       0x3e ../lib-remoteconfig/lib_gd32/libremoteconfig.a(json_config_remoteconfig.o)
                0x0800c70c                JsonDoc::Write(char const*)
 *fill*         0x0800c74a        0x2 
 .text._ZN4json6config15GetRemoteConfigEPcm
                0x0800c74c       0x98 ../lib-remoteconfig/lib_gd32/libremoteconfig.a(json_config_remoteconfig.o)
                0x0800c74c                json::config::GetRemoteConfig(char*, unsigned long)
 .text._ZN4json6config15SetRemoteConfigEPKcm
                0x0800c7e4       0x20 ../lib-remoteconfig/lib_gd32/libremoteconfig.a(json_config_remoteconfig.o)
                0x0800c7e4                json::config::SetRemoteConfig(char const*, unsigned long)
 .text._Z14GetFileContentPKcRmRN4http12contentTypesE
                0x0800c804       0x40 ../lib-remoteconfig/lib_gd32/libremoteconfig.a(get_file_content.o)
                0x0800c804                GetFileContent(char const*, unsigned long&, http::contentTypes&)
 .text.startup._GLOBAL__sub_I__Z14GetFileContentPKcRmRN4http12contentTypesE
                0x0800c844       0x4c ../lib-remoteconfig/lib_gd32/libremoteconfig.a(get_file_content.o)
 .text._ZL11SetIdentifyPKcm
                0x0800c890       0x14 ../lib-remoteconfig/lib_gd32/libremoteconfig.a(json_action.o)
 .text._ZL10SetDisplayPKcm
                0x0800c8a4       0x3c ../lib-remoteconfig/lib_gd32/libremoteconfig.a(json_action.o)
 .text._ZL9SetRebootPKcm
                0x0800c8e0       0x10 ../lib-remoteconfig/lib_gd32/libremoteconfig.a(json_action.o)
 .text._ZN4json6action3SetEPKcm
                0x0800c8f0       0x10 ../lib-remoteconfig/lib_gd32/libremoteconfig.a(json_action.o)
                0x0800c8f0                json::action::Set(char const*, unsigned long)
 .text._ZN4json6config12GetDirectoryEPcm
                0x0800c900       0x88 ../lib-remoteconfig/lib_gd32/libremoteconfig.a(json_config_getdirectory.o)
                0x0800c900                json::config::GetDirectory(char*, unsigned long)
 .text._ZN4json4AtoiEPKcm.part.0
                0x0800c988       0x3c ../lib-remoteconfig/lib_gd32/libremoteconfig.a(json_datetime.o)
 .text._ZN3hal3utc14ValidateOffsetElmRl
                0x0800c9c4       0x54 ../lib-remoteconfig/lib_gd32/libremoteconfig.a(json_datetime.o)
                0x0800c9c4                hal::utc::ValidateOffset(long, unsigned long, long&)
 .text._ZN3hal3utc13IsValidOffsetEl
                0x0800ca18       0x70 ../lib-remoteconfig/lib_gd32/libremoteconfig.a(json_datetime.o)
                0x0800ca18                hal::utc::IsValidOffset(long)
 .text._ZN4jsonL7SetDateEPKcm
                0x0800ca88      0x114 ../lib-remoteconfig/lib_gd32/libremoteconfig.a(json_datetime.o)
 .text._ZN4json12GetTimeofdayEPcm
                0x0800cb9c       0xb8 ../lib-remoteconfig/lib_gd32/libremoteconfig.a(json_datetime.o)
                0x0800cb9c                json::GetTimeofday(char*, unsigned long)
 .text._ZN4json12SetTimeofdayEPKcm
                0x0800cc54       0x10 ../lib-remoteconfig/lib_gd32/libremoteconfig.a(json_datetime.o)
                0x0800cc54                json::SetTimeofday(char const*, unsigned long)
 .text._ZN4json7GetListEPcm
                0x0800cc64       0x88 ../lib-remoteconfig/lib_gd32/libremoteconfig.a(json_getlist.o)
                0x0800cc64                json::GetList(char*, unsigned long)
 .text._ZN4json9GetUptimeEPcm
                0x0800ccec       0x20 ../lib-remoteconfig/lib_gd32/libremoteconfig.a(json_getuptime.o)
                0x0800ccec                json::GetUptime(char*, unsigned long)
 .text._ZN4json10GetVersionEPcm
                0x0800cd0c       0x40 ../lib-remoteconfig/lib_gd32/libremoteconfig.a(json_getversion.o)
                0x0800cd0c                json::GetVersion(char*, unsigned long)
 .text._ZN4json6status7DisplayEPcm
                0x0800cd4c       0x18 ../lib-remoteconfig/lib_gd32/libremoteconfig.a(json_status_display.o)
                0x0800cd4c                json::status::Display(char*, unsigned long)
 .text._ZN4json6status8IdentifyEPcm
                0x0800cd64       0x18 ../lib-remoteconfig/lib_gd32/libremoteconfig.a(json_status_identify.o)
                0x0800cd64                json::status::Identify(char*, unsigned long)
 .text.memset.isra.0
                0x0800cd7c       0x9c ../lib-ddp/lib_gd32/libddp.a(ddpdisplay.o)
 .text.memcpy.isra.0
                0x0800ce18       0xc4 ../lib-ddp/lib_gd32/libddp.a(ddpdisplay.o)
 .text._ZN7dmxnode4Data10SetSourceAEmPKhm
                0x0800cedc      0x1b8 ../lib-ddp/lib_gd32/libddp.a(ddpdisplay.o)
                0x0800cedc                dmxnode::Data::SetSourceA(unsigned long, unsigned char const*, unsigned long)
 .text._ZN7dmxnode4Data11ClearLengthEm
                0x0800d094       0x18 ../lib-ddp/lib_gd32/libddp.a(ddpdisplay.o)
                0x0800d094                dmxnode::Data::ClearLength(unsigned long)
 .text._ZN7dmxnode4Data9GetLengthEm
                0x0800d0ac       0x14 ../lib-ddp/lib_gd32/libddp.a(ddpdisplay.o)
                0x0800d0ac                dmxnode::Data::GetLength(unsigned long)
 .text._ZN7dmxnode4Data6BackupEm
                0x0800d0c0       0x10 ../lib-ddp/lib_gd32/libddp.a(ddpdisplay.o)
                0x0800d0c0                dmxnode::Data::Backup(unsigned long)
 .text._ZN13PixelDmxMulti7SetDataEmPKhm
                0x0800d0d0      0x68c ../lib-ddp/lib_gd32/libddp.a(ddpdisplay.o)
                0x0800d0d0                PixelDmxMulti::SetData(unsigned long, unsigned char const*, unsigned long)
 .text._ZN10DdpDisplayC2Ev
                0x0800d75c       0x2c ../lib-ddp/lib_gd32/libddp.a(ddpdisplay.o)
                0x0800d75c                DdpDisplay::DdpDisplay()
                0x0800d75c                DdpDisplay::DdpDisplay()
 .text._ZN10DdpDisplay16CalculateOffsetsEv
                0x0800d788       0x1c ../lib-ddp/lib_gd32/libddp.a(ddpdisplay.o)
                0x0800d788                DdpDisplay::CalculateOffsets()
 .text._ZN10DdpDisplay5StartEv
                0x0800d7a4       0x7c ../lib-ddp/lib_gd32/libddp.a(ddpdisplay.o)
                0x0800d7a4                DdpDisplay::Start()
 .text._ZN10DdpDisplay4StopEv
                0x0800d820       0x1a ../lib-ddp/lib_gd32/libddp.a(ddpdisplay.o)
                0x0800d820                DdpDisplay::Stop()
 *fill*         0x0800d83a        0x2 
 .text._ZN10DdpDisplay11HandleQueryEv
                0x0800d83c      0x1e0 ../lib-ddp/lib_gd32/libddp.a(ddpdisplay.o)
                0x0800d83c                DdpDisplay::HandleQuery()
 .text._ZN10DdpDisplay5PrintEv
                0x0800da1c       0x3c ../lib-ddp/lib_gd32/libddp.a(ddpdisplay.o)
                0x0800da1c                DdpDisplay::Print()
 .text._ZN13PixelDmxMulti7SetDataILb1EEEvmPKhm
                0x0800da58       0x40 ../lib-ddp/lib_gd32/libddp.a(ddpdisplay.o)
                0x0800da58                void PixelDmxMulti::SetData<true>(unsigned long, unsigned char const*, unsigned long)
 .text._ZN10DdpDisplay10HandleDataEv
                0x0800da98       0xcc ../lib-ddp/lib_gd32/libddp.a(ddpdisplay.o)
                0x0800da98                DdpDisplay::HandleData()
 .text._ZN10DdpDisplay5InputEPKhmmt
                0x0800db64       0x30 ../lib-ddp/lib_gd32/libddp.a(ddpdisplay.o)
                0x0800db64                DdpDisplay::Input(unsigned char const*, unsigned long, unsigned long, unsigned short)
 .text._ZN10DdpDisplay22StaticCallbackFunctionEPKhmmt
                0x0800db94       0x1c ../lib-ddp/lib_gd32/libddp.a(ddpdisplay.o)
                0x0800db94                DdpDisplay::StaticCallbackFunction(unsigned char const*, unsigned long, unsigned long, unsigned short)
 .text._ZN11ConfigStore16SetStatusChangedEv.isra.0
                0x0800dbb0       0x28 ../lib-rdm/lib_gd32/librdm.a(rdmdeviceparams.o)
 .text.memcpy.isra.0
                0x0800dbd8       0x12 ../lib-rdm/lib_gd32/librdm.a(rdmdeviceparams.o)
 *fill*         0x0800dbea        0x2 
 .text._ZN4json15RdmDeviceParamsC2Ev
                0x0800dbec       0x1c ../lib-rdm/lib_gd32/librdm.a(rdmdeviceparams.o)
                0x0800dbec                json::RdmDeviceParams::RdmDeviceParams()
                0x0800dbec                json::RdmDeviceParams::RdmDeviceParams()
 .text._ZN4json15RdmDeviceParams3SetEv
                0x0800dc08      0x150 ../lib-rdm/lib_gd32/librdm.a(rdmdeviceparams.o)
                0x0800dc08                json::RdmDeviceParams::Set()
 .text.memcpy.isra.0
                0x0800dd58       0x12 ../lib-rdm/lib_gd32/librdm.a(llrpdevice.o)
 .text.memcmp   0x0800dd6a       0x20 ../lib-rdm/lib_gd32/librdm.a(llrpdevice.o)
                0x0800dd6a                memcmp
 *fill*         0x0800dd8a        0x2 
 .text._ZN9RdmDevice3GetEv
                0x0800dd8c       0xc8 ../lib-rdm/lib_gd32/librdm.a(llrpdevice.o)
                0x0800dd8c                RdmDevice::Get()
 .text._ZN10LLRPDevice20HandleRequestMessageEv
                0x0800de54      0x110 ../lib-rdm/lib_gd32/librdm.a(llrpdevice.o)
                0x0800de54                LLRPDevice::HandleRequestMessage()
 .text._ZN10LLRPDevice16HandleRdmCommandEv
                0x0800df64       0x90 ../lib-rdm/lib_gd32/librdm.a(llrpdevice.o)
                0x0800df64                LLRPDevice::HandleRdmCommand()
 .text.memcpy.isra.0
                0x0800dff4       0x12 ../lib-rdm/lib_gd32/librdm.a(rdmhandler.o)
 *fill*         0x0800e006        0x2 
 .text._ZN15rdmdevice_store9SaveLabelEPKcm
                0x0800e008       0x88 ../lib-rdm/lib_gd32/librdm.a(rdmhandler.o)
                0x0800e008                rdmdevice_store::SaveLabel(char const*, unsigned long)
 .text._ZN9RdmDevice8SetLabelEPKN3rdm14DeviceInfoDataE
                0x0800e090       0x38 ../lib-rdm/lib_gd32/librdm.a(rdmhandler.o)
                0x0800e090                RdmDevice::SetLabel(rdm::DeviceInfoData const*)
 .text._ZN10RDMHandlerC2Eb
                0x0800e0c8        0xc ../lib-rdm/lib_gd32/librdm.a(rdmhandler.o)
                0x0800e0c8                RDMHandler::RDMHandler(bool)
                0x0800e0c8                RDMHandler::RDMHandler(bool)
 .text._ZN10RDMHandler12HandleStringEPKcm
                0x0800e0d4       0x18 ../lib-rdm/lib_gd32/librdm.a(rdmhandler.o)
                0x0800e0d4                RDMHandler::HandleString(char const*, unsigned long)
 .text._ZN10RDMHandler20CreateRespondMessageEht
                0x0800e0ec       0x92 ../lib-rdm/lib_gd32/librdm.a(rdmhandler.o)
                0x0800e0ec                RDMHandler::CreateRespondMessage(unsigned char, unsigned short)
 .text._ZN10RDMHandler17RespondMessageAckEv
                0x0800e17e        0x8 ../lib-rdm/lib_gd32/librdm.a(rdmhandler.o)
                0x0800e17e                RDMHandler::RespondMessageAck()
 .text._ZN10RDMHandler13GetDeviceInfoEt
                0x0800e186       0x22 ../lib-rdm/lib_gd32/librdm.a(rdmhandler.o)
                0x0800e186                RDMHandler::GetDeviceInfo(unsigned short)
 .text._ZN10RDMHandler18GetFactoryDefaultsEt
                0x0800e1a8       0x44 ../lib-rdm/lib_gd32/librdm.a(rdmhandler.o)
                0x0800e1a8                RDMHandler::GetFactoryDefaults(unsigned short)
 .text._ZN10RDMHandler25GetDeviceModelDescriptionEt
                0x0800e1ec       0x22 ../lib-rdm/lib_gd32/librdm.a(rdmhandler.o)
                0x0800e1ec                RDMHandler::GetDeviceModelDescription(unsigned short)
 .text._ZN10RDMHandler14GetDeviceLabelEt
                0x0800e20e       0x20 ../lib-rdm/lib_gd32/librdm.a(rdmhandler.o)
                0x0800e20e                RDMHandler::GetDeviceLabel(unsigned short)
 *fill*         0x0800e22e        0x2 
 .text._ZN10RDMHandler17GetIdentifyDeviceEt
                0x0800e230       0x14 ../lib-rdm/lib_gd32/librdm.a(rdmhandler.o)
                0x0800e230                RDMHandler::GetIdentifyDevice(unsigned short)
 .text._ZN10RDMHandler20GetManufacturerLabelEt
                0x0800e244       0x34 ../lib-rdm/lib_gd32/librdm.a(rdmhandler.o)
                0x0800e244                RDMHandler::GetManufacturerLabel(unsigned short)
 .text._ZN10RDMHandler18RespondMessageNackEt
                0x0800e278        0x8 ../lib-rdm/lib_gd32/librdm.a(rdmhandler.o)
                0x0800e278                RDMHandler::RespondMessageNack(unsigned short)
 .text._ZN10RDMHandler14SetResetDeviceEbt
                0x0800e280       0x3e ../lib-rdm/lib_gd32/librdm.a(rdmhandler.o)
                0x0800e280                RDMHandler::SetResetDevice(bool, unsigned short)
 *fill*         0x0800e2be        0x2 
 .text._ZN10RDMHandler17SetIdentifyDeviceEbt
                0x0800e2c0       0x74 ../lib-rdm/lib_gd32/librdm.a(rdmhandler.o)
                0x0800e2c0                RDMHandler::SetIdentifyDevice(bool, unsigned short)
 .text._ZN10RDMHandler18SetFactoryDefaultsEbt
                0x0800e334       0x6c ../lib-rdm/lib_gd32/librdm.a(rdmhandler.o)
                0x0800e334                RDMHandler::SetFactoryDefaults(bool, unsigned short)
 .text._ZN10RDMHandler14SetDeviceLabelEbt
                0x0800e3a0       0x42 ../lib-rdm/lib_gd32/librdm.a(rdmhandler.o)
                0x0800e3a0                RDMHandler::SetDeviceLabel(bool, unsigned short)
 *fill*         0x0800e3e2        0x2 
 .text._ZN10RDMHandler8HandlersEbhtht
                0x0800e3e4       0xb8 ../lib-rdm/lib_gd32/librdm.a(rdmhandler.o)
                0x0800e3e4                RDMHandler::Handlers(bool, unsigned char, unsigned short, unsigned char, unsigned short)
 .text._ZN10RDMHandler10HandleDataEPKhPh
                0x0800e49c      0x160 ../lib-rdm/lib_gd32/librdm.a(rdmhandler.o)
                0x0800e49c                RDMHandler::HandleData(unsigned char const*, unsigned char*)
 .text._ZN11RDMIdentify2OnENS_4ModeE
                0x0800e5fc        0x2 ../lib-rdm/lib_gd32/librdm.a(rdmidentify.o)
                0x0800e5fc                RDMIdentify::On(RDMIdentify::Mode)
 .text._ZN11RDMIdentify3OffENS_4ModeE
                0x0800e5fe        0x2 ../lib-rdm/lib_gd32/librdm.a(rdmidentify.o)
                0x0800e5fe                RDMIdentify::Off(RDMIdentify::Mode)
 .text.memcpy.isra.0
                0x0800e600       0x12 ../lib-rdm/lib_gd32/librdm.a(rdmhandlere1372.o)
 .text._ZN10RDMHandler16GetInterfaceListEt
                0x0800e612       0x1a ../lib-rdm/lib_gd32/librdm.a(rdmhandlere1372.o)
                0x0800e612                RDMHandler::GetInterfaceList(unsigned short)
 .text._ZN10RDMHandler16GetInterfaceNameEt
                0x0800e62c       0x64 ../lib-rdm/lib_gd32/librdm.a(rdmhandlere1372.o)
                0x0800e62c                RDMHandler::GetInterfaceName(unsigned short)
 .text._ZN10RDMHandler18GetHardwareAddressEt
                0x0800e690       0x2a ../lib-rdm/lib_gd32/librdm.a(rdmhandlere1372.o)
                0x0800e690                RDMHandler::GetHardwareAddress(unsigned short)
 .text._ZN10RDMHandler11GetDHCPModeEt
                0x0800e6ba       0x28 ../lib-rdm/lib_gd32/librdm.a(rdmhandlere1372.o)
                0x0800e6ba                RDMHandler::GetDHCPMode(unsigned short)
 *fill*         0x0800e6e2        0x2 
 .text._ZN10RDMHandler11SetDHCPModeEbt
                0x0800e6e4       0x24 ../lib-rdm/lib_gd32/librdm.a(rdmhandlere1372.o)
                0x0800e6e4                RDMHandler::SetDHCPMode(bool, unsigned short)
 .text._ZN10RDMHandler14GetNameServersEt
                0x0800e708       0x4c ../lib-rdm/lib_gd32/librdm.a(rdmhandlere1372.o)
                0x0800e708                RDMHandler::GetNameServers(unsigned short)
 .text._ZN10RDMHandler11GetZeroconfEt
                0x0800e754       0x28 ../lib-rdm/lib_gd32/librdm.a(rdmhandlere1372.o)
                0x0800e754                RDMHandler::GetZeroconf(unsigned short)
 .text._ZN10RDMHandler9SetAutoIpEbt
                0x0800e77c       0x3c ../lib-rdm/lib_gd32/librdm.a(rdmhandlere1372.o)
                0x0800e77c                RDMHandler::SetAutoIp(bool, unsigned short)
 .text._ZN10RDMHandler9RenewDhcpEbt
                0x0800e7b8       0x24 ../lib-rdm/lib_gd32/librdm.a(rdmhandlere1372.o)
                0x0800e7b8                RDMHandler::RenewDhcp(bool, unsigned short)
 .text._ZN10RDMHandler17GetAddressNetmaskEt
                0x0800e7dc       0x50 ../lib-rdm/lib_gd32/librdm.a(rdmhandlere1372.o)
                0x0800e7dc                RDMHandler::GetAddressNetmask(unsigned short)
 .text._ZN10RDMHandler16GetStaticAddressEt
                0x0800e82c       0x48 ../lib-rdm/lib_gd32/librdm.a(rdmhandlere1372.o)
                0x0800e82c                RDMHandler::GetStaticAddress(unsigned short)
 .text._ZN10RDMHandler16SetStaticAddressEbt
                0x0800e874       0x68 ../lib-rdm/lib_gd32/librdm.a(rdmhandlere1372.o)
                0x0800e874                RDMHandler::SetStaticAddress(bool, unsigned short)
 .text._ZN10RDMHandler18ApplyConfigurationEbt
                0x0800e8dc       0x70 ../lib-rdm/lib_gd32/librdm.a(rdmhandlere1372.o)
                0x0800e8dc                RDMHandler::ApplyConfiguration(bool, unsigned short)
 .text._ZN10RDMHandler15GetDefaultRouteEt
                0x0800e94c       0x3c ../lib-rdm/lib_gd32/librdm.a(rdmhandlere1372.o)
                0x0800e94c                RDMHandler::GetDefaultRoute(unsigned short)
 .text._ZN10RDMHandler15SetDefaultRouteEbt
                0x0800e988       0x4c ../lib-rdm/lib_gd32/librdm.a(rdmhandlere1372.o)
                0x0800e988                RDMHandler::SetDefaultRoute(bool, unsigned short)
 .text._ZN10RDMHandler11GetHostNameEt
                0x0800e9d4       0x28 ../lib-rdm/lib_gd32/librdm.a(rdmhandlere1372.o)
                0x0800e9d4                RDMHandler::GetHostName(unsigned short)
 .text._ZN10RDMHandler11SetHostNameEbt
                0x0800e9fc       0x2e ../lib-rdm/lib_gd32/librdm.a(rdmhandlere1372.o)
                0x0800e9fc                RDMHandler::SetHostName(bool, unsigned short)
 .text._ZN10RDMHandler13GetDomainNameEt
                0x0800ea2a       0x28 ../lib-rdm/lib_gd32/librdm.a(rdmhandlere1372.o)
                0x0800ea2a                RDMHandler::GetDomainName(unsigned short)
 .text._ZN10RDMHandler13SetDomainNameEbt
                0x0800ea52        0x6 ../lib-rdm/lib_gd32/librdm.a(rdmhandlere1372.o)
                0x0800ea52                RDMHandler::SetDomainName(bool, unsigned short)
 .text.startup._GLOBAL__sub_I__ZN10RDMHandler16CheckInterfaceIDEPK15TRdmMessageNoSc
                0x0800ea58        0xc ../lib-rdm/lib_gd32/librdm.a(rdmhandlere1372.o)
 .text._ZN7JsonDoc8KeyProxyaSEPKc.isra.0
                0x0800ea64       0x50 ../lib-pixeldmx/lib_gd32/libpixeldmx.a(json_config_dmxpixel.o)
 .text._ZN7JsonDoc8KeyProxyaSEm.isra.0
                0x0800eab4       0x78 ../lib-pixeldmx/lib_gd32/libpixeldmx.a(json_config_dmxpixel.o)
 .text._ZN5pixel10ConvertTxHEh
                0x0800eb2c       0x5c ../lib-pixeldmx/lib_gd32/libpixeldmx.a(json_config_dmxpixel.o)
                0x0800eb2c                pixel::ConvertTxH(unsigned char)
 .text._ZN4json6config11GetPixelDmxEPcm
                0x0800eb88      0x1a4 ../lib-pixeldmx/lib_gd32/libpixeldmx.a(json_config_dmxpixel.o)
                0x0800eb88                json::config::GetPixelDmx(char*, unsigned long)
 .text._ZN4json6config11SetPixelDmxEPKcm
                0x0800ed2c       0x20 ../lib-pixeldmx/lib_gd32/libpixeldmx.a(json_config_dmxpixel.o)
                0x0800ed2c                json::config::SetPixelDmx(char const*, unsigned long)
 .text._ZN4json6status8PixelDmxEPcm
                0x0800ed4c       0xac ../lib-pixeldmx/lib_gd32/libpixeldmx.a(json_status_pixeldmx.o)
                0x0800ed4c                json::status::PixelDmx(char*, unsigned long)
 .text._ZN7Display9ClearLineEm.isra.0
                0x0800edf8        0xa ../lib-pixeldmx/lib_gd32/libpixeldmx.a(pixeldmxparams.o)
 *fill*         0x0800ee02        0x2 
 .text._ZN4json14PixelDmxParams7SetTypeEPKcm
                0x0800ee04       0x38 ../lib-pixeldmx/lib_gd32/libpixeldmx.a(pixeldmxparams.o)
                0x0800ee04                json::PixelDmxParams::SetType(char const*, unsigned long)
 .text._ZN4json14PixelDmxParams6SetMapEPKcm
                0x0800ee3c       0x3c ../lib-pixeldmx/lib_gd32/libpixeldmx.a(pixeldmxparams.o)
                0x0800ee3c                json::PixelDmxParams::SetMap(char const*, unsigned long)
 .text._ZN5pixel10ConvertTxHEf
                0x0800ee78       0xac ../lib-pixeldmx/lib_gd32/libpixeldmx.a(pixeldmxparams.o)
                0x0800ee78                pixel::ConvertTxH(float)
 .text._ZN4json4AtoiEPKcm
                0x0800ef24       0x44 ../lib-pixeldmx/lib_gd32/libpixeldmx.a(pixeldmxparams.o)
                0x0800ef24                json::Atoi(char const*, unsigned long)
 .text._ZN4json14PixelDmxParams8SetCountEPKcm
                0x0800ef68       0x14 ../lib-pixeldmx/lib_gd32/libpixeldmx.a(pixeldmxparams.o)
                0x0800ef68                json::PixelDmxParams::SetCount(char const*, unsigned long)
 .text._ZN4json14PixelDmxParams16SetActiveOutputsEPKcm
                0x0800ef7c       0x14 ../lib-pixeldmx/lib_gd32/libpixeldmx.a(pixeldmxparams.o)
                0x0800ef7c                json::PixelDmxParams::SetActiveOutputs(char const*, unsigned long)
 .text._ZN4json14PixelDmxParams13SetSpiSpeedHzEPKcm
                0x0800ef90       0x14 ../lib-pixeldmx/lib_gd32/libpixeldmx.a(pixeldmxparams.o)
                0x0800ef90                json::PixelDmxParams::SetSpiSpeedHz(char const*, unsigned long)
 .text._ZN4json14PixelDmxParams19SetGlobalBrightnessEPKcm
                0x0800efa4       0x14 ../lib-pixeldmx/lib_gd32/libpixeldmx.a(pixeldmxparams.o)
                0x0800efa4                json::PixelDmxParams::SetGlobalBrightness(char const*, unsigned long)
 .text._ZN4json14PixelDmxParams14SetTestPatternEPKcm
                0x0800efb8       0x18 ../lib-pixeldmx/lib_gd32/libpixeldmx.a(pixeldmxparams.o)
                0x0800efb8                json::PixelDmxParams::SetTestPattern(char const*, unsigned long)
 .text._ZN4json14PixelDmxParams15SetStartUniPortEPKcmS2_m
                0x0800efd0       0x2c ../lib-pixeldmx/lib_gd32/libpixeldmx.a(pixeldmxparams.o)
                0x0800efd0                json::PixelDmxParams::SetStartUniPort(char const*, unsigned long, char const*, unsigned long)
 .text._ZN4json14PixelDmxParams16SetGroupingCountEPKcm
                0x0800effc       0x14 ../lib-pixeldmx/lib_gd32/libpixeldmx.a(pixeldmxparams.o)
                0x0800effc                json::PixelDmxParams::SetGroupingCount(char const*, unsigned long)
 .text._ZN4json4AtofEPKcm
                0x0800f010       0x98 ../lib-pixeldmx/lib_gd32/libpixeldmx.a(pixeldmxparams.o)
                0x0800f010                json::Atof(char const*, unsigned long)
 .text._ZN4json14PixelDmxParams10SetLowCodeEPKcm
                0x0800f0a8       0x14 ../lib-pixeldmx/lib_gd32/libpixeldmx.a(pixeldmxparams.o)
                0x0800f0a8                json::PixelDmxParams::SetLowCode(char const*, unsigned long)
 .text._ZN4json14PixelDmxParams11SetHighCodeEPKcm
                0x0800f0bc       0x14 ../lib-pixeldmx/lib_gd32/libpixeldmx.a(pixeldmxparams.o)
                0x0800f0bc                json::PixelDmxParams::SetHighCode(char const*, unsigned long)
 .text._ZN16PixelOutputMulti3GetEv
                0x0800f0d0        0xc ../lib-pixeldmx/lib_gd32/libpixeldmx.a(pixeldmxparams.o)
                0x0800f0d0                PixelOutputMulti::Get()
 .text._ZN13PixelDmxMulti18ApplyConfigurationEv
                0x0800f0dc       0xb8 ../lib-pixeldmx/lib_gd32/libpixeldmx.a(pixeldmxparams.o)
                0x0800f0dc                PixelDmxMulti::ApplyConfiguration()
 .text._ZN6common8firmware8pixeldmx4ShowEmN13pixelpatterns7PatternE
                0x0800f194       0x90 ../lib-pixeldmx/lib_gd32/libpixeldmx.a(pixeldmxparams.o)
                0x0800f194                common::firmware::pixeldmx::Show(unsigned long, pixelpatterns::Pattern)
 .text._ZN16PixelTestPattern10SetPatternEN13pixelpatterns7PatternE
                0x0800f224       0xd8 ../lib-pixeldmx/lib_gd32/libpixeldmx.a(pixeldmxparams.o)
                0x0800f224                PixelTestPattern::SetPattern(pixelpatterns::Pattern)
 .text._ZN4json14PixelDmxParamsC2Ev
                0x0800f2fc       0x20 ../lib-pixeldmx/lib_gd32/libpixeldmx.a(pixeldmxparams.o)
                0x0800f2fc                json::PixelDmxParams::PixelDmxParams()
                0x0800f2fc                json::PixelDmxParams::PixelDmxParams()
 .text._ZN4json14PixelDmxParams5StoreEPKcm
                0x0800f31c       0x60 ../lib-pixeldmx/lib_gd32/libpixeldmx.a(pixeldmxparams.o)
                0x0800f31c                json::PixelDmxParams::Store(char const*, unsigned long)
 .text._ZN4json14PixelDmxParams3SetEv
                0x0800f37c       0x74 ../lib-pixeldmx/lib_gd32/libpixeldmx.a(pixeldmxparams.o)
                0x0800f37c                json::PixelDmxParams::Set()
 .text._ZN5pixel7GetTypeENS_4TypeE
                0x0800f3f0       0x18 ../lib-pixel/lib_gd32/libpixel.a(pixeltype.o)
                0x0800f3f0                pixel::GetType(pixel::Type)
 .text._ZN5pixel7GetTypeEPKc
                0x0800f408       0x4c ../lib-pixel/lib_gd32/libpixel.a(pixeltype.o)
                0x0800f408                pixel::GetType(char const*)
 .text._ZN5pixel6GetMapEPKc
                0x0800f454       0x50 ../lib-pixel/lib_gd32/libpixel.a(pixeltype.o)
                0x0800f454                pixel::GetMap(char const*)
 .text._ZN5pixel6GetMapENS_3MapE
                0x0800f4a4       0x18 ../lib-pixel/lib_gd32/libpixel.a(pixeltype.o)
                0x0800f4a4                pixel::GetMap(pixel::Map)
 .text._ZN4json6status5PixelEPcm
                0x0800f4bc       0x2c ../lib-pixel/lib_gd32/libpixel.a(json_status_pixel.o)
                0x0800f4bc                json::status::Pixel(char*, unsigned long)
 .text.__NVIC_SetPriority.constprop.0
                0x0800f4e8       0x10 ../lib-pixel/lib_gd32/libpixel.a(pixeloutputmulti.o)
 .text.__NVIC_EnableIRQ.constprop.0
                0x0800f4f8       0x10 ../lib-pixel/lib_gd32/libpixel.a(pixeloutputmulti.o)
 .text._ZN5pixel6GetMapENS_4TypeE
                0x0800f508       0x14 ../lib-pixel/lib_gd32/libpixel.a(pixeloutputmulti.o)
                0x0800f508                pixel::GetMap(pixel::Type)
 .text._ZN16PixelOutputMulti10IsUpdatingEv
                0x0800f51c       0x10 ../lib-pixel/lib_gd32/libpixel.a(pixeloutputmulti.o)
                0x0800f51c                PixelOutputMulti::IsUpdating()
 .text._ZN16PixelOutputMulti11GetUserDataEv
                0x0800f52c        0xc ../lib-pixel/lib_gd32/libpixel.a(pixeloutputmulti.o)
                0x0800f52c                PixelOutputMulti::GetUserData()
 .text._ZN16PixelOutputMulti5SetupEhh
                0x0800f538      0x258 ../lib-pixel/lib_gd32/libpixel.a(pixeloutputmulti.o)
                0x0800f538                PixelOutputMulti::Setup(unsigned char, unsigned char)
 .text._ZN16PixelOutputMulti5SetupEm
                0x0800f790      0x570 ../lib-pixel/lib_gd32/libpixel.a(pixeloutputmulti.o)
                0x0800f790                PixelOutputMulti::Setup(unsigned long)
 .text._ZN16PixelOutputMulti18ApplyConfigurationEv
                0x0800fd00      0x4b0 ../lib-pixel/lib_gd32/libpixel.a(pixeloutputmulti.o)
                0x0800fd00                PixelOutputMulti::ApplyConfiguration()
 .text._ZN16PixelOutputMultiC2Ev
                0x080101b0      0x134 ../lib-pixel/lib_gd32/libpixel.a(pixeloutputmulti.o)
                0x080101b0                PixelOutputMulti::PixelOutputMulti()
                0x080101b0                PixelOutputMulti::PixelOutputMulti()
 .text._ZN16PixelOutputMulti6UpdateEv
                0x080102e4      0x1d4 ../lib-pixel/lib_gd32/libpixel.a(pixeloutputmulti.o)
                0x080102e4                PixelOutputMulti::Update()
 .text._ZN16PixelOutputMulti8BlackoutEv
                0x080104b8      0x33c ../lib-pixel/lib_gd32/libpixel.a(pixeloutputmulti.o)
                0x080104b8                PixelOutputMulti::Blackout()
 .text.TIMER3_IRQHandler
                0x080107f4       0x60 ../lib-pixel/lib_gd32/libpixel.a(pixeloutputmulti.o)
                0x080107f4                TIMER3_IRQHandler
 .text.TIMER0_TRG_CMT_TIMER10_IRQHandler
                0x08010854       0x48 ../lib-pixel/lib_gd32/libpixel.a(pixeloutputmulti.o)
                0x08010854                TIMER0_TRG_CMT_TIMER10_IRQHandler
 .text.DMA1_Channel0_IRQHandler
                0x0801089c       0x50 ../lib-pixel/lib_gd32/libpixel.a(pixeloutputmulti.o)
                0x0801089c                DMA1_Channel0_IRQHandler
 .text._ZN11configstore18SetFactoryDefaultsEv
                0x080108ec        0x2 ../lib-configstore/lib_gd32/libconfigstore.a(set_factory_defaults.o)
                0x080108ec                configstore::SetFactoryDefaults()
 *fill*         0x080108ee        0x2 
 .text._ZN11StoreDeviceC2Ev
                0x080108f0       0x1c ../lib-configstore/lib_gd32/libconfigstore.a(storedevice.o)
                0x080108f0                StoreDevice::StoreDevice()
                0x080108f0                StoreDevice::StoreDevice()
 .text._ZNK11StoreDevice7GetSizeEv
                0x0801090c        0x6 ../lib-configstore/lib_gd32/libconfigstore.a(storedevice.o)
                0x0801090c                StoreDevice::GetSize() const
 .text._ZNK11StoreDevice13GetSectorSizeEv
                0x08010912        0x6 ../lib-configstore/lib_gd32/libconfigstore.a(storedevice.o)
                0x08010912                StoreDevice::GetSectorSize() const
 .text._ZN11StoreDevice4ReadEmmPhRN11storedevice6ResultE
                0x08010918        0xa ../lib-configstore/lib_gd32/libconfigstore.a(storedevice.o)
                0x08010918                StoreDevice::Read(unsigned long, unsigned long, unsigned char*, storedevice::Result&)
 .text._ZN11StoreDevice5EraseEmmRN11storedevice6ResultE
                0x08010922        0x8 ../lib-configstore/lib_gd32/libconfigstore.a(storedevice.o)
                0x08010922                StoreDevice::Erase(unsigned long, unsigned long, storedevice::Result&)
 .text._ZN11StoreDevice5WriteEmmPKhRN11storedevice6ResultE
                0x0801092a        0xa ../lib-configstore/lib_gd32/libconfigstore.a(storedevice.o)
                0x0801092a                StoreDevice::Write(unsigned long, unsigned long, unsigned char const*, storedevice::Result&)
 .text._Z13emac_eth_recvPPh
                0x08010934       0x3c ../lib-network/lib_gd32/libnetwork.a(emac_eth.o)
                0x08010934                emac_eth_recv(unsigned char**)
 .text._Z13emac_free_pktv
                0x08010970       0x40 ../lib-network/lib_gd32/libnetwork.a(emac_eth.o)
                0x08010970                emac_free_pkt()
 .text._Z28emac_eth_send_get_dma_bufferv
                0x080109b0       0x18 ../lib-network/lib_gd32/libnetwork.a(emac_eth.o)
                0x080109b0                emac_eth_send_get_dma_buffer()
 .text._Z13emac_eth_sendm
                0x080109c8       0x38 ../lib-network/lib_gd32/libnetwork.a(emac_eth.o)
                0x080109c8                emac_eth_send(unsigned long)
 .text._Z13emac_eth_sendPvm
                0x08010a00       0x30 ../lib-network/lib_gd32/libnetwork.a(emac_eth.o)
                0x08010a00                emac_eth_send(void*, unsigned long)
 .text._ZN5netifL15DefaultCallbackEtPKNS_25netif_ext_callback_args_tE
                0x08010a30        0x2 ../lib-network/lib_gd32/libnetwork.a(netif.o)
 *fill*         0x08010a32        0x2 
 .text._ZN5netifL20NetifDoUpdateGlobalsEv
                0x08010a34       0x28 ../lib-network/lib_gd32/libnetwork.a(netif.o)
 .text._ZN5netifL17NetifIssueReportsEv
                0x08010a5c       0x18 ../lib-network/lib_gd32/libnetwork.a(netif.o)
 .text._ZN5netifL16NetifDoSetIpaddrEN7network7ip_addrERS1_
                0x08010a74       0x2c ../lib-network/lib_gd32/libnetwork.a(netif.o)
 .text._ZN5netif4InitEv
                0x08010aa0       0x40 ../lib-network/lib_gd32/libnetwork.a(netif.o)
                0x08010aa0                netif::Init()
 .text._ZN5netif9SetIpAddrEN7network7ip_addrE
                0x08010ae0       0x24 ../lib-network/lib_gd32/libnetwork.a(netif.o)
                0x08010ae0                netif::SetIpAddr(network::ip_addr)
 .text._ZN5netif10SetNetmaskEN7network7ip_addrE
                0x08010b04       0x28 ../lib-network/lib_gd32/libnetwork.a(netif.o)
                0x08010b04                netif::SetNetmask(network::ip_addr)
 .text._ZN5netif5SetGwEN7network7ip_addrE
                0x08010b2c       0x28 ../lib-network/lib_gd32/libnetwork.a(netif.o)
                0x08010b2c                netif::SetGw(network::ip_addr)
 .text._ZN5netif7SetAddrEN7network7ip_addrES1_S1_
                0x08010b54       0x94 ../lib-network/lib_gd32/libnetwork.a(netif.o)
                0x08010b54                netif::SetAddr(network::ip_addr, network::ip_addr, network::ip_addr)
 .text._ZN5netif14AddExtCallbackEPFvtPKNS_25netif_ext_callback_args_tEE
                0x08010be8        0xc ../lib-network/lib_gd32/libnetwork.a(netif.o)
                0x08010be8                netif::AddExtCallback(void (*)(unsigned short, netif::netif_ext_callback_args_t const*))
 .text._ZN5netif11SetLinkDownEv
                0x08010bf4       0x38 ../lib-network/lib_gd32/libnetwork.a(netif.o)
                0x08010bf4                netif::SetLinkDown()
 .text._ZN7network3tcpL8AllocTcbEtPm
                0x08010c2c       0x98 ../lib-network/lib_gd32/libnetwork.a(tcp.o)
 .text._ZN7network3tcpL21TcpSwap32AcknumSeqnumEPNS0_6HeaderE
                0x08010cc4       0x18 ../lib-network/lib_gd32/libnetwork.a(tcp.o)
 .text._ZN7network3tcpL11ScanOptionsEPNS0_6HeaderEPNS0_3TcbEl
                0x08010cdc       0xa8 ../lib-network/lib_gd32/libnetwork.a(tcp.o)
 .text._ZN7network3tcpL11SendSegmentEPNS0_3TcbERKNS0_8SendInfoEb
                0x08010d84      0x318 ../lib-network/lib_gd32/libnetwork.a(tcp.o)
 .text._ZN7network3tcpL9SendResetEPNS0_6HeaderEPNS0_3TcbE
                0x0801109c       0x58 ../lib-network/lib_gd32/libnetwork.a(tcp.o)
 .text._ZN7network3tcpL7FreeTcbEPNS0_3TcbE
                0x080110f4       0xc8 ../lib-network/lib_gd32/libnetwork.a(tcp.o)
 .text._ZN7network3tcpL8RtxOnAckEPNS0_3TcbEm
                0x080111bc      0x104 ../lib-network/lib_gd32/libnetwork.a(tcp.o)
 .text._ZN7network3tcp11datasegment5QueueC2Ev
                0x080112c0        0xc ../lib-network/lib_gd32/libnetwork.a(tcp.o)
                0x080112c0                network::tcp::datasegment::Queue::Queue()
                0x080112c0                network::tcp::datasegment::Queue::Queue()
 .text._ZN7network3tcp6ListenEtPFvmPKhmE
                0x080112cc       0x1c ../lib-network/lib_gd32/libnetwork.a(tcp.o)
                0x080112cc                network::tcp::Listen(unsigned short, void (*)(unsigned long, unsigned char const*, unsigned long))
 .text._ZN7network3tcp5AbortEm
                0x080112e8       0x48 ../lib-network/lib_gd32/libnetwork.a(tcp.o)
                0x080112e8                network::tcp::Abort(unsigned long)
 .text._ZN7network3tcp4SendEmPKhm
                0x08011330      0x1bc ../lib-network/lib_gd32/libnetwork.a(tcp.o)
                0x08011330                network::tcp::Send(unsigned long, unsigned char const*, unsigned long)
 .text.startup._GLOBAL__sub_I__ZN7network3tcp4InitEv
                0x080114ec       0x1c ../lib-network/lib_gd32/libnetwork.a(tcp.o)
 .text._ZN7network3udp5BeginEtPFvPKhmmtE
                0x08011508       0x40 ../lib-network/lib_gd32/libnetwork.a(udp.o)
                0x08011508                network::udp::Begin(unsigned short, void (*)(unsigned char const*, unsigned long, unsigned long, unsigned short))
 .text._ZN7network3udp3EndEt
                0x08011548       0x40 ../lib-network/lib_gd32/libnetwork.a(udp.o)
                0x08011548                network::udp::End(unsigned short)
 .text._ZN7network3udp4SendElPKhmmt
                0x08011588      0x150 ../lib-network/lib_gd32/libnetwork.a(udp.o)
                0x08011588                network::udp::Send(long, unsigned char const*, unsigned long, unsigned long, unsigned short)
 .text._ZN7network5iface13EthernetInputEPKhm
                0x080116d8       0xb8 ../lib-network/lib_gd32/libnetwork.a(ethernet.o)
                0x080116d8                network::iface::EthernetInput(unsigned char const*, unsigned long)
 .text.strncpy.isra.0
                0x08011790       0x22 ../lib-network/lib_gd32/libnetwork.a(iface.o)
 *fill*         0x080117b2        0x2 
 .text._ZN7network5ifaceL20BuildDefaultHostnameEv
                0x080117b4       0x94 ../lib-network/lib_gd32/libnetwork.a(iface.o)
 .text._ZN7network5iface16CopyMacAddressToEPh
                0x08011848       0x18 ../lib-network/lib_gd32/libnetwork.a(iface.o)
                0x08011848                network::iface::CopyMacAddressTo(unsigned char*)
 .text._ZN7network5iface13SetDomainNameEPKc
                0x08011860       0x28 ../lib-network/lib_gd32/libnetwork.a(iface.o)
                0x08011860                network::iface::SetDomainName(char const*)
 .text._ZN7network5iface10DomainNameEv
                0x08011888        0x8 ../lib-network/lib_gd32/libnetwork.a(iface.o)
                0x08011888                network::iface::DomainName()
 .text._ZN7network5iface11SetHostnameEPKc
                0x08011890       0x58 ../lib-network/lib_gd32/libnetwork.a(iface.o)
                0x08011890                network::iface::SetHostname(char const*)
 .text._ZN7network5iface8HostNameEv
                0x080118e8        0xc ../lib-network/lib_gd32/libnetwork.a(iface.o)
                0x080118e8                network::iface::HostName()
 .text._ZN7network5iface10NameServerEm
                0x080118f4        0x4 ../lib-network/lib_gd32/libnetwork.a(iface.o)
                0x080118f4                network::iface::NameServer(unsigned long)
 .text._ZN7network5iface15NameServerCountEv
                0x080118f8        0x4 ../lib-network/lib_gd32/libnetwork.a(iface.o)
                0x080118f8                network::iface::NameServerCount()
 .text._ZN7network5iface4DhcpEv
                0x080118fc       0x10 ../lib-network/lib_gd32/libnetwork.a(iface.o)
                0x080118fc                network::iface::Dhcp()
 .text._ZN7network5iface10EnableDhcpEv
                0x0801190c       0x10 ../lib-network/lib_gd32/libnetwork.a(iface.o)
                0x0801190c                network::iface::EnableDhcp()
 .text._ZN7network5iface9SetAutoIpEv
                0x0801191c       0x10 ../lib-network/lib_gd32/libnetwork.a(iface.o)
                0x0801191c                network::iface::SetAutoIp()
 .text._ZN7network5iface6AutoIpEv
                0x0801192c       0x10 ../lib-network/lib_gd32/libnetwork.a(iface.o)
                0x0801192c                network::iface::AutoIp()
 .text._ZN7network9memcpy_ipEPKh
                0x0801193c       0x18 ../lib-network/lib_gd32/libnetwork.a(acd.o)
                0x0801193c                network::memcpy_ip(unsigned char const*)
 .text._ZN7network3acd5StartEPNS0_3AcdENS_7ip_addrE
                0x08011954       0x30 ../lib-network/lib_gd32/libnetwork.a(acd.o)
                0x08011954                network::acd::Start(network::acd::Acd*, network::ip_addr)
 .text._ZN7network3acd4StopEPNS0_3AcdE
                0x08011984       0x20 ../lib-network/lib_gd32/libnetwork.a(acd.o)
                0x08011984                network::acd::Stop(network::acd::Acd*)
 .text._ZN7network3acdL5TimerEl
                0x080119a4       0xc0 ../lib-network/lib_gd32/libnetwork.a(acd.o)
 .text._ZN7network3acdL7RestartEPNS0_3AcdE
                0x08011a64       0x32 ../lib-network/lib_gd32/libnetwork.a(acd.o)
 *fill*         0x08011a96        0x2 
 .text._ZN7network3acd22NetworkChangedLinkDownEv
                0x08011a98       0x10 ../lib-network/lib_gd32/libnetwork.a(acd.o)
                0x08011a98                network::acd::NetworkChangedLinkDown()
 .text._ZN7network3acd8ArpReplyEPKNS_3arp6HeaderE
                0x08011aa8       0xac ../lib-network/lib_gd32/libnetwork.a(acd.o)
                0x08011aa8                network::acd::ArpReply(network::arp::Header const*)
 .text._ZN7network3acd3AddEPNS0_3AcdEPFvNS0_8CallbackEE
                0x08011b54        0xc ../lib-network/lib_gd32/libnetwork.a(acd.o)
                0x08011b54                network::acd::Add(network::acd::Acd*, void (*)(network::acd::Callback))
 .text._ZN7network3acd18NetifIpAddrChangedENS_7ip_addrES1_
                0x08011b60       0x50 ../lib-network/lib_gd32/libnetwork.a(acd.o)
                0x08011b60                network::acd::NetifIpAddrChanged(network::ip_addr, network::ip_addr)
 .text._ZN7network3arpL10FindRecordEmNS0_5FlagsE
                0x08011bb0       0xa0 ../lib-network/lib_gd32/libnetwork.a(arp.o)
 .text._ZN7network3arpL5TimerEl
                0x08011c50       0xb0 ../lib-network/lib_gd32/libnetwork.a(arp.o)
 .text._ZN7network3arp4SendEPvmm
                0x08011d00      0x188 ../lib-network/lib_gd32/libnetwork.a(arp.o)
                0x08011d00                network::arp::Send(void*, unsigned long, unsigned long)
 .text._ZN7network3arp8AcdProbeENS_7ip_addrE
                0x08011e88       0x28 ../lib-network/lib_gd32/libnetwork.a(arp.o)
                0x08011e88                network::arp::AcdProbe(network::ip_addr)
 .text._ZN7network3arp19AcdSendAnnouncementENS_7ip_addrE
                0x08011eb0       0x14 ../lib-network/lib_gd32/libnetwork.a(arp.o)
                0x08011eb0                network::arp::AcdSendAnnouncement(network::ip_addr)
 .text._ZN7network6autoip5StartEv
                0x08011ec4       0x98 ../lib-network/lib_gd32/libnetwork.a(autoip.o)
                0x08011ec4                network::autoip::Start()
 .text._ZN7network6autoip4StopEv
                0x08011f5c       0x24 ../lib-network/lib_gd32/libnetwork.a(autoip.o)
                0x08011f5c                network::autoip::Stop()
 .text._ZN7network6autoipL16ConflictCallbackENS_3acd8CallbackE
                0x08011f80       0x4c ../lib-network/lib_gd32/libnetwork.a(autoip.o)
 .text._ZN7network6autoip22NetworkChangedLinkDownEv
                0x08011fcc       0x14 ../lib-network/lib_gd32/libnetwork.a(autoip.o)
                0x08011fcc                network::autoip::NetworkChangedLinkDown()
 .text._ZN7network4dhcpL4BindEv
                0x08011fe0       0xd4 ../lib-network/lib_gd32/libnetwork.a(dhcp.o)
 .text._ZN7network4dhcpL11MessageInitEv
                0x080120b4       0x44 ../lib-network/lib_gd32/libnetwork.a(dhcp.o)
 .text._ZN7network4dhcpL8DiscoverEv
                0x080120f8       0xb4 ../lib-network/lib_gd32/libnetwork.a(dhcp.o)
 .text._ZN7network9memcpy_ipEPhm
                0x080121ac       0x18 ../lib-network/lib_gd32/libnetwork.a(dhcp.o)
                0x080121ac                network::memcpy_ip(unsigned char*, unsigned long)
 .text._ZN7network4dhcpL11SendRequestEv
                0x080121c4       0xd0 ../lib-network/lib_gd32/libnetwork.a(dhcp.o)
 .text._ZN7network4dhcpL6SelectEv
                0x08012294       0x4c ../lib-network/lib_gd32/libnetwork.a(dhcp.o)
 .text._ZN7network4dhcpL6RebootEv
                0x080122e0       0x50 ../lib-network/lib_gd32/libnetwork.a(dhcp.o)
 .text._ZN7network4dhcpL9HandleAckEPKNS0_7MessageE
                0x08012330       0x40 ../lib-network/lib_gd32/libnetwork.a(dhcp.o)
 .text._ZN7network4dhcp6InformEv
                0x08012370       0x74 ../lib-network/lib_gd32/libnetwork.a(dhcp.o)
                0x08012370                network::dhcp::Inform()
 .text._ZN7network4dhcp5StartEv
                0x080123e4       0x64 ../lib-network/lib_gd32/libnetwork.a(dhcp.o)
                0x080123e4                network::dhcp::Start()
 .text._ZN7network4dhcp7ProcessEPKNS0_7MessageEm
                0x08012448      0x16c ../lib-network/lib_gd32/libnetwork.a(dhcp.o)
                0x08012448                network::dhcp::Process(network::dhcp::Message const*, unsigned long)
 .text._ZN7network4dhcp5InputEPKhmmt
                0x080125b4       0x1c ../lib-network/lib_gd32/libnetwork.a(dhcp.o)
                0x080125b4                network::dhcp::Input(unsigned char const*, unsigned long, unsigned long, unsigned short)
 .text._ZN7network4dhcp15SuppliedAddressEv
                0x080125d0       0x20 ../lib-network/lib_gd32/libnetwork.a(dhcp.o)
                0x080125d0                network::dhcp::SuppliedAddress()
 .text._ZN7network4dhcp14ReleaseAndStopEv
                0x080125f0       0xa0 ../lib-network/lib_gd32/libnetwork.a(dhcp.o)
                0x080125f0                network::dhcp::ReleaseAndStop()
 .text._ZN7network4dhcpL7FineTmrEl
                0x08012690       0x8c ../lib-network/lib_gd32/libnetwork.a(dhcp.o)
 .text._ZN7network4igmpL10SendReportEm
                0x0801271c       0x94 ../lib-network/lib_gd32/libnetwork.a(igmp.o)
 .text._ZN7network4igmpL5TimerEl
                0x080127b0       0x54 ../lib-network/lib_gd32/libnetwork.a(igmp.o)
 .text._ZN7network4igmpL5LeaveEm
                0x08012804       0xa8 ../lib-network/lib_gd32/libnetwork.a(igmp.o)
 .text._ZN7network4igmp9JoinGroupElm
                0x080128ac       0x70 ../lib-network/lib_gd32/libnetwork.a(igmp.o)
                0x080128ac                network::igmp::JoinGroup(long, unsigned long)
 .text._ZN7network4igmp10LeaveGroupElm
                0x0801291c        0x8 ../lib-network/lib_gd32/libnetwork.a(igmp.o)
                0x0801291c                network::igmp::LeaveGroup(long, unsigned long)
 .text._ZN7network4igmp11LookupGroupEm
                0x08012924       0x30 ../lib-network/lib_gd32/libnetwork.a(igmp.o)
                0x08012924                network::igmp::LookupGroup(unsigned long)
 .text._ZN7network4igmp12ReportGroupsEv
                0x08012954       0x5c ../lib-network/lib_gd32/libnetwork.a(igmp.o)
                0x08012954                network::igmp::ReportGroups()
 .text._ZN7network4apps4mdnsL4SendEm
                0x080129b0       0x48 ../lib-network/lib_gd32/libnetwork.a(mdns.o)
 .text._ZN7network4apps4mdnsL21PutDomainNameAsLabelsEPhRKNS1_6DomainE
                0x080129f8       0xe4 ../lib-network/lib_gd32/libnetwork.a(mdns.o)
 .text._ZN7network4apps4mdnsL11AddQuestionEPhRKNS1_6DomainENS_3dns6RRTypeEb
                0x08012adc       0x20 ../lib-network/lib_gd32/libnetwork.a(mdns.o)
 .text.memcpy.isra.0
                0x08012afc       0x12 ../lib-network/lib_gd32/libnetwork.a(mdns.o)
 .text.strlen   0x08012b0e       0x10 ../lib-network/lib_gd32/libnetwork.a(mdns.o)
                0x08012b0e                strlen
 .text._ZN7network4apps4mdns6Domain8AddLabelEPKcj
                0x08012b1e       0x26 ../lib-network/lib_gd32/libnetwork.a(mdns.o)
                0x08012b1e                network::apps::mdns::Domain::AddLabel(char const*, unsigned int)
 .text._ZN7network4apps4mdns6Domain11AddDotLocalEv
                0x08012b44       0x24 ../lib-network/lib_gd32/libnetwork.a(mdns.o)
                0x08012b44                network::apps::mdns::Domain::AddDotLocal()
 .text._ZN7network4apps4mdnsL16CreateHostDomainERNS1_6DomainE
                0x08012b68       0x2a ../lib-network/lib_gd32/libnetwork.a(mdns.o)
 *fill*         0x08012b92        0x2 
 .text._ZN7network4apps4mdnsL10AddAnswerAEPhm
                0x08012b94       0x38 ../lib-network/lib_gd32/libnetwork.a(mdns.o)
 .text._ZN7network4apps4mdnsL24SendAnswerLocalIpAddressEtm
                0x08012bcc       0x4c ../lib-network/lib_gd32/libnetwork.a(mdns.o)
 .text._ZN7network4apps4mdnsL19CreateServiceDomainERNS1_6DomainERKNS1_13ServiceRecordEb
                0x08012c18       0x88 ../lib-network/lib_gd32/libnetwork.a(mdns.o)
 .text._ZN7network4apps4mdnsL12AddAnswerPtrERKNS1_13ServiceRecordEPhm
                0x08012ca0       0x48 ../lib-network/lib_gd32/libnetwork.a(mdns.o)
 .text._ZN7network4apps4mdnsL12AddAnswerSrvERKNS1_13ServiceRecordEPhm
                0x08012ce8       0x50 ../lib-network/lib_gd32/libnetwork.a(mdns.o)
 .text._ZN7network4apps4mdnsL12AddAnswerTxtERKNS1_13ServiceRecordEPhm
                0x08012d38       0x52 ../lib-network/lib_gd32/libnetwork.a(mdns.o)
 *fill*         0x08012d8a        0x2 
 .text._ZN7network4apps4mdnsL16AddAnswerDnsdPtrERKNS1_13ServiceRecordEPhm.constprop.0
                0x08012d8c       0x48 ../lib-network/lib_gd32/libnetwork.a(mdns.o)
 .text._ZN7network4apps4mdnsL11SendMessageERKNS1_13ServiceRecordEtm
                0x08012dd4       0xa8 ../lib-network/lib_gd32/libnetwork.a(mdns.o)
 .text._ZN7network4apps4mdns6Domain5PrintEb
                0x08012e7c       0x38 ../lib-network/lib_gd32/libnetwork.a(mdns.o)
                0x08012e7c                network::apps::mdns::Domain::Print(bool)
 .text._ZN7network4apps4mdnseqERKNS1_6DomainES4_
                0x08012eb4       0x66 ../lib-network/lib_gd32/libnetwork.a(mdns.o)
                0x08012eb4                network::apps::mdns::operator==(network::apps::mdns::Domain const&, network::apps::mdns::Domain const&)
 *fill*         0x08012f1a        0x2 
 .text._ZN7network4apps4mdnsL15HandleQuestionsEm
                0x08012f1c      0x21c ../lib-network/lib_gd32/libnetwork.a(mdns.o)
 .text._ZN7network4apps4mdnsL5InputEPKhmmt
                0x08013138       0x40 ../lib-network/lib_gd32/libnetwork.a(mdns.o)
 .text._ZN7network4apps4mdns16SendAnnouncementEm
                0x08013178       0x58 ../lib-network/lib_gd32/libnetwork.a(mdns.o)
                0x08013178                network::apps::mdns::SendAnnouncement(unsigned long)
 .text._ZN7network4apps4mdns5StartEv
                0x080131d0       0x3c ../lib-network/lib_gd32/libnetwork.a(mdns.o)
                0x080131d0                network::apps::mdns::Start()
 .text._ZN7network4apps4mdns4StopEv
                0x0801320c       0x4c ../lib-network/lib_gd32/libnetwork.a(mdns.o)
                0x0801320c                network::apps::mdns::Stop()
 .text._ZN7network4apps4mdns16ServiceRecordAddEPKcNS1_8ServicesES3_t
                0x08013258       0xec ../lib-network/lib_gd32/libnetwork.a(mdns.o)
                0x08013258                network::apps::mdns::ServiceRecordAdd(char const*, network::apps::mdns::Services, char const*, unsigned short)
 .text._ZN7network4apps4mdns19ServiceRecordDeleteENS1_8ServicesE
                0x08013344       0x3c ../lib-network/lib_gd32/libnetwork.a(mdns.o)
                0x08013344                network::apps::mdns::ServiceRecordDelete(network::apps::mdns::Services)
 .text._ZN7network4apps4mdns4InitEv
                0x08013380       0x30 ../lib-network/lib_gd32/libnetwork.a(mdns.o)
                0x08013380                network::apps::mdns::Init()
 .text._ZN7networkL16NetifExtCallbackEtPKN5netif25netif_ext_callback_args_tE
                0x080133b0       0xe0 ../lib-network/lib_gd32/libnetwork.a(network.o)
 .text._ZN7network3SetENS_7ip_addrES0_S0_b
                0x08013490       0x8c ../lib-network/lib_gd32/libnetwork.a(network.o)
                0x08013490                network::Set(network::ip_addr, network::ip_addr, network::ip_addr, bool)
 .text._ZN7network4InitEv
                0x0801351c       0xb4 ../lib-network/lib_gd32/libnetwork.a(network.o)
                0x0801351c                network::Init()
 .text._ZN7network12SetPrimaryIpEm
                0x080135d0       0x44 ../lib-network/lib_gd32/libnetwork.a(network.o)
                0x080135d0                network::SetPrimaryIp(unsigned long)
 .text._ZN7network14SetSecondaryIpEv
                0x08013614       0x10 ../lib-network/lib_gd32/libnetwork.a(network.o)
                0x08013614                network::SetSecondaryIp()
 .text._ZN7networkL25PrimaryIpConflictCallbackENS_3acd8CallbackE
                0x08013624       0x44 ../lib-network/lib_gd32/libnetwork.a(network.o)
 .text._ZN7network10SetNetmaskEm
                0x08013668       0x20 ../lib-network/lib_gd32/libnetwork.a(network.o)
                0x08013668                network::SetNetmask(unsigned long)
 .text._ZN7network12SetGatewayIpEm
                0x08013688       0x20 ../lib-network/lib_gd32/libnetwork.a(network.o)
                0x08013688                network::SetGatewayIp(unsigned long)
 .text._ZN7network8ShutdownEv
                0x080136a8       0x12 ../lib-network/lib_gd32/libnetwork.a(network.o)
                0x080136a8                network::Shutdown()
 .text._ZN3net3phy7GetLinkEm
                0x080136ba       0x20 ../lib-network/lib_gd32/libnetwork.a(phy.o)
                0x080136ba                net::phy::GetLink(unsigned long)
 *fill*         0x080136da        0x2 
 .text._ZN3net3phy5StartEmRNS0_6StatusE
                0x080136dc      0x148 ../lib-network/lib_gd32/libnetwork.a(phy.o)
                0x080136dc                net::phy::Start(unsigned long, net::phy::Status&)
 .text._ZN7JsonDoc8KeyProxyaSEPKc.isra.0
                0x08013824       0x50 ../lib-network/lib_gd32/libnetwork.a(json_config_network.o)
 .text._ZN3net8FormatIpEmRA16_c
                0x08013874       0x2c ../lib-network/lib_gd32/libnetwork.a(json_config_network.o)
                0x08013874                net::FormatIp(unsigned long, char (&) [16])
 .text._ZN4json6config10GetNetworkEPcm
                0x080138a0      0x110 ../lib-network/lib_gd32/libnetwork.a(json_config_network.o)
                0x080138a0                json::config::GetNetwork(char*, unsigned long)
 .text._ZN4json6config10SetNetworkEPKcm
                0x080139b0       0x20 ../lib-network/lib_gd32/libnetwork.a(json_config_network.o)
                0x080139b0                json::config::SetNetwork(char const*, unsigned long)
 .text._ZZN4json6status3net4EmacEPcmENKUlPKcE_clES4_
                0x080139d0       0x20 ../lib-network/lib_gd32/libnetwork.a(json_status_emac.o)
 .text._ZZN4json6status3net4EmacEPcmENKUlyE_clEy
                0x080139f0       0x66 ../lib-network/lib_gd32/libnetwork.a(json_status_emac.o)
 *fill*         0x08013a56        0x2 
 .text._ZN4json6status3net4EmacEPcm
                0x08013a58       0xec ../lib-network/lib_gd32/libnetwork.a(json_status_emac.o)
                0x08013a58                json::status::net::Emac(char*, unsigned long)
 .text._ZN4json6status3net3PhyEPcm
                0x08013b44       0x4c ../lib-network/lib_gd32/libnetwork.a(json_status_phy.o)
                0x08013b44                json::status::net::Phy(char*, unsigned long)
 .text._ZN4json13NetworkParams14SetUseStaticIpEPKcm
                0x08013b90       0x20 ../lib-network/lib_gd32/libnetwork.a(networkparams.o)
                0x08013b90                json::NetworkParams::SetUseStaticIp(char const*, unsigned long)
 .text._ZN4json13NetworkParams11SetHostnameEPKcm
                0x08013bb0       0x30 ../lib-network/lib_gd32/libnetwork.a(networkparams.o)
                0x08013bb0                json::NetworkParams::SetHostname(char const*, unsigned long)
 .text._ZN3net13ParseIpStringEPKcm
                0x08013be0       0x4a ../lib-network/lib_gd32/libnetwork.a(networkparams.o)
                0x08013be0                net::ParseIpString(char const*, unsigned long)
 *fill*         0x08013c2a        0x2 
 .text._ZN4json13NetworkParams12SetIpAddressEPKcm
                0x08013c2c       0x10 ../lib-network/lib_gd32/libnetwork.a(networkparams.o)
                0x08013c2c                json::NetworkParams::SetIpAddress(char const*, unsigned long)
 .text._ZN4json13NetworkParams10SetNetMaskEPKcm
                0x08013c3c       0x10 ../lib-network/lib_gd32/libnetwork.a(networkparams.o)
                0x08013c3c                json::NetworkParams::SetNetMask(char const*, unsigned long)
 .text._ZN4json13NetworkParams17SetDefaultGatewayEPKcm
                0x08013c4c       0x10 ../lib-network/lib_gd32/libnetwork.a(networkparams.o)
                0x08013c4c                json::NetworkParams::SetDefaultGateway(char const*, unsigned long)
 .text._ZN4json13NetworkParams12SetNtpServerEPKcm
                0x08013c5c       0x10 ../lib-network/lib_gd32/libnetwork.a(networkparams.o)
                0x08013c5c                json::NetworkParams::SetNtpServer(char const*, unsigned long)
 .text._ZN4json13NetworkParamsC2Ev
                0x08013c6c       0x20 ../lib-network/lib_gd32/libnetwork.a(networkparams.o)
                0x08013c6c                json::NetworkParams::NetworkParams()
                0x08013c6c                json::NetworkParams::NetworkParams()
 .text._ZN4json13NetworkParams5StoreEPKcm
                0x08013c8c       0x58 ../lib-network/lib_gd32/libnetwork.a(networkparams.o)
                0x08013c8c                json::NetworkParams::Store(char const*, unsigned long)
 .text._ZN4json13NetworkParams3SetEv
                0x08013ce4       0x84 ../lib-network/lib_gd32/libnetwork.a(networkparams.o)
                0x08013ce4                json::NetworkParams::Set()
 .text._ZN3net3phy13CustomizedLedEv
                0x08013d68        0x2 ../lib-network/lib_gd32/libnetwork.a(phy.o)
                0x08013d68                net::phy::CustomizedLed()
 .text._ZN3net3phy16CustomizedTimingEv
                0x08013d6a        0x2 ../lib-network/lib_gd32/libnetwork.a(phy.o)
                0x08013d6a                net::phy::CustomizedTiming()
 .text._ZN3net3phy16CustomizedStatusERNS0_6StatusE
                0x08013d6c       0x34 ../lib-network/lib_gd32/libnetwork.a(phy.o)
                0x08013d6c                net::phy::CustomizedStatus(net::phy::Status&)
 .text._ZN11ConfigStore16SetStatusChangedEv.isra.0
                0x08013da0       0x28 ../lib-network/lib_gd32/libnetwork.a(network_store.o)
 .text._ZN11ConfigStore13NetworkUpdateImEEvMN6common5store7NetworkET_RKS4_.isra.0
                0x08013dc8       0x24 ../lib-network/lib_gd32/libnetwork.a(network_store.o)
 .text._ZN7network5store6SaveIpEm
                0x08013dec       0x12 ../lib-network/lib_gd32/libnetwork.a(network_store.o)
                0x08013dec                network::store::SaveIp(unsigned long)
 .text._ZN7network5store11SaveNetmaskEm
                0x08013dfe       0x12 ../lib-network/lib_gd32/libnetwork.a(network_store.o)
                0x08013dfe                network::store::SaveNetmask(unsigned long)
 .text._ZN7network5store13SaveGatewayIpEm
                0x08013e10       0x12 ../lib-network/lib_gd32/libnetwork.a(network_store.o)
                0x08013e10                network::store::SaveGatewayIp(unsigned long)
 *fill*         0x08013e22        0x2 
 .text._ZN7network5store12SaveHostnameEPKcm
                0x08013e24       0x48 ../lib-network/lib_gd32/libnetwork.a(network_store.o)
                0x08013e24                network::store::SaveHostname(char const*, unsigned long)
 .text._ZN7network5store8SaveDhcpEb
                0x08013e6c       0x28 ../lib-network/lib_gd32/libnetwork.a(network_store.o)
                0x08013e6c                network::store::SaveDhcp(bool)
 .text._ZN7network5iface11GetCountersERNS0_8CountersE
                0x08013e94       0xf0 ../lib-network/lib_gd32/libnetwork.a(emac_counters.o)
                0x08013e94                network::iface::GetCounters(network::iface::Counters&)
 .text._ZN4emac9multicast16EnableHashFilterEv
                0x08013f84       0x20 ../lib-network/lib_gd32/libnetwork.a(emac_multicast.o)
                0x08013f84                emac::multicast::EnableHashFilter()
 .text._ZN4emac9multicast17DisableHashFilterEv
                0x08013fa4       0x18 ../lib-network/lib_gd32/libnetwork.a(emac_multicast.o)
                0x08013fa4                emac::multicast::DisableHashFilter()
 .text._ZN4emac9multicast7SetHashEPKh
                0x08013fbc       0x30 ../lib-network/lib_gd32/libnetwork.a(emac_multicast.o)
                0x08013fbc                emac::multicast::SetHash(unsigned char const*)
 .text._ZN4emac9multicast9ResetHashEv
                0x08013fec       0x10 ../lib-network/lib_gd32/libnetwork.a(emac_multicast.o)
                0x08013fec                emac::multicast::ResetHash()
 .text._ZN3net3phy4ReadEmmRt
                0x08013ffc       0x16 ../lib-network/lib_gd32/libnetwork.a(emac_phy.o)
                0x08013ffc                net::phy::Read(unsigned long, unsigned long, unsigned short&)
 .text._ZN3net3phy5WriteEmmt
                0x08014012       0x20 ../lib-network/lib_gd32/libnetwork.a(emac_phy.o)
                0x08014012                net::phy::Write(unsigned long, unsigned long, unsigned short)
 *fill*         0x08014032        0x2 
 .text._ZN3net3phy6ConfigEm
                0x08014034       0xd4 ../lib-network/lib_gd32/libnetwork.a(emac_phy.o)
                0x08014034                net::phy::Config(unsigned long)
 .text._ZN3net4emac10AdjustLinkENS_3phy6StatusE
                0x08014108       0x6c ../lib-network/lib_gd32/libnetwork.a(emac.o)
                0x08014108                net::emac::AdjustLink(net::phy::Status)
 .text._ZN3net3phy8ToStringENS0_4LinkE
                0x08014174       0x18 ../lib-network/lib_gd32/libnetwork.a(to_string.o)
                0x08014174                net::phy::ToString(net::phy::Link)
 .text._ZN3net3phy8ToStringENS0_6DuplexE
                0x0801418c       0x18 ../lib-network/lib_gd32/libnetwork.a(to_string.o)
                0x0801418c                net::phy::ToString(net::phy::Duplex)
 .text._ZN3net3phy8ToStringENS0_5SpeedE
                0x080141a4       0x18 ../lib-network/lib_gd32/libnetwork.a(to_string.o)
                0x080141a4                net::phy::ToString(net::phy::Speed)
 .text._ZN3net3phy23ToStringAutonegotiationEb
                0x080141bc       0x18 ../lib-network/lib_gd32/libnetwork.a(to_string.o)
                0x080141bc                net::phy::ToStringAutonegotiation(bool)
 .text._ZN7network3CrcEPKhj
                0x080141d4       0x40 ../lib-network/lib_gd32/libnetwork.a(network_crc.o)
                0x080141d4                network::Crc(unsigned char const*, unsigned int)
 .text._ZN7Display14ClearEndOfLineEv.isra.0
                0x08014214        0x8 ../lib-displayudf/lib_gd32/libdisplayudf.a(displayudf.o)
 .text._ZN7Display5WriteEmPKc.isra.0
                0x0801421c       0x22 ../lib-displayudf/lib_gd32/libdisplayudf.a(displayudf.o)
 *fill*         0x0801423e        0x2 
 .text._ZN10DisplayUdf13ShowIpAddressEv
                0x08014240       0x68 ../lib-displayudf/lib_gd32/libdisplayudf.a(displayudf.o)
                0x08014240                DisplayUdf::ShowIpAddress()
 .text._ZN10DisplayUdfC2Ev
                0x080142a8       0x28 ../lib-displayudf/lib_gd32/libdisplayudf.a(displayudf.o)
                0x080142a8                DisplayUdf::DisplayUdf()
                0x080142a8                DisplayUdf::DisplayUdf()
 .text._ZN10DisplayUdf8SetTitleEPKcz
                0x080142d0       0x26 ../lib-displayudf/lib_gd32/libdisplayudf.a(displayudf.o)
                0x080142d0                DisplayUdf::SetTitle(char const*, ...)
 .text._ZN10DisplayUdf3SetEmN10displayudf6LabelsE
                0x080142f6       0x34 ../lib-displayudf/lib_gd32/libdisplayudf.a(displayudf.o)
                0x080142f6                DisplayUdf::Set(unsigned long, displayudf::Labels)
 *fill*         0x0801432a        0x2 
 .text._ZN10DisplayUdf4ShowEv
                0x0801432c       0xf0 ../lib-displayudf/lib_gd32/libdisplayudf.a(displayudf.o)
                0x0801432c                DisplayUdf::Show()
 .text._ZN4json16DisplayUdfParams17SetFlipVerticallyEPKcm
                0x0801441c       0x20 ../lib-displayudf/lib_gd32/libdisplayudf.a(displayudfparams.o)
                0x0801441c                json::DisplayUdfParams::SetFlipVertically(char const*, unsigned long)
 .text._ZN4json16DisplayUdfParamsC2Ev
                0x0801443c       0x20 ../lib-displayudf/lib_gd32/libdisplayudf.a(displayudfparams.o)
                0x0801443c                json::DisplayUdfParams::DisplayUdfParams()
                0x0801443c                json::DisplayUdfParams::DisplayUdfParams()
 .text._ZN4json16DisplayUdfParams5StoreEPKcm
                0x0801445c       0x60 ../lib-displayudf/lib_gd32/libdisplayudf.a(displayudfparams.o)
                0x0801445c                json::DisplayUdfParams::Store(char const*, unsigned long)
 .text._ZN4json16DisplayUdfParams10SetAndShowEv
                0x080144bc       0x78 ../lib-displayudf/lib_gd32/libdisplayudf.a(displayudfparams.o)
                0x080144bc                json::DisplayUdfParams::SetAndShow()
 .text._ZN4json10ParseValueIhEET_PKcm
                0x08014534       0x44 ../lib-displayudf/lib_gd32/libdisplayudf.a(displayudfparams.o)
                0x08014534                unsigned char json::ParseValue<unsigned char>(char const*, unsigned long)
 .text._ZN4json16DisplayUdfParams12SetIntensityEPKcm
                0x08014578       0x18 ../lib-displayudf/lib_gd32/libdisplayudf.a(displayudfparams.o)
                0x08014578                json::DisplayUdfParams::SetIntensity(char const*, unsigned long)
 .text._ZN4json16DisplayUdfParams15SetSleepTimeoutEPKcm
                0x08014590       0x18 ../lib-displayudf/lib_gd32/libdisplayudf.a(displayudfparams.o)
                0x08014590                json::DisplayUdfParams::SetSleepTimeout(char const*, unsigned long)
 .text._ZN4json16DisplayUdfParams8SetLabelEPKcmS2_m
                0x080145a8       0x60 ../lib-displayudf/lib_gd32/libdisplayudf.a(displayudfparams.o)
                0x080145a8                json::DisplayUdfParams::SetLabel(char const*, unsigned long, char const*, unsigned long)
 .text._ZN7JsonDoc8KeyProxyaSEm.isra.0
                0x08014608       0x78 ../lib-displayudf/lib_gd32/libdisplayudf.a(json_config_displayudf.o)
 .text._ZN4json6config13GetDisplayUdfEPcm
                0x08014680       0xf0 ../lib-displayudf/lib_gd32/libdisplayudf.a(json_config_displayudf.o)
                0x08014680                json::config::GetDisplayUdf(char*, unsigned long)
 .text._ZN4json6config13SetDisplayUdfEPKcm
                0x08014770       0x20 ../lib-displayudf/lib_gd32/libdisplayudf.a(json_config_displayudf.o)
                0x08014770                json::config::SetDisplayUdf(char const*, unsigned long)
 .text._ZN7Display14ClearEndOfLineEv.isra.0
                0x08014790        0x8 ../lib-displayudf/lib_gd32/libdisplayudf.a(network_display.o)
 .text._ZN7Display5WriteEmPKc.isra.0
                0x08014798       0x22 ../lib-displayudf/lib_gd32/libdisplayudf.a(network_display.o)
 *fill*         0x080147ba        0x2 
 .text._ZN10DisplayUdf14ShowEmacStatusEb
                0x080147bc       0x30 ../lib-displayudf/lib_gd32/libdisplayudf.a(network_display.o)
                0x080147bc                DisplayUdf::ShowEmacStatus(bool)
 .text._ZN3net4emac7display6ConfigEv
                0x080147ec       0x24 ../lib-displayudf/lib_gd32/libdisplayudf.a(network_display.o)
                0x080147ec                net::emac::display::Config()
 .text._ZN3net4emac7display5StartEv
                0x08014810       0x24 ../lib-displayudf/lib_gd32/libdisplayudf.a(network_display.o)
                0x08014810                net::emac::display::Start()
 .text._ZN3net4emac7display6StatusEb
                0x08014834       0x14 ../lib-displayudf/lib_gd32/libdisplayudf.a(network_display.o)
                0x08014834                net::emac::display::Status(bool)
 .text._ZN7network7display8HostnameEv
                0x08014848       0x28 ../lib-displayudf/lib_gd32/libdisplayudf.a(network_display.o)
                0x08014848                network::display::Hostname()
 .text._ZN7network5event6LinkUpEv
                0x08014870       0x10 ../lib-displayudf/lib_gd32/libdisplayudf.a(network_display.o)
                0x08014870                network::event::LinkUp()
 .text._ZN7network5event8LinkDownEv
                0x08014880       0x14 ../lib-displayudf/lib_gd32/libdisplayudf.a(network_display.o)
                0x08014880                network::event::LinkDown()
 .text._ZN7network5event18Ipv4AddressChangedEv
                0x08014894        0x4 ../lib-displayudf/lib_gd32/libdisplayudf.a(network_display.o)
                0x08014894                network::event::Ipv4AddressChanged()
 .text._ZN7network5event18Ipv4NetmaskChangedEv
                0x08014898       0x44 ../lib-displayudf/lib_gd32/libdisplayudf.a(network_display.o)
                0x08014898                network::event::Ipv4NetmaskChanged()
 .text._ZN7network5event18Ipv4GatewayChangedEv
                0x080148dc       0x40 ../lib-displayudf/lib_gd32/libdisplayudf.a(network_display.o)
                0x080148dc                network::event::Ipv4GatewayChanged()
 .text._ZN7Display9PrintInfoEv.isra.0
                0x0801491c       0x14 ../lib-display/lib_gd32/libdisplay.a(display.o)
 .text._ZN7display7timeoutL8GpioInitEv
                0x08014930       0x34 ../lib-display/lib_gd32/libdisplay.a(display.o)
 .text._ZN7Display6DetectEN7display4TypeE