../lib-configstore/include/configstore.h:523:10:void ConfigStore::SetStatusChanged()	8	static
../lib-rdm/include/llrp/llrpdevice.h:139:17:static void LLRPDevice::StaticCallbackFunction(const uint8_t*, uint32_t, uint32_t, uint16_t)	0	static
../lib-dmx/include/dmxconfigudp.h:87:21:uint32_t DmxConfigUdp::Atoi(const char*, uint32_t)	12	static
../lib-dmx/include/dmxconfigudp.h:194:10:void DmxConfigUdp::HandleBreak(const uint8_t*, uint32_t)	8	static
../lib-dmx/include/dmxconfigudp.h:228:10:void DmxConfigUdp::HandleRefresh(const uint8_t*, uint32_t)	8	static
../include/string.h:58:14:void* memcpy(void*, const void*, size_t)	0	static
../lib-dmx/include/dmxconfigudp.h:243:10:void DmxConfigUdp::HandleSlots(const uint8_t*, uint32_t)	8	static
../lib-dmx/include/dmxconfigudp.h:211:10:void DmxConfigUdp::HandleMab(const uint8_t*, uint32_t)	8	static
../lib-display/include/i2c/display.h:196:10:void Display::TextStatus(const char*)	32	static
../include/string.h:40:12:int memcmp(const void*, const void*, size_t)	8	static
../lib-dmx/include/dmxconfigudp.h:262:17:static void DmxConfigUdp::StaticCallbackFunction(const uint8_t*, uint32_t, uint32_t, uint16_t)	96	static
../lib-hal/include/utc.h:97:13:bool hal::utc::IsValidOffset(int32_t)	20	static
../lib-configstore/include/configstore.h:61:5:ConfigStore::ConfigStore()	40	static
../lib-configstore/include/configstore.h:578:10:bool ConfigStore::Flash()	24	static
../lib-configstore/include/configstore.h:529:17:static void ConfigStore::Timer(TimerHandle_t)	8	static
../lib-rdm/include/rdmdevice.h:115:10:void RdmDevice::Init()	24	static
../lib-rdm/include/rdmdevice.h:132:10:void RdmDevice::Print()	16	static
firmware/main.cpp:52:6:void hal::RebootHandler()	8	static
firmware/main.cpp:59:5:int main()	2392	static
firmware/main.cpp:136:1:cpp)	16	static
