../lib-display/include/i2c/display.h:206:7:void Display::SetCursorPos(uint32_t, uint32_t)	0	static
../lib-display/include/i2c/display.h:103:7:void Display::PutChar(int)	0	static
../lib-network/include/net/dhcp.h:104:13:void net::dhcp_run()	24	static
../lib-display/include/i2c/display.h:138:6:)	56	static
../lib-display/include/i2c/display.h:188:7:void Display::TextStatus(const char*, uint32_t)	32	static
../lib-display/include/i2c/display.h:286:7:void Display::SetSleep(bool)	16	static
../lib-display/include/displayhandler.h:37:6:void hardware::ledblink::display(uint32_t)	16	static
../lib-ws28xx/include/pixeltype.h:100:14:float pixel::pixel_convert_TxH(uint8_t)	0	static
../lib-ws28xx/include/pixelconfiguration.h:245:7:void PixelConfiguration::Print()	24	static
../lib-rdm/include/rdmdeviceresponder.h:69:10:RDMDeviceResponder::~RDMDeviceResponder()	24	static
../lib-rdm/include/rdmnetdevice.h:54:2:RDMNetDevice::~RDMNetDevice()	8	static
../lib-rdm/include/rdmnetdevice.h:54:2:virtual RDMNetDevice::~RDMNetDevice()	8	static
../lib-rdm/include/rdmdeviceresponder.h:69:10:virtual RDMDeviceResponder::~RDMDeviceResponder()	8	static
../lib-rdm/include/rdmnetdevice.h:64:7:void RDMNetDevice::Print()	80	static
firmware/main.cpp:71:6:void Hardware::RebootHandler()	8	static
firmware/main.cpp:76:5:int main()	1168	static
