../lib-configstore/include/configstore.h:529:17:static void ConfigStore::Timer(TimerHandle_t)	24	static
../lib-pixel/include/pixel.h:46:17:uint32_t pixel::GetColour(uint8_t, uint8_t, uint8_t)	0	static
../lib-rdm/include/llrp/llrpdevice.h:139:17:static void LLRPDevice::StaticCallbackFunction(const uint8_t*, uint32_t, uint32_t, uint16_t)	0	static
../lib-pixel/include/pixel.h:66:23:constexpr uint8_t pixel::PixelColours::Blue() const	0	static
../lib-pixel/include/pixel.h:64:23:constexpr uint8_t pixel::PixelColours::Green() const	0	static
../lib-pixel/include/pixel.h:62:23:constexpr uint8_t pixel::PixelColours::Red() const	0	static
../lib-pixeldmx/include/pixeldmxmulti.h:244:10:void PixelDmxMulti::Print()	16	static
../lib-pixeldmx/include/pixeldmxconfiguration.h:75:14:uint32_t PixelDmxConfiguration::GetGroupingCount() const	0	static
../lib-pixeldmx/include/pixeldmxconfiguration.h:72:14:uint32_t PixelDmxConfiguration::GetOutputPorts() const	0	static
../lib-pixel/include/pixelconfiguration.h:77:16:pixel::Map PixelConfiguration::GetMap() const	0	static
../lib-pixel/include/pixelconfiguration.h:73:14:uint32_t PixelConfiguration::GetCount() const	0	static
../lib-pixel/include/pixelconfiguration.h:65:17:pixel::Type PixelConfiguration::GetType() const	0	static
../lib-dmx/include/dmxconfigudp.h:262:17:static void DmxConfigUdp::StaticCallbackFunction(const uint8_t*, uint32_t, uint32_t, uint16_t)	88	static
../lib-dmx/include/dmxconfigudp.h:211:10:void DmxConfigUdp::HandleMab(const uint8_t*, uint32_t)	4	static
../lib-dmx/include/dmxconfigudp.h:194:10:void DmxConfigUdp::HandleBreak(const uint8_t*, uint32_t)	4	static
../lib-dmx/include/dmxconfigudp.h:228:10:void DmxConfigUdp::HandleRefresh(const uint8_t*, uint32_t)	4	static
../lib-dmx/include/dmxconfigudp.h:243:10:void DmxConfigUdp::HandleSlots(const uint8_t*, uint32_t)	4	static
../lib-pixel/include/pixel.h:133:13:void pixel::SetPixelColour(uint32_t, uint32_t)	0	static
../lib-gd32/include/gd32_gpio.h:205:13:void Gd32GpioFsel(uint32_t, uint32_t)	16	static
../lib-gd32/include/gd32_gpio.h:213:13:void Gd32GpioClr(uint32_t)	0	static
../lib-display/include/i2c/display.h:164:9:)	56	static
../lib-display/include/i2c/display.h:196:10:void Display::TextStatus(const char*)	32	static
../lib-pixel/include/pixelconfiguration.h:305:32:static PixelConfiguration& PixelConfiguration::Get()	0	static
../lib-pixeldmx/include/pixeldmxconfiguration.h:170:35:static PixelDmxConfiguration& PixelDmxConfiguration::Get()	0	static
../lib-pixeldmx/include/pixeldmxmulti.h:215:10:void PixelDmxMulti::Blackout(bool)	16	static
../lib-pixeldmx/include/pixeldmxmulti.h:264:27:static PixelDmxMulti& PixelDmxMulti::Get()	0	static
../lib-pixel/include/pixel.h:46:17:uint32_t pixel::GetColour(uint8_t, uint8_t, uint8_t)	0	static
../lib-pixel/include/pixel.h:58:24:constexpr pixel::PixelColours::PixelColours(uint32_t)	0	static
../lib-pixel/include/pixel.h:74:13:void pixel::SetPixelColour(uint32_t, uint32_t, uint32_t)	24	static
../lib-pixel/include/pixel.h:133:13:void pixel::SetPixelColour(uint32_t, uint32_t)	144	static
../lib-pixel/include/pixel.h:143:13:bool pixel::IsUpdating()	0	static
../lib-pixel/include/pixel.h:150:13:void pixel::Update()	0	static
../lib-configstore/include/configstore.h:61:5:ConfigStore::ConfigStore()	48	static
../lib-rdm/include/rdmdevice.h:115:10:void RdmDevice::Init()	32	static
../lib-rdm/include/rdmdevice.h:132:10:void RdmDevice::Print()	16	static
../lib-remoteconfig/include/httpd/httpdhandlerequest.h:49:5:HttpDeamonHandleRequest::HttpDeamonHandleRequest()	4	static
firmware/main.cpp:65:6:void hal::RebootHandler()	8	static
../include/algorithm:51:10:const T& std::min(const T&, const T&) [with T = long unsigned int]	0	static
../lib-pixeldmx/include/pixeldmxmulti.h:66:5:PixelDmxMulti::PixelDmxMulti()	32	static
firmware/main.cpp:73:5:int main()	3600	static
firmware/main.cpp:177:1:cpp)	16	static
